../Core/Src/main.c:124:5:bufsize	24	static
../Core/Src/main.c:131:6:clear_buffer	16	static
../Core/Src/main.c:136:6:send_uart	24	static
../Core/Src/main.c:149:5:main	32	static
../Core/Src/main.c:336:6:SystemClock_Config	88	static
../Core/Src/main.c:384:13:MX_IWDG_Init	8	static
../Core/Src/main.c:412:13:MX_SPI1_Init	8	static
../Core/Src/main.c:450:13:MX_TIM3_Init	32	static
../Core/Src/main.c:495:13:MX_USART2_UART_Init	8	static
../Core/Src/main.c:528:13:MX_GPIO_Init	48	static
../Core/Src/main.c:568:6:Error_Handler	4	static,ignoring_inline_asm
