../Middlewares/ST/rfal/Src/rfal_st25xv.c:102:19:rfalST25xVPollerGenericReadConfiguration	88	static
../Middlewares/ST/rfal/Src/rfal_st25xv.c:132:19:rfalST25xVPollerGenericWriteConfiguration	88	static
../Middlewares/ST/rfal/Src/rfal_st25xv.c:149:19:rfalST25xVPollerGenericReadMessageLength	96	static
../Middlewares/ST/rfal/Src/rfal_st25xv.c:176:19:rfalST25xVPollerGenericReadMessage	48	static
../Middlewares/ST/rfal/Src/rfal_st25xv.c:191:19:rfalST25xVPollerGenericWriteMessage	88	static
../Middlewares/ST/rfal/Src/rfal_st25xv.c:278:12:rfalST25xVPollerM24LRReadSingleBlock	56	static
../Middlewares/ST/rfal/Src/rfal_st25xv.c:293:12:rfalST25xVPollerM24LRWriteSingleBlock	128	static
../Middlewares/ST/rfal/Src/rfal_st25xv.c:318:12:rfalST25xVPollerM24LRReadMultipleBlocks	48	static
../Middlewares/ST/rfal/Src/rfal_st25xv.c:334:12:rfalST25xVPollerFastReadSingleBlock	56	static
../Middlewares/ST/rfal/Src/rfal_st25xv.c:344:12:rfalST25xVPollerM24LRFastReadSingleBlock	56	static
../Middlewares/ST/rfal/Src/rfal_st25xv.c:359:12:rfalST25xVPollerM24LRFastReadMultipleBlocks	48	static
../Middlewares/ST/rfal/Src/rfal_st25xv.c:375:12:rfalST25xVPollerFastReadMultipleBlocks	48	static
../Middlewares/ST/rfal/Src/rfal_st25xv.c:390:12:rfalST25xVPollerFastExtendedReadSingleBlock	56	static
../Middlewares/ST/rfal/Src/rfal_st25xv.c:405:12:rfalST25xVPollerFastExtReadMultipleBlocks	56	static
../Middlewares/ST/rfal/Src/rfal_st25xv.c:422:12:rfalST25xVPollerReadConfiguration	32	static
../Middlewares/ST/rfal/Src/rfal_st25xv.c:428:12:rfalST25xVPollerWriteConfiguration	24	static
../Middlewares/ST/rfal/Src/rfal_st25xv.c:434:12:rfalST25xVPollerReadDynamicConfiguration	32	static
../Middlewares/ST/rfal/Src/rfal_st25xv.c:440:12:rfalST25xVPollerWriteDynamicConfiguration	24	static
../Middlewares/ST/rfal/Src/rfal_st25xv.c:446:12:rfalST25xVPollerFastReadDynamicConfiguration	32	static
../Middlewares/ST/rfal/Src/rfal_st25xv.c:452:12:rfalST25xVPollerFastWriteDynamicConfiguration	24	static
../Middlewares/ST/rfal/Src/rfal_st25xv.c:458:12:rfalST25xVPollerPresentPassword	104	static
../Middlewares/ST/rfal/Src/rfal_st25xv.c:483:12:rfalST25xVPollerGetRandomNumber	48	static
../Middlewares/ST/rfal/Src/rfal_st25xv.c:494:12:rfalST25xVPollerWriteMessage	40	static
../Middlewares/ST/rfal/Src/rfal_st25xv.c:500:12:rfalST25xVPollerFastWriteMessage	40	static
../Middlewares/ST/rfal/Src/rfal_st25xv.c:506:12:rfalST25xVPollerReadMessageLength	24	static
../Middlewares/ST/rfal/Src/rfal_st25xv.c:512:12:rfalST25xVPollerFastReadMsgLength	24	static
../Middlewares/ST/rfal/Src/rfal_st25xv.c:518:12:rfalST25xVPollerReadMessage	32	static
../Middlewares/ST/rfal/Src/rfal_st25xv.c:524:12:rfalST25xVPollerFastReadMessage	32	static
