../BlueNRG_MS/App/sample_service.c:93:12:Add_Sample_Service	96	static
../BlueNRG_MS/App/sample_service.c:132:6:Make_Connection	72	static
../BlueNRG_MS/App/sample_service.c:179:6:startReadTXCharHandle	40	static
../BlueNRG_MS/App/sample_service.c:196:6:startReadRXCharHandle	40	static
../BlueNRG_MS/App/sample_service.c:215:6:receiveData	32	static
../BlueNRG_MS/App/sample_service.c:238:6:modem_at_cmd2	32	static
../BlueNRG_MS/App/sample_service.c:276:6:sendData	24	static
../BlueNRG_MS/App/sample_service.c:291:6:enableNotification	16	static
../BlueNRG_MS/App/sample_service.c:311:6:Attribute_Modified_CB	16	static
../BlueNRG_MS/App/sample_service.c:327:6:GAP_ConnectionComplete_CB	24	static
../BlueNRG_MS/App/sample_service.c:344:6:GAP_DisconnectionComplete_CB	8	static
../BlueNRG_MS/App/sample_service.c:365:6:GATT_Notification_CB	16	static
../BlueNRG_MS/App/sample_service.c:379:6:user_notify	56	static
