../Middlewares/ST/rfal/Src/rfal_nfcDep.c:487:13:nfcipDxIsSupported	24	static
../Middlewares/ST/rfal/Src/rfal_nfcDep.c:510:19:nfcipTxRx	40	static
../Middlewares/ST/rfal/Src/rfal_nfcDep.c:549:19:nfcipDEPControlMsg	56	static
../Middlewares/ST/rfal/Src/rfal_nfcDep.c:574:13:nfcipClearCounters	4	static
../Middlewares/ST/rfal/Src/rfal_nfcDep.c:584:19:nfcipInitiatorHandleDEP	32	static
../Middlewares/ST/rfal/Src/rfal_nfcDep.c:958:19:nfcipTargetHandleRX	56	static
../Middlewares/ST/rfal/Src/rfal_nfcDep.c:1364:19:nfcipTx	40	static
../Middlewares/ST/rfal/Src/rfal_nfcDep.c:1534:13:nfcipConfig	16	static
../Middlewares/ST/rfal/Src/rfal_nfcDep.c:1552:19:nfcipRun	40	static
../Middlewares/ST/rfal/Src/rfal_nfcDep.c:1692:6:rfalNfcDepSetDeactivatingCallback	16	static
../Middlewares/ST/rfal/Src/rfal_nfcDep.c:1699:6:rfalNfcDepInitialize	8	static
../Middlewares/ST/rfal/Src/rfal_nfcDep.c:1742:13:nfcipSetDEPParams	16	static
../Middlewares/ST/rfal/Src/rfal_nfcDep.c:1797:6:rfalNfcDepTargetRcvdATR	4	static
../Middlewares/ST/rfal/Src/rfal_nfcDep.c:1804:6:rfalNfcDepIsAtrReq	32	static
../Middlewares/ST/rfal/Src/rfal_nfcDep.c:1836:19:nfcipTargetHandleActivation	40	static
../Middlewares/ST/rfal/Src/rfal_nfcDep.c:1958:12:rfalNfcDepATR	264	static
../Middlewares/ST/rfal/Src/rfal_nfcDep.c:2042:12:rfalNfcDepPSL	56	static
../Middlewares/ST/rfal/Src/rfal_nfcDep.c:2092:12:rfalNfcDepDSL	48	static
../Middlewares/ST/rfal/Src/rfal_nfcDep.c:2139:12:rfalNfcDepRLS	48	static
../Middlewares/ST/rfal/Src/rfal_nfcDep.c:2186:12:rfalNfcDepInitiatorHandleActivation	32	static
../Middlewares/ST/rfal/Src/rfal_nfcDep.c:2329:10:rfalNfcDepCalculateRWT	24	static
../Middlewares/ST/rfal/Src/rfal_nfcDep.c:2341:19:nfcipDataTx	48	static
../Middlewares/ST/rfal/Src/rfal_nfcDep.c:2348:19:nfcipDataRx	24	static
../Middlewares/ST/rfal/Src/rfal_nfcDep.c:2385:12:rfalNfcDepListenStartActivation	120	static
../Middlewares/ST/rfal/Src/rfal_nfcDep.c:2476:12:rfalNfcDepListenGetActivationStatus	32	static
../Middlewares/ST/rfal/Src/rfal_nfcDep.c:2521:12:rfalNfcDepStartTransceive	48	static
../Middlewares/ST/rfal/Src/rfal_nfcDep.c:2547:12:rfalNfcDepGetTransceiveStatus	8	static
../Middlewares/ST/rfal/Src/rfal_nfcDep.c:2567:14:rfalNfcDepPdu2BLockParam	16	static
../Middlewares/ST/rfal/Src/rfal_nfcDep.c:2603:12:rfalNfcDepStartPduTransceive	80	static
../Middlewares/ST/rfal/Src/rfal_nfcDep.c:2620:12:rfalNfcDepGetPduTransceiveStatus	88	static
