../Core/Src/main.c:108:5:main	32	static
../Core/Src/main.c:205:6:SystemClock_Config	88	static
../Core/Src/main.c:260:13:MX_ADC3_Init	24	static
../Core/Src/main.c:312:13:MX_I2C1_Init	8	static
../Core/Src/main.c:346:13:MX_I2C2_Init	8	static
../Core/Src/main.c:380:13:MX_I2S2_Init	8	static
../Core/Src/main.c:414:13:MX_RTC_Init	32	static
../Core/Src/main.c:477:13:MX_SPI4_Init	8	static
../Core/Src/main.c:515:13:MX_TIM3_Init	64	static
../Core/Src/main.c:578:13:MX_UART5_Init	8	static
../Core/Src/main.c:611:13:MX_USART2_UART_Init	8	static
../Core/Src/main.c:642:13:MX_DMA_Init	16	static
../Core/Src/main.c:679:13:MX_GPIO_Init	64	static
../Core/Src/main.c:776:6:Error_Handler	4	static,ignoring_inline_asm
