../Middlewares/ST/BlueNRG-MS/hci/controller/bluenrg_gatt_aci.c:30:12:aci_gatt_init	40	static
../Middlewares/ST/BlueNRG-MS/hci/controller/bluenrg_gatt_aci.c:47:12:aci_gatt_add_serv	72	static
../Middlewares/ST/BlueNRG-MS/hci/controller/bluenrg_gatt_aci.c:96:12:aci_gatt_include_service	80	static
../Middlewares/ST/BlueNRG-MS/hci/controller/bluenrg_gatt_aci.c:152:12:aci_gatt_add_char	80	static
../Middlewares/ST/BlueNRG-MS/hci/controller/bluenrg_gatt_aci.c:225:12:aci_gatt_add_char_desc	184	static
../Middlewares/ST/BlueNRG-MS/hci/controller/bluenrg_gatt_aci.c:315:12:aci_gatt_update_char_value	184	static
../Middlewares/ST/BlueNRG-MS/hci/controller/bluenrg_gatt_aci.c:364:12:aci_gatt_del_char	48	static
../Middlewares/ST/BlueNRG-MS/hci/controller/bluenrg_gatt_aci.c:387:12:aci_gatt_del_service	48	static
../Middlewares/ST/BlueNRG-MS/hci/controller/bluenrg_gatt_aci.c:409:12:aci_gatt_del_include_service	48	static
../Middlewares/ST/BlueNRG-MS/hci/controller/bluenrg_gatt_aci.c:432:12:aci_gatt_set_event_mask	48	static
../Middlewares/ST/BlueNRG-MS/hci/controller/bluenrg_gatt_aci.c:454:12:aci_gatt_exchange_configuration	48	static
../Middlewares/ST/BlueNRG-MS/hci/controller/bluenrg_gatt_aci.c:477:12:aci_att_find_information_req	48	static
../Middlewares/ST/BlueNRG-MS/hci/controller/bluenrg_gatt_aci.c:501:12:aci_att_find_by_type_value_req	80	static
../Middlewares/ST/BlueNRG-MS/hci/controller/bluenrg_gatt_aci.c:532:12:aci_att_read_by_type_req	80	static
../Middlewares/ST/BlueNRG-MS/hci/controller/bluenrg_gatt_aci.c:567:12:aci_att_read_by_group_type_req	80	static
../Middlewares/ST/BlueNRG-MS/hci/controller/bluenrg_gatt_aci.c:602:12:aci_att_prepare_write_req	80	static
../Middlewares/ST/BlueNRG-MS/hci/controller/bluenrg_gatt_aci.c:632:12:aci_att_execute_write_req	48	static
../Middlewares/ST/BlueNRG-MS/hci/controller/bluenrg_gatt_aci.c:655:12:aci_gatt_disc_all_prim_services	48	static
../Middlewares/ST/BlueNRG-MS/hci/controller/bluenrg_gatt_aci.c:678:12:aci_gatt_disc_prim_service_by_uuid	64	static
../Middlewares/ST/BlueNRG-MS/hci/controller/bluenrg_gatt_aci.c:711:12:aci_gatt_find_included_services	48	static
../Middlewares/ST/BlueNRG-MS/hci/controller/bluenrg_gatt_aci.c:737:12:aci_gatt_disc_all_charac_of_serv	48	static
../Middlewares/ST/BlueNRG-MS/hci/controller/bluenrg_gatt_aci.c:763:12:aci_gatt_disc_charac_by_uuid	80	static
../Middlewares/ST/BlueNRG-MS/hci/controller/bluenrg_gatt_aci.c:813:12:aci_gatt_disc_all_charac_descriptors	48	static
../Middlewares/ST/BlueNRG-MS/hci/controller/bluenrg_gatt_aci.c:839:12:aci_gatt_read_charac_val	48	static
../Middlewares/ST/BlueNRG-MS/hci/controller/bluenrg_gatt_aci.c:863:12:aci_gatt_read_using_charac_uuid	80	static
../Middlewares/ST/BlueNRG-MS/hci/controller/bluenrg_gatt_aci.c:898:12:aci_gatt_read_long_charac_val	48	static
../Middlewares/ST/BlueNRG-MS/hci/controller/bluenrg_gatt_aci.c:924:12:aci_gatt_read_multiple_charac_val	176	static
../Middlewares/ST/BlueNRG-MS/hci/controller/bluenrg_gatt_aci.c:955:12:aci_gatt_write_charac_value	184	static
../Middlewares/ST/BlueNRG-MS/hci/controller/bluenrg_gatt_aci.c:995:12:aci_gatt_write_long_charac_val	184	static
../Middlewares/ST/BlueNRG-MS/hci/controller/bluenrg_gatt_aci.c:1026:12:aci_gatt_write_charac_reliable	184	static
../Middlewares/ST/BlueNRG-MS/hci/controller/bluenrg_gatt_aci.c:1057:12:aci_gatt_write_long_charac_desc	184	static
../Middlewares/ST/BlueNRG-MS/hci/controller/bluenrg_gatt_aci.c:1088:12:aci_gatt_read_long_charac_desc	48	static
../Middlewares/ST/BlueNRG-MS/hci/controller/bluenrg_gatt_aci.c:1114:12:aci_gatt_write_charac_descriptor	184	static
../Middlewares/ST/BlueNRG-MS/hci/controller/bluenrg_gatt_aci.c:1154:12:aci_gatt_read_charac_desc	48	static
../Middlewares/ST/BlueNRG-MS/hci/controller/bluenrg_gatt_aci.c:1178:12:aci_gatt_write_without_response	80	static
../Middlewares/ST/BlueNRG-MS/hci/controller/bluenrg_gatt_aci.c:1207:12:aci_gatt_signed_write_without_resp	64	static
../Middlewares/ST/BlueNRG-MS/hci/controller/bluenrg_gatt_aci.c:1236:12:aci_gatt_confirm_indication	48	static
../Middlewares/ST/BlueNRG-MS/hci/controller/bluenrg_gatt_aci.c:1258:12:aci_gatt_write_response	184	static
../Middlewares/ST/BlueNRG-MS/hci/controller/bluenrg_gatt_aci.c:1311:12:aci_gatt_allow_read	48	static
../Middlewares/ST/BlueNRG-MS/hci/controller/bluenrg_gatt_aci.c:1333:12:aci_gatt_set_security_permission	56	static
../Middlewares/ST/BlueNRG-MS/hci/controller/bluenrg_gatt_aci.c:1358:12:aci_gatt_set_desc_value	184	static
../Middlewares/ST/BlueNRG-MS/hci/controller/bluenrg_gatt_aci.c:1408:12:aci_gatt_read_handle_value	184	static
../Middlewares/ST/BlueNRG-MS/hci/controller/bluenrg_gatt_aci.c:1440:12:aci_gatt_read_handle_value_offset_IDB05A1	184	static
../Middlewares/ST/BlueNRG-MS/hci/controller/bluenrg_gatt_aci.c:1473:12:aci_gatt_update_char_value_ext_IDB05A1	184	static
