../Drivers/BSP/Components/iis3dwb/iis3dwb_reg.c:48:9:iis3dwb_read_reg	40	static
../Drivers/BSP/Components/iis3dwb/iis3dwb_reg.c:69:9:iis3dwb_write_reg	40	static
../Drivers/BSP/Components/iis3dwb/iis3dwb_reg.c:92:13:bytecpy	16	static
../Drivers/BSP/Components/iis3dwb/iis3dwb_reg.c:112:9:iis3dwb_from_fs2g_to_mg	16	static
../Drivers/BSP/Components/iis3dwb/iis3dwb_reg.c:117:9:iis3dwb_from_fs4g_to_mg	16	static
../Drivers/BSP/Components/iis3dwb/iis3dwb_reg.c:122:9:iis3dwb_from_fs8g_to_mg	16	static
../Drivers/BSP/Components/iis3dwb/iis3dwb_reg.c:127:9:iis3dwb_from_fs16g_to_mg	16	static
../Drivers/BSP/Components/iis3dwb/iis3dwb_reg.c:132:9:iis3dwb_from_lsb_to_celsius	16	static
../Drivers/BSP/Components/iis3dwb/iis3dwb_reg.c:137:9:iis3dwb_from_lsb_to_nsec	16	static
../Drivers/BSP/Components/iis3dwb/iis3dwb_reg.c:163:9:iis3dwb_xl_full_scale_set	24	static
../Drivers/BSP/Components/iis3dwb/iis3dwb_reg.c:189:9:iis3dwb_xl_full_scale_get	24	static
../Drivers/BSP/Components/iis3dwb/iis3dwb_reg.c:231:9:iis3dwb_xl_data_rate_set	24	static
../Drivers/BSP/Components/iis3dwb/iis3dwb_reg.c:257:9:iis3dwb_xl_data_rate_get	24	static
../Drivers/BSP/Components/iis3dwb/iis3dwb_reg.c:291:9:iis3dwb_block_data_update_set	24	static
../Drivers/BSP/Components/iis3dwb/iis3dwb_reg.c:315:9:iis3dwb_block_data_update_get	24	static
../Drivers/BSP/Components/iis3dwb/iis3dwb_reg.c:335:9:iis3dwb_xl_offset_weight_set	24	static
../Drivers/BSP/Components/iis3dwb/iis3dwb_reg.c:361:9:iis3dwb_xl_offset_weight_get	24	static
../Drivers/BSP/Components/iis3dwb/iis3dwb_reg.c:396:9:iis3dwb_xl_axis_selection_set	32	static
../Drivers/BSP/Components/iis3dwb/iis3dwb_reg.c:434:9:iis3dwb_xl_axis_selection_get	32	static
../Drivers/BSP/Components/iis3dwb/iis3dwb_reg.c:495:9:iis3dwb_all_sources_get	24	static
../Drivers/BSP/Components/iis3dwb/iis3dwb_reg.c:526:9:iis3dwb_status_reg_get	24	static
../Drivers/BSP/Components/iis3dwb/iis3dwb_reg.c:544:9:iis3dwb_xl_flag_data_ready_get	24	static
../Drivers/BSP/Components/iis3dwb/iis3dwb_reg.c:565:9:iis3dwb_temp_flag_data_ready_get	24	static
../Drivers/BSP/Components/iis3dwb/iis3dwb_reg.c:588:9:iis3dwb_xl_usr_offset_x_set	24	static
../Drivers/BSP/Components/iis3dwb/iis3dwb_reg.c:607:9:iis3dwb_xl_usr_offset_x_get	24	static
../Drivers/BSP/Components/iis3dwb/iis3dwb_reg.c:626:9:iis3dwb_xl_usr_offset_y_set	24	static
../Drivers/BSP/Components/iis3dwb/iis3dwb_reg.c:645:9:iis3dwb_xl_usr_offset_y_get	24	static
../Drivers/BSP/Components/iis3dwb/iis3dwb_reg.c:664:9:iis3dwb_xl_usr_offset_z_set	24	static
../Drivers/BSP/Components/iis3dwb/iis3dwb_reg.c:683:9:iis3dwb_xl_usr_offset_z_get	24	static
../Drivers/BSP/Components/iis3dwb/iis3dwb_reg.c:712:9:iis3dwb_timestamp_rst	24	static
../Drivers/BSP/Components/iis3dwb/iis3dwb_reg.c:726:9:iis3dwb_timestamp_set	24	static
../Drivers/BSP/Components/iis3dwb/iis3dwb_reg.c:751:9:iis3dwb_timestamp_get	24	static
../Drivers/BSP/Components/iis3dwb/iis3dwb_reg.c:772:9:iis3dwb_timestamp_raw_get	24	static
../Drivers/BSP/Components/iis3dwb/iis3dwb_reg.c:806:9:iis3dwb_rounding_mode_set	24	static
../Drivers/BSP/Components/iis3dwb/iis3dwb_reg.c:831:9:iis3dwb_rounding_mode_get	24	static
../Drivers/BSP/Components/iis3dwb/iis3dwb_reg.c:867:9:iis3dwb_temperature_raw_get	24	static
../Drivers/BSP/Components/iis3dwb/iis3dwb_reg.c:888:9:iis3dwb_acceleration_raw_get	32	static
../Drivers/BSP/Components/iis3dwb/iis3dwb_reg.c:912:9:iis3dwb_fifo_out_raw_get	24	static
../Drivers/BSP/Components/iis3dwb/iis3dwb_reg.c:930:9:iis3dwb_fifo_out_multi_raw_get	32	static
../Drivers/BSP/Components/iis3dwb/iis3dwb_reg.c:952:9:iis3dwb_fifo_sensor_tag_get	24	static
../Drivers/BSP/Components/iis3dwb/iis3dwb_reg.c:1005:9:iis3dwb_odr_cal_reg_set	24	static
../Drivers/BSP/Components/iis3dwb/iis3dwb_reg.c:1033:9:iis3dwb_odr_cal_reg_get	24	static
../Drivers/BSP/Components/iis3dwb/iis3dwb_reg.c:1054:9:iis3dwb_data_ready_mode_set	24	static
../Drivers/BSP/Components/iis3dwb/iis3dwb_reg.c:1082:9:iis3dwb_data_ready_mode_get	24	static
../Drivers/BSP/Components/iis3dwb/iis3dwb_reg.c:1117:9:iis3dwb_device_id_get	24	static
../Drivers/BSP/Components/iis3dwb/iis3dwb_reg.c:1134:9:iis3dwb_reset_set	24	static
../Drivers/BSP/Components/iis3dwb/iis3dwb_reg.c:1158:9:iis3dwb_reset_get	24	static
../Drivers/BSP/Components/iis3dwb/iis3dwb_reg.c:1178:9:iis3dwb_auto_increment_set	24	static
../Drivers/BSP/Components/iis3dwb/iis3dwb_reg.c:1203:9:iis3dwb_auto_increment_get	24	static
../Drivers/BSP/Components/iis3dwb/iis3dwb_reg.c:1222:9:iis3dwb_boot_set	24	static
../Drivers/BSP/Components/iis3dwb/iis3dwb_reg.c:1246:9:iis3dwb_boot_get	24	static
../Drivers/BSP/Components/iis3dwb/iis3dwb_reg.c:1267:9:iis3dwb_xl_self_test_set	24	static
../Drivers/BSP/Components/iis3dwb/iis3dwb_reg.c:1292:9:iis3dwb_xl_self_test_get	24	static
../Drivers/BSP/Components/iis3dwb/iis3dwb_reg.c:1346:9:iis3dwb_filter_settling_mask_set	24	static
../Drivers/BSP/Components/iis3dwb/iis3dwb_reg.c:1372:9:iis3dwb_filter_settling_mask_get	24	static
../Drivers/BSP/Components/iis3dwb/iis3dwb_reg.c:1392:9:iis3dwb_xl_filt_path_on_out_set	32	static
../Drivers/BSP/Components/iis3dwb/iis3dwb_reg.c:1431:9:iis3dwb_xl_filt_path_on_out_get	32	static
../Drivers/BSP/Components/iis3dwb/iis3dwb_reg.c:1534:9:iis3dwb_xl_fast_settling_set	24	static
../Drivers/BSP/Components/iis3dwb/iis3dwb_reg.c:1561:9:iis3dwb_xl_fast_settling_get	24	static
../Drivers/BSP/Components/iis3dwb/iis3dwb_reg.c:1581:9:iis3dwb_xl_hp_path_internal_set	24	static
../Drivers/BSP/Components/iis3dwb/iis3dwb_reg.c:1608:9:iis3dwb_xl_hp_path_internal_get	24	static
../Drivers/BSP/Components/iis3dwb/iis3dwb_reg.c:1655:9:iis3dwb_sdo_sa0_mode_set	24	static
../Drivers/BSP/Components/iis3dwb/iis3dwb_reg.c:1680:9:iis3dwb_sdo_sa0_mode_get	24	static
../Drivers/BSP/Components/iis3dwb/iis3dwb_reg.c:1714:9:iis3dwb_spi_mode_set	24	static
../Drivers/BSP/Components/iis3dwb/iis3dwb_reg.c:1738:9:iis3dwb_spi_mode_get	24	static
../Drivers/BSP/Components/iis3dwb/iis3dwb_reg.c:1771:9:iis3dwb_i2c_interface_set	24	static
../Drivers/BSP/Components/iis3dwb/iis3dwb_reg.c:1796:9:iis3dwb_i2c_interface_get	24	static
../Drivers/BSP/Components/iis3dwb/iis3dwb_reg.c:1843:9:iis3dwb_pin_int1_route_set	32	static
../Drivers/BSP/Components/iis3dwb/iis3dwb_reg.c:1899:9:iis3dwb_pin_int1_route_get	32	static
../Drivers/BSP/Components/iis3dwb/iis3dwb_reg.c:1949:9:iis3dwb_pin_int2_route_set	32	static
../Drivers/BSP/Components/iis3dwb/iis3dwb_reg.c:2006:9:iis3dwb_pin_int2_route_get	32	static
../Drivers/BSP/Components/iis3dwb/iis3dwb_reg.c:2057:9:iis3dwb_pin_mode_set	24	static
../Drivers/BSP/Components/iis3dwb/iis3dwb_reg.c:2081:9:iis3dwb_pin_mode_get	24	static
../Drivers/BSP/Components/iis3dwb/iis3dwb_reg.c:2114:9:iis3dwb_pin_polarity_set	24	static
../Drivers/BSP/Components/iis3dwb/iis3dwb_reg.c:2139:9:iis3dwb_pin_polarity_get	24	static
../Drivers/BSP/Components/iis3dwb/iis3dwb_reg.c:2173:9:iis3dwb_all_on_int1_set	24	static
../Drivers/BSP/Components/iis3dwb/iis3dwb_reg.c:2197:9:iis3dwb_all_on_int1_get	24	static
../Drivers/BSP/Components/iis3dwb/iis3dwb_reg.c:2216:9:iis3dwb_int_notification_set	24	static
../Drivers/BSP/Components/iis3dwb/iis3dwb_reg.c:2241:9:iis3dwb_int_notification_get	24	static
../Drivers/BSP/Components/iis3dwb/iis3dwb_reg.c:2290:9:iis3dwb_wkup_ths_weight_set	24	static
../Drivers/BSP/Components/iis3dwb/iis3dwb_reg.c:2319:9:iis3dwb_wkup_ths_weight_get	24	static
../Drivers/BSP/Components/iis3dwb/iis3dwb_reg.c:2356:9:iis3dwb_wkup_threshold_set	32	static
../Drivers/BSP/Components/iis3dwb/iis3dwb_reg.c:2397:9:iis3dwb_wkup_threshold_get	24	static
../Drivers/BSP/Components/iis3dwb/iis3dwb_reg.c:2417:9:iis3dwb_xl_usr_offset_on_wkup_set	24	static
../Drivers/BSP/Components/iis3dwb/iis3dwb_reg.c:2444:9:iis3dwb_xl_usr_offset_on_wkup_get	24	static
../Drivers/BSP/Components/iis3dwb/iis3dwb_reg.c:2465:9:iis3dwb_wkup_dur_set	24	static
../Drivers/BSP/Components/iis3dwb/iis3dwb_reg.c:2491:9:iis3dwb_wkup_dur_get	24	static
../Drivers/BSP/Components/iis3dwb/iis3dwb_reg.c:2524:9:iis3dwb_act_sleep_dur_set	24	static
../Drivers/BSP/Components/iis3dwb/iis3dwb_reg.c:2550:9:iis3dwb_act_sleep_dur_get	24	static
../Drivers/BSP/Components/iis3dwb/iis3dwb_reg.c:2583:9:iis3dwb_fifo_watermark_set	32	static
../Drivers/BSP/Components/iis3dwb/iis3dwb_reg.c:2617:9:iis3dwb_fifo_watermark_get	32	static
../Drivers/BSP/Components/iis3dwb/iis3dwb_reg.c:2648:9:iis3dwb_fifo_stop_on_wtm_set	24	static
../Drivers/BSP/Components/iis3dwb/iis3dwb_reg.c:2675:9:iis3dwb_fifo_stop_on_wtm_get	24	static
../Drivers/BSP/Components/iis3dwb/iis3dwb_reg.c:2696:9:iis3dwb_fifo_xl_batch_set	24	static
../Drivers/BSP/Components/iis3dwb/iis3dwb_reg.c:2724:9:iis3dwb_fifo_xl_batch_get	24	static
../Drivers/BSP/Components/iis3dwb/iis3dwb_reg.c:2759:9:iis3dwb_fifo_mode_set	24	static
../Drivers/BSP/Components/iis3dwb/iis3dwb_reg.c:2786:9:iis3dwb_fifo_mode_get	24	static
../Drivers/BSP/Components/iis3dwb/iis3dwb_reg.c:2838:9:iis3dwb_fifo_temp_batch_set	24	static
../Drivers/BSP/Components/iis3dwb/iis3dwb_reg.c:2866:9:iis3dwb_fifo_temp_batch_get	24	static
../Drivers/BSP/Components/iis3dwb/iis3dwb_reg.c:2903:9:iis3dwb_fifo_timestamp_batch_set	24	static
../Drivers/BSP/Components/iis3dwb/iis3dwb_reg.c:2933:9:iis3dwb_fifo_timestamp_batch_get	24	static
../Drivers/BSP/Components/iis3dwb/iis3dwb_reg.c:2977:9:iis3dwb_rst_batch_counter_set	24	static
../Drivers/BSP/Components/iis3dwb/iis3dwb_reg.c:3004:9:iis3dwb_rst_batch_counter_get	24	static
../Drivers/BSP/Components/iis3dwb/iis3dwb_reg.c:3025:9:iis3dwb_batch_counter_threshold_set	32	static
../Drivers/BSP/Components/iis3dwb/iis3dwb_reg.c:3061:9:iis3dwb_batch_counter_threshold_get	32	static
../Drivers/BSP/Components/iis3dwb/iis3dwb_reg.c:3092:9:iis3dwb_fifo_data_level_get	32	static
../Drivers/BSP/Components/iis3dwb/iis3dwb_reg.c:3121:9:iis3dwb_fifo_status_get	32	static
