../Core/Src/main.c:102:9:Custom_IIS3DWB_ReadReg_Func	32	static
../Core/Src/main.c:116:9:Custom_IIS3DWB_WriteReg_Func	32	static
../Core/Src/main.c:133:5:main	32	static
../Core/Src/main.c:233:6:SystemClock_Config	88	static
../Core/Src/main.c:288:13:MX_ADC3_Init	24	static
../Core/Src/main.c:340:13:MX_I2C1_Init	8	static
../Core/Src/main.c:374:13:MX_I2C2_Init	8	static
../Core/Src/main.c:408:13:MX_I2S2_Init	8	static
../Core/Src/main.c:442:13:MX_RTC_Init	32	static
../Core/Src/main.c:505:13:MX_SPI4_Init	8	static
../Core/Src/main.c:543:13:MX_TIM3_Init	64	static
../Core/Src/main.c:606:13:MX_TIM4_Init	32	static
../Core/Src/main.c:651:13:MX_UART5_Init	8	static
../Core/Src/main.c:684:13:MX_USART2_UART_Init	8	static
../Core/Src/main.c:715:13:MX_DMA_Init	16	static
../Core/Src/main.c:752:13:MX_GPIO_Init	64	static
../Core/Src/main.c:849:6:Error_Handler	4	static,ignoring_inline_asm
