../Drivers/BSP/Components/iis3dwb/iis3dwb.c:83:9:IIS3DWB_RegisterBusIO	24	static
../Drivers/BSP/Components/iis3dwb/iis3dwb.c:123:9:IIS3DWB_Init	16	static
../Drivers/BSP/Components/iis3dwb/iis3dwb.c:166:9:IIS3DWB_DeInit	16	static
../Drivers/BSP/Components/iis3dwb/iis3dwb.c:185:9:IIS3DWB_ReadID	16	static
../Drivers/BSP/Components/iis3dwb/iis3dwb.c:201:9:IIS3DWB_GetCapabilities	16	static
../Drivers/BSP/Components/iis3dwb/iis3dwb.c:224:9:IIS3DWB_ACC_Enable	16	static
../Drivers/BSP/Components/iis3dwb/iis3dwb.c:242:9:IIS3DWB_ACC_Disable	16	static
../Drivers/BSP/Components/iis3dwb/iis3dwb.c:267:9:IIS3DWB_ACC_GetSensitivity	24	static
../Drivers/BSP/Components/iis3dwb/iis3dwb.c:311:9:IIS3DWB_ACC_GetOutputDataRate	24	static
../Drivers/BSP/Components/iis3dwb/iis3dwb.c:344:9:IIS3DWB_ACC_SetOutputDataRate	24	static
../Drivers/BSP/Components/iis3dwb/iis3dwb.c:366:9:IIS3DWB_ACC_GetFullScale	24	static
../Drivers/BSP/Components/iis3dwb/iis3dwb.c:410:9:IIS3DWB_ACC_SetFullScale	24	static
../Drivers/BSP/Components/iis3dwb/iis3dwb.c:435:9:IIS3DWB_ACC_GetAxesRaw	32	static
../Drivers/BSP/Components/iis3dwb/iis3dwb.c:460:9:IIS3DWB_ACC_GetAxes	32	static
../Drivers/BSP/Components/iis3dwb/iis3dwb.c:492:9:IIS3DWB_Read_Reg	24	static
../Drivers/BSP/Components/iis3dwb/iis3dwb.c:509:9:IIS3DWB_Write_Reg	16	static
../Drivers/BSP/Components/iis3dwb/iis3dwb.c:524:9:IIS3DWB_ACC_Enable_Wake_Up_Detection	24	static
../Drivers/BSP/Components/iis3dwb/iis3dwb.c:561:9:IIS3DWB_ACC_Disable_Wake_Up_Detection	24	static
../Drivers/BSP/Components/iis3dwb/iis3dwb.c:612:9:IIS3DWB_ACC_Set_Wake_Up_Threshold	16	static
../Drivers/BSP/Components/iis3dwb/iis3dwb.c:629:9:IIS3DWB_ACC_Set_Wake_Up_Duration	16	static
../Drivers/BSP/Components/iis3dwb/iis3dwb.c:647:9:IIS3DWB_ACC_Set_Sleep_Duration	16	static
../Drivers/BSP/Components/iis3dwb/iis3dwb.c:664:9:IIS3DWB_ACC_Get_Event_Status	32	static
../Drivers/BSP/Components/iis3dwb/iis3dwb.c:711:9:IIS3DWB_ACC_Get_DRDY_Status	16	static
../Drivers/BSP/Components/iis3dwb/iis3dwb.c:727:9:IIS3DWB_ACC_Get_Init_Status	16	static
../Drivers/BSP/Components/iis3dwb/iis3dwb.c:745:9:IIS3DWB_Filter_Set	16	static
../Drivers/BSP/Components/iis3dwb/iis3dwb.c:761:9:IIS3DWB_Set_Drdy_Mode	16	static
../Drivers/BSP/Components/iis3dwb/iis3dwb.c:777:9:IIS3DWB_INT1_Set_Drdy	24	static
../Drivers/BSP/Components/iis3dwb/iis3dwb.c:802:9:IIS3DWB_INT1_Set_FIFO_Full	24	static
../Drivers/BSP/Components/iis3dwb/iis3dwb.c:827:9:IIS3DWB_INT2_Set_Drdy	24	static
../Drivers/BSP/Components/iis3dwb/iis3dwb.c:852:9:IIS3DWB_INT2_Set_FIFO_Full	24	static
../Drivers/BSP/Components/iis3dwb/iis3dwb.c:877:9:IIS3DWB_INT2_Set_FIFO_Threshold	24	static
../Drivers/BSP/Components/iis3dwb/iis3dwb.c:902:9:IIS3DWB_INT1_Set_FIFO_Threshold	24	static
../Drivers/BSP/Components/iis3dwb/iis3dwb.c:927:9:IIS3DWB_Reset	16	static
../Drivers/BSP/Components/iis3dwb/iis3dwb.c:938:9:IIS3DWB_FIFO_Set_Watermark_Level	16	static
../Drivers/BSP/Components/iis3dwb/iis3dwb.c:954:9:IIS3DWB_FIFO_Set_Stop_On_Fth	16	static
../Drivers/BSP/Components/iis3dwb/iis3dwb.c:970:9:IIS3DWB_FIFO_Set_BDR	24	static
../Drivers/BSP/Components/iis3dwb/iis3dwb.c:991:9:IIS3DWB_FIFO_Set_TS_Decimation	16	static
../Drivers/BSP/Components/iis3dwb/iis3dwb.c:1008:9:IIS3DWB_FIFO_Set_T_BDR	16	static
../Drivers/BSP/Components/iis3dwb/iis3dwb.c:1025:9:IIS3DWB_FIFO_Read	24	static
../Drivers/BSP/Components/iis3dwb/iis3dwb.c:1041:9:IIS3DWB_FIFO_Set_Mode	24	static
../Drivers/BSP/Components/iis3dwb/iis3dwb.c:1080:9:IIS3DWB_FIFO_Get_Full_Status	24	static
../Drivers/BSP/Components/iis3dwb/iis3dwb.c:1100:9:IIS3DWB_FIFO_Get_Num_Samples	16	static
../Drivers/BSP/Components/iis3dwb/iis3dwb.c:1127:16:ReadRegWrap	40	static
../Drivers/BSP/Components/iis3dwb/iis3dwb.c:1142:16:WriteRegWrap	40	static
