../Drivers/BSP/IKS01A3/iks01a3_env_sensors_ex.c:59:9:IKS01A3_ENV_SENSOR_Get_DRDY_Status	32	static
../Drivers/BSP/IKS01A3/iks01a3_env_sensors_ex.c:462:9:IKS01A3_ENV_SENSOR_Read_Register	32	static
../Drivers/BSP/IKS01A3/iks01a3_env_sensors_ex.c:640:9:IKS01A3_ENV_SENSOR_Write_Register	24	static
../Drivers/BSP/IKS01A3/iks01a3_env_sensors_ex.c:816:9:IKS01A3_ENV_SENSOR_Set_High_Temperature_Threshold	24	static
../Drivers/BSP/IKS01A3/iks01a3_env_sensors_ex.c:849:9:IKS01A3_ENV_SENSOR_Set_Low_Temperature_Threshold	24	static
../Drivers/BSP/IKS01A3/iks01a3_env_sensors_ex.c:884:9:IKS01A3_ENV_SENSOR_Get_Temperature_Limit_Status	32	static
../Drivers/BSP/IKS01A3/iks01a3_env_sensors_ex.c:918:9:IKS01A3_ENV_SENSOR_Set_Event_Pin	24	static
../Drivers/BSP/IKS01A3/iks01a3_env_sensors_ex.c:952:9:IKS01A3_ENV_SENSOR_FIFO_Get_Data	32	static
../Drivers/BSP/IKS01A3/iks01a3_env_sensors_ex.c:1011:9:IKS01A3_ENV_SENSOR_FIFO_Get_Fth_Status	24	static
../Drivers/BSP/IKS01A3/iks01a3_env_sensors_ex.c:1070:9:IKS01A3_ENV_SENSOR_FIFO_Get_Full_Status	24	static
../Drivers/BSP/IKS01A3/iks01a3_env_sensors_ex.c:1129:9:IKS01A3_ENV_SENSOR_FIFO_Get_Num_Samples	24	static
../Drivers/BSP/IKS01A3/iks01a3_env_sensors_ex.c:1188:9:IKS01A3_ENV_SENSOR_FIFO_Get_Ovr_Status	24	static
../Drivers/BSP/IKS01A3/iks01a3_env_sensors_ex.c:1247:9:IKS01A3_ENV_SENSOR_FIFO_Reset_Interrupt	24	static
../Drivers/BSP/IKS01A3/iks01a3_env_sensors_ex.c:1306:9:IKS01A3_ENV_SENSOR_FIFO_Set_Interrupt	24	static
../Drivers/BSP/IKS01A3/iks01a3_env_sensors_ex.c:1365:9:IKS01A3_ENV_SENSOR_FIFO_Set_Mode	24	static
../Drivers/BSP/IKS01A3/iks01a3_env_sensors_ex.c:1424:9:IKS01A3_ENV_SENSOR_FIFO_Set_Watermark_Level	24	static
../Drivers/BSP/IKS01A3/iks01a3_env_sensors_ex.c:1483:9:IKS01A3_ENV_SENSOR_FIFO_Stop_On_Watermark	24	static
../Drivers/BSP/IKS01A3/iks01a3_env_sensors_ex.c:1541:9:IKS01A3_ENV_SENSOR_Set_One_Shot	24	static
../Drivers/BSP/IKS01A3/iks01a3_env_sensors_ex.c:1691:9:IKS01A3_ENV_SENSOR_Get_One_Shot_Status	24	static
