../Core/Src/main.c:127:5:bufsize	24	static
../Core/Src/main.c:134:6:clear_buffer	16	static
../Core/Src/main.c:139:6:send_uart	24	static
../Core/Src/main.c:152:5:main	32	static
../Core/Src/main.c:342:6:SystemClock_Config	88	static
../Core/Src/main.c:390:13:MX_IWDG_Init	8	static
../Core/Src/main.c:418:13:MX_SPI1_Init	8	static
../Core/Src/main.c:456:13:MX_TIM3_Init	32	static
../Core/Src/main.c:501:13:MX_USART2_UART_Init	8	static
../Core/Src/main.c:534:13:MX_GPIO_Init	48	static
../Core/Src/main.c:572:6:stop_acquisizione	8	static
../Core/Src/main.c:590:6:Error_Handler	4	static,ignoring_inline_asm
