../Drivers/BSP/IKS01A3/iks01a3_motion_sensors.c:217:9:IKS01A3_MOTION_SENSOR_Init	136	static
../Drivers/BSP/IKS01A3/iks01a3_motion_sensors.c:1107:9:IKS01A3_MOTION_SENSOR_DeInit	8	static
../Drivers/BSP/IKS01A3/iks01a3_motion_sensors.c:1133:9:IKS01A3_MOTION_SENSOR_GetCapabilities	8	static
../Drivers/BSP/IKS01A3/iks01a3_motion_sensors.c:1159:9:IKS01A3_MOTION_SENSOR_ReadID	8	static
../Drivers/BSP/IKS01A3/iks01a3_motion_sensors.c:1188:9:IKS01A3_MOTION_SENSOR_Enable	8	static
../Drivers/BSP/IKS01A3/iks01a3_motion_sensors.c:1227:9:IKS01A3_MOTION_SENSOR_Disable	8	static
../Drivers/BSP/IKS01A3/iks01a3_motion_sensors.c:1267:9:IKS01A3_MOTION_SENSOR_GetAxes	8	static
../Drivers/BSP/IKS01A3/iks01a3_motion_sensors.c:1307:9:IKS01A3_MOTION_SENSOR_GetAxesRaw	8	static
../Drivers/BSP/IKS01A3/iks01a3_motion_sensors.c:1347:9:IKS01A3_MOTION_SENSOR_GetSensitivity	8	static
../Drivers/BSP/IKS01A3/iks01a3_motion_sensors.c:1388:9:IKS01A3_MOTION_SENSOR_GetOutputDataRate	8	static
../Drivers/BSP/IKS01A3/iks01a3_motion_sensors.c:1428:9:IKS01A3_MOTION_SENSOR_GetFullScale	8	static
../Drivers/BSP/IKS01A3/iks01a3_motion_sensors.c:1469:9:IKS01A3_MOTION_SENSOR_SetOutputDataRate	8	static
../Drivers/BSP/IKS01A3/iks01a3_motion_sensors.c:1509:9:IKS01A3_MOTION_SENSOR_SetFullScale	8	static
