../Drivers/BSP/IKS01A3/iks01a3_env_sensors.c:133:9:IKS01A3_ENV_SENSOR_Init	112	static
../Drivers/BSP/IKS01A3/iks01a3_env_sensors.c:498:9:IKS01A3_ENV_SENSOR_DeInit	8	static
../Drivers/BSP/IKS01A3/iks01a3_env_sensors.c:524:9:IKS01A3_ENV_SENSOR_GetCapabilities	8	static
../Drivers/BSP/IKS01A3/iks01a3_env_sensors.c:550:9:IKS01A3_ENV_SENSOR_ReadID	8	static
../Drivers/BSP/IKS01A3/iks01a3_env_sensors.c:578:9:IKS01A3_ENV_SENSOR_Enable	8	static
../Drivers/BSP/IKS01A3/iks01a3_env_sensors.c:616:9:IKS01A3_ENV_SENSOR_Disable	8	static
../Drivers/BSP/IKS01A3/iks01a3_env_sensors.c:655:9:IKS01A3_ENV_SENSOR_GetOutputDataRate	8	static
../Drivers/BSP/IKS01A3/iks01a3_env_sensors.c:694:9:IKS01A3_ENV_SENSOR_SetOutputDataRate	8	static
../Drivers/BSP/IKS01A3/iks01a3_env_sensors.c:733:9:IKS01A3_ENV_SENSOR_GetValue	8	static
