../Core/Src/stm32f4xx_it.c:61:7:calcolaAngoloInclinazione	16	static
../Core/Src/stm32f4xx_it.c:92:6:NMI_Handler	0	static
../Core/Src/stm32f4xx_it.c:107:6:HardFault_Handler	0	static
../Core/Src/stm32f4xx_it.c:122:6:MemManage_Handler	0	static
../Core/Src/stm32f4xx_it.c:137:6:BusFault_Handler	0	static
../Core/Src/stm32f4xx_it.c:152:6:UsageFault_Handler	0	static
../Core/Src/stm32f4xx_it.c:167:6:SVC_Handler	0	static
../Core/Src/stm32f4xx_it.c:180:6:DebugMon_Handler	0	static
../Core/Src/stm32f4xx_it.c:193:6:PendSV_Handler	0	static
../Core/Src/stm32f4xx_it.c:206:6:SysTick_Handler	8	static
../Core/Src/stm32f4xx_it.c:227:6:EXTI0_IRQHandler	8	static
../Core/Src/stm32f4xx_it.c:241:6:TIM1_UP_TIM10_IRQHandler	8	static
../Core/Src/stm32f4xx_it.c:256:6:TIM3_IRQHandler	8	static
../Core/Src/stm32f4xx_it.c:281:6:EXTI15_10_IRQHandler	8	static
