C:/Users/federico/Documents/Borse di Ricerca/gennaio-dicembre 2023/git/Digimat_NFC_TX2/Core/Src/main.c:67:5:main	8	static
C:/Users/federico/Documents/Borse di Ricerca/gennaio-dicembre 2023/git/Digimat_NFC_TX2/Core/Src/main.c:113:6:SystemClock_Config	88	static
C:/Users/federico/Documents/Borse di Ricerca/gennaio-dicembre 2023/git/Digimat_NFC_TX2/Core/Src/main.c:160:13:MX_USART2_UART_Init	8	static
C:/Users/federico/Documents/Borse di Ricerca/gennaio-dicembre 2023/git/Digimat_NFC_TX2/Core/Src/main.c:193:13:MX_GPIO_Init	48	static
C:/Users/federico/Documents/Borse di Ricerca/gennaio-dicembre 2023/git/Digimat_NFC_TX2/Core/Src/main.c:253:6:Error_Handler	4	static,ignoring_inline_asm
