../Drivers/BSP/Components/lis2dw12/lis2dw12.c:87:9:LIS2DW12_RegisterBusIO	24	static
../Drivers/BSP/Components/lis2dw12/lis2dw12.c:145:9:LIS2DW12_Init	16	static
../Drivers/BSP/Components/lis2dw12/lis2dw12.c:201:9:LIS2DW12_DeInit	16	static
../Drivers/BSP/Components/lis2dw12/lis2dw12.c:227:9:LIS2DW12_ReadID	16	static
../Drivers/BSP/Components/lis2dw12/lis2dw12.c:243:9:LIS2DW12_GetCapabilities	16	static
../Drivers/BSP/Components/lis2dw12/lis2dw12.c:266:9:LIS2DW12_ACC_Enable	16	static
../Drivers/BSP/Components/lis2dw12/lis2dw12.c:291:9:LIS2DW12_ACC_Disable	16	static
../Drivers/BSP/Components/lis2dw12/lis2dw12.c:316:9:LIS2DW12_ACC_GetSensitivity	24	static
../Drivers/BSP/Components/lis2dw12/lis2dw12.c:419:9:LIS2DW12_ACC_GetOutputDataRate	24	static
../Drivers/BSP/Components/lis2dw12/lis2dw12.c:616:9:LIS2DW12_ACC_SetOutputDataRate	16	static
../Drivers/BSP/Components/lis2dw12/lis2dw12.c:630:9:LIS2DW12_ACC_SetOutputDataRate_With_Mode	24	static
../Drivers/BSP/Components/lis2dw12/lis2dw12.c:650:9:LIS2DW12_ACC_GetFullScale	24	static
../Drivers/BSP/Components/lis2dw12/lis2dw12.c:694:9:LIS2DW12_ACC_SetFullScale	24	static
../Drivers/BSP/Components/lis2dw12/lis2dw12.c:719:9:LIS2DW12_ACC_GetAxesRaw	32	static
../Drivers/BSP/Components/lis2dw12/lis2dw12.c:783:9:LIS2DW12_ACC_GetAxes	32	static
../Drivers/BSP/Components/lis2dw12/lis2dw12.c:815:9:LIS2DW12_Read_Reg	24	static
../Drivers/BSP/Components/lis2dw12/lis2dw12.c:832:9:LIS2DW12_Write_Reg	16	static
../Drivers/BSP/Components/lis2dw12/lis2dw12.c:848:9:LIS2DW12_Set_Interrupt_Latch	16	static
../Drivers/BSP/Components/lis2dw12/lis2dw12.c:868:9:LIS2DW12_ACC_Enable_DRDY_Interrupt	24	static
../Drivers/BSP/Components/lis2dw12/lis2dw12.c:895:9:LIS2DW12_ACC_Disable_DRDY_Interrupt	24	static
../Drivers/BSP/Components/lis2dw12/lis2dw12.c:918:9:LIS2DW12_ACC_Set_Filter_Mode	16	static
../Drivers/BSP/Components/lis2dw12/lis2dw12.c:933:9:LIS2DW12_ACC_Enable_Wake_Up_Detection	24	static
../Drivers/BSP/Components/lis2dw12/lis2dw12.c:982:9:LIS2DW12_ACC_Disable_Wake_Up_Detection	32	static
../Drivers/BSP/Components/lis2dw12/lis2dw12.c:1044:9:LIS2DW12_ACC_Set_Wake_Up_Threshold	16	static
../Drivers/BSP/Components/lis2dw12/lis2dw12.c:1061:9:LIS2DW12_ACC_Set_Wake_Up_Duration	16	static
../Drivers/BSP/Components/lis2dw12/lis2dw12.c:1077:9:LIS2DW12_ACC_Enable_Inactivity_Detection	24	static
../Drivers/BSP/Components/lis2dw12/lis2dw12.c:1126:9:LIS2DW12_ACC_Disable_Inactivity_Detection	32	static
../Drivers/BSP/Components/lis2dw12/lis2dw12.c:1188:9:LIS2DW12_ACC_Set_Sleep_Duration	16	static
../Drivers/BSP/Components/lis2dw12/lis2dw12.c:1204:9:LIS2DW12_ACC_Enable_6D_Orientation	24	static
../Drivers/BSP/Components/lis2dw12/lis2dw12.c:1248:9:LIS2DW12_ACC_Disable_6D_Orientation	32	static
../Drivers/BSP/Components/lis2dw12/lis2dw12.c:1304:9:LIS2DW12_ACC_Set_6D_Orientation_Threshold	16	static
../Drivers/BSP/Components/lis2dw12/lis2dw12.c:1325:9:LIS2DW12_ACC_Get_6D_Orientation_XL	24	static
../Drivers/BSP/Components/lis2dw12/lis2dw12.c:1345:9:LIS2DW12_ACC_Get_6D_Orientation_XH	24	static
../Drivers/BSP/Components/lis2dw12/lis2dw12.c:1365:9:LIS2DW12_ACC_Get_6D_Orientation_YL	24	static
../Drivers/BSP/Components/lis2dw12/lis2dw12.c:1385:9:LIS2DW12_ACC_Get_6D_Orientation_YH	24	static
../Drivers/BSP/Components/lis2dw12/lis2dw12.c:1405:9:LIS2DW12_ACC_Get_6D_Orientation_ZL	24	static
../Drivers/BSP/Components/lis2dw12/lis2dw12.c:1425:9:LIS2DW12_ACC_Get_6D_Orientation_ZH	24	static
../Drivers/BSP/Components/lis2dw12/lis2dw12.c:1445:9:LIS2DW12_ACC_Get_Event_Status	32	static
../Drivers/BSP/Components/lis2dw12/lis2dw12.c:1501:9:LIS2DW12_ACC_Set_SelfTest	24	static
../Drivers/BSP/Components/lis2dw12/lis2dw12.c:1528:9:LIS2DW12_ACC_Get_DRDY_Status	16	static
../Drivers/BSP/Components/lis2dw12/lis2dw12.c:1544:9:LIS2DW12_ACC_Get_Init_Status	16	static
../Drivers/BSP/Components/lis2dw12/lis2dw12.c:1562:9:LIS2DW12_FIFO_Get_Num_Samples	24	static
../Drivers/BSP/Components/lis2dw12/lis2dw12.c:1589:9:LIS2DW12_FIFO_Set_Mode	24	static
../Drivers/BSP/Components/lis2dw12/lis2dw12.c:1637:16:LIS2DW12_ACC_SetOutputDataRate_When_Enabled	32	static
../Drivers/BSP/Components/lis2dw12/lis2dw12.c:1776:16:LIS2DW12_ACC_SetOutputDataRate_When_Disabled	24	static
../Drivers/BSP/Components/lis2dw12/lis2dw12.c:1804:16:ReadRegWrap	40	static
../Drivers/BSP/Components/lis2dw12/lis2dw12.c:1819:16:WriteRegWrap	40	static
