../BlueNRG_MS/App/app_bluenrg_ms.c:115:6:MX_BlueNRG_MS_Init	64	static
../BlueNRG_MS/App/app_bluenrg_ms.c:236:6:MX_BlueNRG_MS_Process	8	static
../BlueNRG_MS/App/app_bluenrg_ms.c:257:13:User_Init	8	static
../BlueNRG_MS/App/app_bluenrg_ms.c:272:6:modem_at_cmd	32	static
../BlueNRG_MS/App/app_bluenrg_ms.c:301:6:wait4join	8	static
../BlueNRG_MS/App/app_bluenrg_ms.c:316:6:lora_join	16	static
../BlueNRG_MS/App/app_bluenrg_ms.c:366:6:lora_send	16	static
../BlueNRG_MS/App/app_bluenrg_ms.c:370:13:User_Process	8	static
../BlueNRG_MS/App/app_bluenrg_ms.c:437:6:BSP_PB_Callback	16	static
