../BlueNRG_MS/App/sample_service.c:95:12:Add_Sample_Service	96	static
../BlueNRG_MS/App/sample_service.c:134:6:Make_Connection	72	static
../BlueNRG_MS/App/sample_service.c:181:6:startReadTXCharHandle	40	static
../BlueNRG_MS/App/sample_service.c:198:6:startReadRXCharHandle	40	static
../BlueNRG_MS/App/sample_service.c:217:6:receiveData	32	static
../BlueNRG_MS/App/sample_service.c:267:6:modem_at_cmd2	32	static
../BlueNRG_MS/App/sample_service.c:305:6:sendData	24	static
../BlueNRG_MS/App/sample_service.c:320:6:enableNotification	16	static
../BlueNRG_MS/App/sample_service.c:340:6:Attribute_Modified_CB	16	static
../BlueNRG_MS/App/sample_service.c:356:6:GAP_ConnectionComplete_CB	24	static
../BlueNRG_MS/App/sample_service.c:373:6:GAP_DisconnectionComplete_CB	8	static
../BlueNRG_MS/App/sample_service.c:394:6:GATT_Notification_CB	16	static
../BlueNRG_MS/App/sample_service.c:408:6:user_notify	56	static
