../Core/Src/fatfs_sd.c:130:13:SD_PowerOff	0	static
../Core/Src/fatfs_sd.c:136:16:SD_CheckPower	0	static
../Core/Src/fatfs_sd.c:47:13:SPI_TxBuffer	8	static
../Core/Src/fatfs_sd.c:40:13:SPI_TxByte	16	static
../Core/Src/fatfs_sd.c:26:13:SELECT	8	static
../Core/Src/fatfs_sd.c:33:13:DESELECT	8	static
../Core/Src/fatfs_sd.c:54:16:SPI_RxByte	24	static
../Core/Src/fatfs_sd.c:92:13:SD_PowerOn	16	static
../Core/Src/fatfs_sd.c:76:16:SD_ReadyWait	8	static
../Core/Src/fatfs_sd.c:213:13:SD_SendCmd	16	static
../Core/Src/fatfs_sd.c:66:13:SPI_RxBytePtr	8	static
../Core/Src/fatfs_sd.c:142:13:SD_RxDataBlock	16	static
../Core/Src/fatfs_sd.c:171:13:SD_TxDataBlock	16	static
../Core/Src/fatfs_sd.c:252:9:SD_disk_initialize	24	static
../Core/Src/fatfs_sd.c:352:9:SD_disk_status	0	static
../Core/Src/fatfs_sd.c:359:9:SD_disk_read	16	static
../Core/Src/fatfs_sd.c:401:9:SD_disk_write	16	static
../Core/Src/fatfs_sd.c:456:9:SD_disk_ioctl	40	static
