../Drivers/BSP/Components/lis2mdl/lis2mdl.c:281:9:LIS2MDL_GetCapabilities	0	static
../Drivers/BSP/Components/lis2mdl/lis2mdl.c:397:9:LIS2MDL_MAG_GetSensitivity	0	static
../Drivers/BSP/Components/lis2mdl/lis2mdl.c:498:9:LIS2MDL_MAG_GetFullScale	0	static
../Drivers/BSP/Components/lis2mdl/lis2mdl.c:511:9:LIS2MDL_MAG_SetFullScale	0	static
../Drivers/BSP/Components/lis2mdl/lis2mdl.c:751:16:ReadMagRegWrap	8	static
../Drivers/BSP/Components/lis2mdl/lis2mdl.c:779:16:WriteMagRegWrap	8	static
../Drivers/BSP/Components/lis2mdl/lis2mdl.c:807:16:LSM6DSOX_SENSORHUB_LIS2MDL_ReadShData	48	static
../Drivers/BSP/Components/lis2mdl/lis2mdl.c:940:16:LSM6DSOX_SENSORHUB_LIS2MDL_WriteShData	40	static
../Drivers/BSP/Components/lis2mdl/lis2mdl.c:160:9:LIS2MDL_Init	24	static
../Drivers/BSP/Components/lis2mdl/lis2mdl.c:304:9:LIS2MDL_MAG_Enable	16	static
../Drivers/BSP/Components/lis2mdl/lis2mdl.c:350:9:LIS2MDL_MAG_Disable	16	static
../Drivers/BSP/Components/lis2mdl/lis2mdl.c:236:9:LIS2MDL_DeInit	8	static
../Drivers/BSP/Components/lis2mdl/lis2mdl.c:453:9:LIS2MDL_MAG_SetOutputDataRate	24	static
../Drivers/BSP/Components/lis2mdl/lis2mdl.c:255:9:LIS2MDL_ReadID	8	static
../Drivers/BSP/Components/lis2mdl/lis2mdl.c:410:9:LIS2MDL_MAG_GetOutputDataRate	16	static
../Drivers/BSP/Components/lis2mdl/lis2mdl.c:522:9:LIS2MDL_MAG_GetAxesRaw	16	static
../Drivers/BSP/Components/lis2mdl/lis2mdl.c:546:9:LIS2MDL_MAG_GetAxes	24	static
../Drivers/BSP/Components/lis2mdl/lis2mdl.c:593:9:LIS2MDL_Read_Reg	8	static
../Drivers/BSP/Components/lis2mdl/lis2mdl.c:620:9:LIS2MDL_Write_Reg	16	static
../Drivers/BSP/Components/lis2mdl/lis2mdl.c:86:9:LIS2MDL_RegisterBusIO	8	static
../Drivers/BSP/Components/lis2mdl/lis2mdl.c:646:9:LIS2MDL_MAG_Set_SelfTest	8	static
../Drivers/BSP/Components/lis2mdl/lis2mdl.c:662:9:LIS2MDL_MAG_Get_DRDY_Status	16	static
../Drivers/BSP/Components/lis2mdl/lis2mdl.c:691:9:LIS2MDL_MAG_Get_Init_Status	0	static
../Drivers/BSP/Components/lis2mdl/lis2mdl.c:709:9:LIS2MDL_MAG_Set_Filter_Mode	8	static
../Drivers/BSP/Components/lis2mdl/lis2mdl.c:725:9:LIS2MDL_MAG_Set_Power_Mode	8	static
