../Middlewares/ST/rfal/Src/rfal_rfst25r95.c:229:12:rfalInitialize	8	static
../Middlewares/ST/rfal/Src/rfal_rfst25r95.c:285:12:rfalCalibrate	4	static
../Middlewares/ST/rfal/Src/rfal_rfst25r95.c:291:12:rfalAdjustRegulators	16	static
../Middlewares/ST/rfal/Src/rfal_rfst25r95.c:298:6:rfalSetUpperLayerCallback	16	static
../Middlewares/ST/rfal/Src/rfal_rfst25r95.c:305:6:rfalSetPreTxRxCallback	16	static
../Middlewares/ST/rfal/Src/rfal_rfst25r95.c:312:6:rfalSetPostTxRxCallback	16	static
../Middlewares/ST/rfal/Src/rfal_rfst25r95.c:318:12:rfalDeinitialize	8	static
../Middlewares/ST/rfal/Src/rfal_rfst25r95.c:334:6:rfalSetObsvMode	16	static
../Middlewares/ST/rfal/Src/rfal_rfst25r95.c:343:6:rfalGetObsvMode	16	static
../Middlewares/ST/rfal/Src/rfal_rfst25r95.c:351:6:rfalDisableObsvMode	4	static
../Middlewares/ST/rfal/Src/rfal_rfst25r95.c:357:12:rfalSetMode	16	static
../Middlewares/ST/rfal/Src/rfal_rfst25r95.c:441:10:rfalGetMode	4	static
../Middlewares/ST/rfal/Src/rfal_rfst25r95.c:447:12:rfalSetBitRate	24	static
../Middlewares/ST/rfal/Src/rfal_rfst25r95.c:480:12:rfalGetBitRate	16	static
../Middlewares/ST/rfal/Src/rfal_rfst25r95.c:501:6:rfalSetErrorHandling	16	static
../Middlewares/ST/rfal/Src/rfal_rfst25r95.c:508:15:rfalGetErrorHandling	4	static
../Middlewares/ST/rfal/Src/rfal_rfst25r95.c:514:6:rfalSetFDTPoll	16	static
../Middlewares/ST/rfal/Src/rfal_rfst25r95.c:520:10:rfalGetFDTPoll	4	static
../Middlewares/ST/rfal/Src/rfal_rfst25r95.c:526:6:rfalSetFDTListen	16	static
../Middlewares/ST/rfal/Src/rfal_rfst25r95.c:532:10:rfalGetFDTListen	4	static
../Middlewares/ST/rfal/Src/rfal_rfst25r95.c:538:6:rfalSetGT	16	static
../Middlewares/ST/rfal/Src/rfal_rfst25r95.c:544:10:rfalGetGT	4	static
../Middlewares/ST/rfal/Src/rfal_rfst25r95.c:550:6:rfalIsGTExpired	8	static
../Middlewares/ST/rfal/Src/rfal_rfst25r95.c:563:12:rfalFieldOnAndStartGT	16	static
../Middlewares/ST/rfal/Src/rfal_rfst25r95.c:603:12:rfalFieldOff	8	static
../Middlewares/ST/rfal/Src/rfal_rfst25r95.c:620:12:rfalStartTransceive	24	static
../Middlewares/ST/rfal/Src/rfal_rfst25r95.c:682:6:rfalIsTransceiveInTx	4	static
../Middlewares/ST/rfal/Src/rfal_rfst25r95.c:689:6:rfalIsTransceiveInRx	4	static
../Middlewares/ST/rfal/Src/rfal_rfst25r95.c:696:12:rfalTransceiveBlockingTx	56	static
../Middlewares/ST/rfal/Src/rfal_rfst25r95.c:709:12:rfalTransceiveBlockingRx	16	static
../Middlewares/ST/rfal/Src/rfal_rfst25r95.c:723:12:rfalTransceiveBlockingTxRx	48	static
../Middlewares/ST/rfal/Src/rfal_rfst25r95.c:741:19:rfalRunTransceiveWorker	8	static
../Middlewares/ST/rfal/Src/rfal_rfst25r95.c:761:21:rfalGetTransceiveState	4	static
../Middlewares/ST/rfal/Src/rfal_rfst25r95.c:766:12:rfalGetTransceiveStatus	4	static
../Middlewares/ST/rfal/Src/rfal_rfst25r95.c:773:12:rfalGetTransceiveRSSI	16	static
../Middlewares/ST/rfal/Src/rfal_rfst25r95.c:782:6:rfalWorker	8	static
../Middlewares/ST/rfal/Src/rfal_rfst25r95.c:813:13:rfalTransceiveTx	32	static
../Middlewares/ST/rfal/Src/rfal_rfst25r95.c:943:13:rfalTransceiveRx	16	static
../Middlewares/ST/rfal/Src/rfal_rfst25r95.c:1038:19:rfalTransceiveRunBlockingTx	16	static
../Middlewares/ST/rfal/Src/rfal_rfst25r95.c:1057:13:rfalChipIsBusy	4	static
../Middlewares/ST/rfal/Src/rfal_rfst25r95.c:1072:12:rfalISO14443ATransceiveShortFrame	64	static
../Middlewares/ST/rfal/Src/rfal_rfst25r95.c:1123:12:rfalISO14443ATransceiveAnticollisionFrame	56	static
../Middlewares/ST/rfal/Src/rfal_rfst25r95.c:1202:12:rfalISO15693TransceiveAnticollisionFrame	56	static
../Middlewares/ST/rfal/Src/rfal_rfst25r95.c:1237:12:rfalISO15693TransceiveEOFAnticollision	40	static
../Middlewares/ST/rfal/Src/rfal_rfst25r95.c:1245:12:rfalISO15693TransceiveEOF	48	static
../Middlewares/ST/rfal/Src/rfal_rfst25r95.c:1273:12:rfalFeliCaPoll	48	static
../Middlewares/ST/rfal/Src/rfal_rfst25r95.c:1374:6:rfalIsExtFieldOn	8	static
../Middlewares/ST/rfal/Src/rfal_rfst25r95.c:1635:12:rfalWakeUpModeStart	24	static
../Middlewares/ST/rfal/Src/rfal_rfst25r95.c:1683:6:rfalWakeUpModeHasWoke	4	static
../Middlewares/ST/rfal/Src/rfal_rfst25r95.c:1689:12:rfalWakeUpModeStop	8	static
../Middlewares/ST/rfal/Src/rfal_rfst25r95.c:1711:13:rfalRunWakeUpModeWorker	8	static
../Middlewares/ST/rfal/Src/rfal_rfst25r95.c:1740:12:rfalChipWriteReg	24	static
../Middlewares/ST/rfal/Src/rfal_rfst25r95.c:1763:12:rfalChipReadReg	24	static
../Middlewares/ST/rfal/Src/rfal_rfst25r95.c:1786:12:rfalChipExecCmd	16	static
../Middlewares/ST/rfal/Src/rfal_rfst25r95.c:1794:12:rfalChipWriteTestReg	16	static
../Middlewares/ST/rfal/Src/rfal_rfst25r95.c:1803:12:rfalChipReadTestReg	16	static
../Middlewares/ST/rfal/Src/rfal_rfst25r95.c:1812:12:rfalChipChangeRegBits	24	static
../Middlewares/ST/rfal/Src/rfal_rfst25r95.c:1832:12:rfalChipChangeTestRegBits	16	static
../Middlewares/ST/rfal/Src/rfal_rfst25r95.c:1842:12:rfalChipSetRFO	16	static
../Middlewares/ST/rfal/Src/rfal_rfst25r95.c:1851:12:rfalChipGetRFO	16	static
../Middlewares/ST/rfal/Src/rfal_rfst25r95.c:1860:12:rfalChipMeasureAmplitude	16	static
../Middlewares/ST/rfal/Src/rfal_rfst25r95.c:1868:12:rfalChipMeasurePhase	16	static
../Middlewares/ST/rfal/Src/rfal_rfst25r95.c:1876:12:rfalChipMeasureCapacitance	16	static
../Middlewares/ST/rfal/Src/rfal_rfst25r95.c:1884:12:rfalChipMeasurePowerSupply	16	static
