../Middlewares/ST/rfal/Src/rfal_isoDep.c:462:13:isoDepClearCounters	4	static
../Middlewares/ST/rfal/Src/rfal_isoDep.c:472:19:isoDepTx	56	static
../Middlewares/ST/rfal/Src/rfal_isoDep.c:526:19:isoDepHandleControlMsg	48	static
../Middlewares/ST/rfal/Src/rfal_isoDep.c:652:6:rfalIsoDepInitialize	8	static
../Middlewares/ST/rfal/Src/rfal_isoDep.c:694:6:rfalIsoDepInitializeWithParams	24	static
../Middlewares/ST/rfal/Src/rfal_isoDep.c:716:19:isoDepDataExchangePCD	40	static
../Middlewares/ST/rfal/Src/rfal_isoDep.c:1015:12:rfalIsoDepDeselect	16	static
../Middlewares/ST/rfal/Src/rfal_isoDep.c:1052:10:rfalIsoDepFWI2FWT	24	static
../Middlewares/ST/rfal/Src/rfal_isoDep.c:1078:10:rfalIsoDepFSxI2FSx	24	static
../Middlewares/ST/rfal/Src/rfal_isoDep.c:1432:10:rfalIsoDepGetMaxInfLen	16	static
../Middlewares/ST/rfal/Src/rfal_isoDep.c:1446:12:rfalIsoDepStartTransceive	8	static
../Middlewares/ST/rfal/Src/rfal_isoDep.c:1501:12:rfalIsoDepGetTransceiveStatus	8	static
../Middlewares/ST/rfal/Src/rfal_isoDep.c:1874:12:rfalIsoDepRATS	48	static
../Middlewares/ST/rfal/Src/rfal_isoDep.c:1915:12:rfalIsoDepPPS	40	static
../Middlewares/ST/rfal/Src/rfal_isoDep.c:1951:12:rfalIsoDepATTRIB	80	static
../Middlewares/ST/rfal/Src/rfal_isoDep.c:2000:12:rfalIsoDepPollAHandleActivation	24	static
../Middlewares/ST/rfal/Src/rfal_isoDep.c:2142:12:rfalIsoDepPollBHandleActivation	72	static
../Middlewares/ST/rfal/Src/rfal_isoDep.c:2252:12:rfalIsoDepPollHandleSParameters	64	static
../Middlewares/ST/rfal/Src/rfal_isoDep.c:2375:13:rfalIsoDepCalcBitRate	32	static
../Middlewares/ST/rfal/Src/rfal_isoDep.c:2444:17:rfalIsoDepSFGI2SFGT	24	static
../Middlewares/ST/rfal/Src/rfal_isoDep.c:2475:14:rfalIsoDepApdu2IBLockParam	16	static
../Middlewares/ST/rfal/Src/rfal_isoDep.c:2505:12:rfalIsoDepStartApduTransceive	96	static
../Middlewares/ST/rfal/Src/rfal_isoDep.c:2526:12:rfalIsoDepGetApduTransceiveStatus	96	static
