Archive member included to satisfy reference by file (symbol)

c:/st/stm32cubeide_1.12.1/stm32cubeide/plugins/com.st.stm32cube.ide.mcu.externaltools.gnu-tools-for-stm32.10.3-2021.10.win32_1.0.200.202301161003/tools/bin/../lib/gcc/arm-none-eabi/10.3.1/../../../../arm-none-eabi/lib/thumb/v7e-m+fp/hard\libc_nano.a(lib_a-errno.o)
                              ./Core/Src/syscalls.o (__errno)
c:/st/stm32cubeide_1.12.1/stm32cubeide/plugins/com.st.stm32cube.ide.mcu.externaltools.gnu-tools-for-stm32.10.3-2021.10.win32_1.0.200.202301161003/tools/bin/../lib/gcc/arm-none-eabi/10.3.1/../../../../arm-none-eabi/lib/thumb/v7e-m+fp/hard\libc_nano.a(lib_a-exit.o)
                              c:/st/stm32cubeide_1.12.1/stm32cubeide/plugins/com.st.stm32cube.ide.mcu.externaltools.gnu-tools-for-stm32.10.3-2021.10.win32_1.0.200.202301161003/tools/bin/../lib/gcc/arm-none-eabi/10.3.1/../../../../arm-none-eabi/lib/thumb/v7e-m+fp/hard/crt0.o (exit)
c:/st/stm32cubeide_1.12.1/stm32cubeide/plugins/com.st.stm32cube.ide.mcu.externaltools.gnu-tools-for-stm32.10.3-2021.10.win32_1.0.200.202301161003/tools/bin/../lib/gcc/arm-none-eabi/10.3.1/../../../../arm-none-eabi/lib/thumb/v7e-m+fp/hard\libc_nano.a(lib_a-impure.o)
                              c:/st/stm32cubeide_1.12.1/stm32cubeide/plugins/com.st.stm32cube.ide.mcu.externaltools.gnu-tools-for-stm32.10.3-2021.10.win32_1.0.200.202301161003/tools/bin/../lib/gcc/arm-none-eabi/10.3.1/../../../../arm-none-eabi/lib/thumb/v7e-m+fp/hard\libc_nano.a(lib_a-exit.o) (_global_impure_ptr)
c:/st/stm32cubeide_1.12.1/stm32cubeide/plugins/com.st.stm32cube.ide.mcu.externaltools.gnu-tools-for-stm32.10.3-2021.10.win32_1.0.200.202301161003/tools/bin/../lib/gcc/arm-none-eabi/10.3.1/../../../../arm-none-eabi/lib/thumb/v7e-m+fp/hard\libc_nano.a(lib_a-init.o)
                              c:/st/stm32cubeide_1.12.1/stm32cubeide/plugins/com.st.stm32cube.ide.mcu.externaltools.gnu-tools-for-stm32.10.3-2021.10.win32_1.0.200.202301161003/tools/bin/../lib/gcc/arm-none-eabi/10.3.1/../../../../arm-none-eabi/lib/thumb/v7e-m+fp/hard/crt0.o (__libc_init_array)
c:/st/stm32cubeide_1.12.1/stm32cubeide/plugins/com.st.stm32cube.ide.mcu.externaltools.gnu-tools-for-stm32.10.3-2021.10.win32_1.0.200.202301161003/tools/bin/../lib/gcc/arm-none-eabi/10.3.1/../../../../arm-none-eabi/lib/thumb/v7e-m+fp/hard\libc_nano.a(lib_a-memset.o)
                              c:/st/stm32cubeide_1.12.1/stm32cubeide/plugins/com.st.stm32cube.ide.mcu.externaltools.gnu-tools-for-stm32.10.3-2021.10.win32_1.0.200.202301161003/tools/bin/../lib/gcc/arm-none-eabi/10.3.1/../../../../arm-none-eabi/lib/thumb/v7e-m+fp/hard/crt0.o (memset)
c:/st/stm32cubeide_1.12.1/stm32cubeide/plugins/com.st.stm32cube.ide.mcu.externaltools.gnu-tools-for-stm32.10.3-2021.10.win32_1.0.200.202301161003/tools/bin/../lib/gcc/arm-none-eabi/10.3.1/../../../../arm-none-eabi/lib/thumb/v7e-m+fp/hard\libc_nano.a(lib_a-sprintf.o)
                              ./Core/Src/main.o (sprintf)
c:/st/stm32cubeide_1.12.1/stm32cubeide/plugins/com.st.stm32cube.ide.mcu.externaltools.gnu-tools-for-stm32.10.3-2021.10.win32_1.0.200.202301161003/tools/bin/../lib/gcc/arm-none-eabi/10.3.1/../../../../arm-none-eabi/lib/thumb/v7e-m+fp/hard\libc_nano.a(lib_a-strlen.o)
                              ./Core/Src/main.o (strlen)
c:/st/stm32cubeide_1.12.1/stm32cubeide/plugins/com.st.stm32cube.ide.mcu.externaltools.gnu-tools-for-stm32.10.3-2021.10.win32_1.0.200.202301161003/tools/bin/../lib/gcc/arm-none-eabi/10.3.1/../../../../arm-none-eabi/lib/thumb/v7e-m+fp/hard\libc_nano.a(lib_a-nano-svfprintf.o)
                              c:/st/stm32cubeide_1.12.1/stm32cubeide/plugins/com.st.stm32cube.ide.mcu.externaltools.gnu-tools-for-stm32.10.3-2021.10.win32_1.0.200.202301161003/tools/bin/../lib/gcc/arm-none-eabi/10.3.1/../../../../arm-none-eabi/lib/thumb/v7e-m+fp/hard\libc_nano.a(lib_a-sprintf.o) (_svfprintf_r)
c:/st/stm32cubeide_1.12.1/stm32cubeide/plugins/com.st.stm32cube.ide.mcu.externaltools.gnu-tools-for-stm32.10.3-2021.10.win32_1.0.200.202301161003/tools/bin/../lib/gcc/arm-none-eabi/10.3.1/../../../../arm-none-eabi/lib/thumb/v7e-m+fp/hard\libc_nano.a(lib_a-nano-vfprintf_i.o)
                              c:/st/stm32cubeide_1.12.1/stm32cubeide/plugins/com.st.stm32cube.ide.mcu.externaltools.gnu-tools-for-stm32.10.3-2021.10.win32_1.0.200.202301161003/tools/bin/../lib/gcc/arm-none-eabi/10.3.1/../../../../arm-none-eabi/lib/thumb/v7e-m+fp/hard\libc_nano.a(lib_a-nano-svfprintf.o) (_printf_i)
c:/st/stm32cubeide_1.12.1/stm32cubeide/plugins/com.st.stm32cube.ide.mcu.externaltools.gnu-tools-for-stm32.10.3-2021.10.win32_1.0.200.202301161003/tools/bin/../lib/gcc/arm-none-eabi/10.3.1/../../../../arm-none-eabi/lib/thumb/v7e-m+fp/hard\libc_nano.a(lib_a-memchr.o)
[...]
Memory Configuration

Name             Origin             Length             Attributes
RAM              0x0000000020000000 0x0000000000018000 xrw
FLASH            0x0000000008000000 0x0000000000080000 xr
*default*        0x0000000000000000 0xffffffffffffffff

Linker script and memory map

LOAD c:/st/stm32cubeide_1.12.1/stm32cubeide/plugins/com.st.stm32cube.ide.mcu.externaltools.gnu-tools-for-stm32.10.3-2021.10.win32_1.0.200.202301161003/tools/bin/../lib/gcc/arm-none-eabi/10.3.1/thumb/v7e-m+fp/hard/crti.o
LOAD c:/st/stm32cubeide_1.12.1/stm32cubeide/plugins/com.st.stm32cube.ide.mcu.externaltools.gnu-tools-for-stm32.10.3-2021.10.win32_1.0.200.202301161003/tools/bin/../lib/gcc/arm-none-eabi/10.3.1/thumb/v7e-m+fp/hard/crtbegin.o
LOAD c:/st/stm32cubeide_1.12.1/stm32cubeide/plugins/com.st.stm32cube.ide.mcu.externaltools.gnu-tools-for-stm32.10.3-2021.10.win32_1.0.200.202301161003/tools/bin/../lib/gcc/arm-none-eabi/10.3.1/../../../../arm-none-eabi/lib/thumb/v7e-m+fp/hard/crt0.o
LOAD ./Core/Src/fatfs_sd.o
LOAD ./Core/Src/main.o
LOAD ./Core/Src/stm32f4xx_hal_msp.o
LOAD ./Core/Src/stm32f4xx_it.o
LOAD ./Core/Src/stm32f4xx_nucleo_bus.o
LOAD ./Core/Src/syscalls.o
LOAD ./Core/Src/sysmem.o
LOAD ./Core/Src/system_stm32f4xx.o
LOAD ./Core/Startup/startup_stm32f401retx.o
LOAD ./Drivers/BSP/Components/hts221/hts221.o
LOAD ./Drivers/BSP/Components/hts221/hts221_reg.o
LOAD ./Drivers/BSP/Components/lis2dw12/lis2dw12.o
LOAD ./Drivers/BSP/Components/lis2dw12/lis2dw12_reg.o
LOAD ./Drivers/BSP/Components/lis2mdl/lis2mdl.o
LOAD ./Drivers/BSP/Components/lis2mdl/lis2mdl_reg.o
LOAD ./Drivers/BSP/Components/lps22hh/lps22hh.o
LOAD ./Drivers/BSP/Components/lps22hh/lps22hh_reg.o
LOAD ./Drivers/BSP/Components/lsm6dso/lsm6dso.o
LOAD ./Drivers/BSP/Components/lsm6dso/lsm6dso_reg.o
LOAD ./Drivers/BSP/Components/stts751/stts751.o
LOAD ./Drivers/BSP/Components/stts751/stts751_reg.o
LOAD ./Drivers/BSP/IKS01A3/iks01a3_env_sensors.o
LOAD ./Drivers/BSP/IKS01A3/iks01a3_env_sensors_ex.o
LOAD ./Drivers/BSP/IKS01A3/iks01a3_motion_sensors.o
LOAD ./Drivers/BSP/IKS01A3/iks01a3_motion_sensors_ex.o
LOAD ./Drivers/STM32F4xx_HAL_Driver/Src/stm32f4xx_hal.o
LOAD ./Drivers/STM32F4xx_HAL_Driver/Src/stm32f4xx_hal_cortex.o
LOAD ./Drivers/STM32F4xx_HAL_Driver/Src/stm32f4xx_hal_dma.o
LOAD ./Drivers/STM32F4xx_HAL_Driver/Src/stm32f4xx_hal_dma_ex.o
LOAD ./Drivers/STM32F4xx_HAL_Driver/Src/stm32f4xx_hal_exti.o
LOAD ./Drivers/STM32F4xx_HAL_Driver/Src/stm32f4xx_hal_flash.o
LOAD ./Drivers/STM32F4xx_HAL_Driver/Src/stm32f4xx_hal_flash_ex.o
LOAD ./Drivers/STM32F4xx_HAL_Driver/Src/stm32f4xx_hal_flash_ramfunc.o
LOAD ./Drivers/STM32F4xx_HAL_Driver/Src/stm32f4xx_hal_gpio.o
LOAD ./Drivers/STM32F4xx_HAL_Driver/Src/stm32f4xx_hal_i2c.o
LOAD ./Drivers/STM32F4xx_HAL_Driver/Src/stm32f4xx_hal_i2c_ex.o
LOAD ./Drivers/STM32F4xx_HAL_Driver/Src/stm32f4xx_hal_iwdg.o
LOAD ./Drivers/STM32F4xx_HAL_Driver/Src/stm32f4xx_hal_pwr.o
LOAD ./Drivers/STM32F4xx_HAL_Driver/Src/stm32f4xx_hal_pwr_ex.o
LOAD ./Drivers/STM32F4xx_HAL_Driver/Src/stm32f4xx_hal_rcc.o
LOAD ./Drivers/STM32F4xx_HAL_Driver/Src/stm32f4xx_hal_rcc_ex.o
LOAD ./Drivers/STM32F4xx_HAL_Driver/Src/stm32f4xx_hal_spi.o
LOAD ./Drivers/STM32F4xx_HAL_Driver/Src/stm32f4xx_hal_tim.o
LOAD ./Drivers/STM32F4xx_HAL_Driver/Src/stm32f4xx_hal_tim_ex.o
LOAD ./Drivers/STM32F4xx_HAL_Driver/Src/stm32f4xx_hal_uart.o
LOAD ./FATFS/App/fatfs.o
LOAD ./FATFS/Target/user_diskio.o
LOAD ./Middlewares/Third_Party/FatFs/src/diskio.o
LOAD ./Middlewares/Third_Party/FatFs/src/ff.o
LOAD ./Middlewares/Third_Party/FatFs/src/ff_gen_drv.o
LOAD ./Middlewares/Third_Party/FatFs/src/option/ccsbcs.o
LOAD ./Middlewares/Third_Party/FatFs/src/option/syscall.o
START GROUP
LOAD c:/st/stm32cubeide_1.12.1/stm32cubeide/plugins/com.st.stm32cube.ide.mcu.externaltools.gnu-tools-for-stm32.10.3-2021.10.win32_1.0.200.202301161003/tools/bin/../lib/gcc/arm-none-eabi/10.3.1/../../../../arm-none-eabi/lib/thumb/v7e-m+fp/hard\libc_nano.a
LOAD c:/st/stm32cubeide_1.12.1/stm32cubeide/plugins/com.st.stm32cube.ide.mcu.externaltools.gnu-tools-for-stm32.10.3-2021.10.win32_1.0.200.202301161003/tools/bin/../lib/gcc/arm-none-eabi/10.3.1/../../../../arm-none-eabi/lib/thumb/v7e-m+fp/hard\libm.a
END GROUP
START GROUP
LOAD c:/st/stm32cubeide_1.12.1/stm32cubeide/plugins/com.st.stm32cube.ide.mcu.externaltools.gnu-tools-for-stm32.10.3-2021.10.win32_1.0.200.202301161003/tools/bin/../lib/gcc/arm-none-eabi/10.3.1/thumb/v7e-m+fp/hard\libgcc.a
LOAD c:/st/stm32cubeide_1.12.1/stm32cubeide/plugins/com.st.stm32cube.ide.mcu.externaltools.gnu-tools-for-stm32.10.3-2021.10.win32_1.0.200.202301161003/tools/bin/../lib/gcc/arm-none-eabi/10.3.1/../../../../arm-none-eabi/lib/thumb/v7e-m+fp/hard\libc_nano.a
END GROUP
START GROUP
LOAD c:/st/stm32cubeide_1.12.1/stm32cubeide/plugins/com.st.stm32cube.ide.mcu.externaltools.gnu-tools-for-stm32.10.3-2021.10.win32_1.0.200.202301161003/tools/bin/../lib/gcc/arm-none-eabi/10.3.1/thumb/v7e-m+fp/hard\libgcc.a
LOAD c:/st/stm32cubeide_1.12.1/stm32cubeide/plugins/com.st.stm32cube.ide.mcu.externaltools.gnu-tools-for-stm32.10.3-2021.10.win32_1.0.200.202301161003/tools/bin/../lib/gcc/arm-none-eabi/10.3.1/../../../../arm-none-eabi/lib/thumb/v7e-m+fp/hard\libc_nano.a
LOAD c:/st/stm32cubeide_1.12.1/stm32cubeide/plugins/com.st.stm32cube.ide.mcu.externaltools.gnu-tools-for-stm32.10.3-2021.10.win32_1.0.200.202301161003/tools/bin/../lib/gcc/arm-none-eabi/10.3.1/../../../../arm-none-eabi/lib/thumb/v7e-m+fp/hard\libnosys.a
END GROUP
START GROUP
LOAD c:/st/stm32cubeide_1.12.1/stm32cubeide/plugins/com.st.stm32cube.ide.mcu.externaltools.gnu-tools-for-stm32.10.3-2021.10.win32_1.0.200.202301161003/tools/bin/../lib/gcc/arm-none-eabi/10.3.1/thumb/v7e-m+fp/hard\libgcc.a
LOAD c:/st/stm32cubeide_1.12.1/stm32cubeide/plugins/com.st.stm32cube.ide.mcu.externaltools.gnu-tools-for-stm32.10.3-2021.10.win32_1.0.200.202301161003/tools/bin/../lib/gcc/arm-none-eabi/10.3.1/../../../../arm-none-eabi/lib/thumb/v7e-m+fp/hard\libc_nano.a
LOAD c:/st/stm32cubeide_1.12.1/stm32cubeide/plugins/com.st.stm32cube.ide.mcu.externaltools.gnu-tools-for-stm32.10.3-2021.10.win32_1.0.200.202301161003/tools/bin/../lib/gcc/arm-none-eabi/10.3.1/../../../../arm-none-eabi/lib/thumb/v7e-m+fp/hard\libnosys.a
END GROUP
LOAD c:/st/stm32cubeide_1.12.1/stm32cubeide/plugins/com.st.stm32cube.ide.mcu.externaltools.gnu-tools-for-stm32.10.3-2021.10.win32_1.0.200.202301161003/tools/bin/../lib/gcc/arm-none-eabi/10.3.1/thumb/v7e-m+fp/hard/crtend.o
LOAD c:/st/stm32cubeide_1.12.1/stm32cubeide/plugins/com.st.stm32cube.ide.mcu.externaltools.gnu-tools-for-stm32.10.3-2021.10.win32_1.0.200.202301161003/tools/bin/../lib/gcc/arm-none-eabi/10.3.1/thumb/v7e-m+fp/hard/crtn.o
                0x0000000020018000                _estack = (ORIGIN (RAM) + LENGTH (RAM))
                0x0000000000000200                _Min_Heap_Size = 0x200
                0x0000000000000400                _Min_Stack_Size = 0x400

.isr_vector     0x0000000008000000      0x194
                0x0000000008000000                . = ALIGN (0x4)
 *(.isr_vector)
 .isr_vector    0x0000000008000000      0x194 ./Core/Startup/startup_stm32f401retx.o
                0x0000000008000000                g_pfnVectors
                0x0000000008000194                . = ALIGN (0x4)

.text           0x00000000080001a0     0xdeec
                0x00000000080001a0                . = ALIGN (0x4)
 *(.text)
 .text          0x00000000080001a0       0x40 c:/st/stm32cubeide_1.12.1/stm32cubeide/plugins/com.st.stm32cube.ide.mcu.externaltools.gnu-tools-for-stm32.10.3-2021.10.win32_1.0.200.202301161003/tools/bin/../lib/gcc/arm-none-eabi/10.3.1/thumb/v7e-m+fp/hard/crtbegin.o
 .text          0x00000000080001e0       0x10 c:/st/stm32cubeide_1.12.1/stm32cubeide/plugins/com.st.stm32cube.ide.mcu.externaltools.gnu-tools-for-stm32.10.3-2021.10.win32_1.0.200.202301161003/tools/bin/../lib/gcc/arm-none-eabi/10.3.1/../../../../arm-none-eabi/lib/thumb/v7e-m+fp/hard\libc_nano.a(lib_a-strlen.o)
                0x00000000080001e0                strlen
 .text          0x00000000080001f0       0xa0 c:/st/stm32cubeide_1.12.1/stm32cubeide/plugins/com.st.stm32cube.ide.mcu.externaltools.gnu-tools-for-stm32.10.3-2021.10.win32_1.0.200.202301161003/tools/bin/../lib/gcc/arm-none-eabi/10.3.1/../../../../arm-none-eabi/lib/thumb/v7e-m+fp/hard\libc_nano.a(lib_a-memchr.o)
                0x00000000080001f0                memchr
 .text          0x0000000008000290       0x30 c:/st/stm32cubeide_1.12.1/stm32cubeide/plugins/com.st.stm32cube.ide.mcu.externaltools.gnu-tools-for-stm32.10.3-2021.10.win32_1.0.200.202301161003/tools/bin/../lib/gcc/arm-none-eabi/10.3.1/thumb/v7e-m+fp/hard\libgcc.a(_aeabi_uldivmod.o)
                0x0000000008000290                __aeabi_uldivmod
 .text          0x00000000080002c0      0x2d0 c:/st/stm32cubeide_1.12.1/stm32cubeide/plugins/com.st.stm32cube.ide.mcu.externaltools.gnu-tools-for-stm32.10.3-2021.10.win32_1.0.200.202301161003/tools/bin/../lib/gcc/arm-none-eabi/10.3.1/thumb/v7e-m+fp/hard\libgcc.a(_udivmoddi4.o)
                0x00000000080002c0                __udivmoddi4
 .text          0x0000000008000590        0x4 c:/st/stm32cubeide_1.12.1/stm32cubeide/plugins/com.st.stm32cube.ide.mcu.externaltools.gnu-tools-for-stm32.10.3-2021.10.win32_1.0.200.202301161003/tools/bin/../lib/gcc/arm-none-eabi/10.3.1/thumb/v7e-m+fp/hard\libgcc.a(_dvmd_tls.o)
                0x0000000008000590                __aeabi_idiv0
                0x0000000008000590                __aeabi_ldiv0
 *(.text*)
 .text.SELECT   0x0000000008000594       0x1c ./Core/Src/fatfs_sd.o
 .text.DESELECT
                0x00000000080005b0       0x1c ./Core/Src/fatfs_sd.o
 .text.SPI_TxByte
                0x00000000080005cc       0x34 ./Core/Src/fatfs_sd.o
 .text.SPI_TxBuffer
                0x0000000008000600       0x34 ./Core/Src/fatfs_sd.o
 .text.SPI_RxByte
                0x0000000008000634       0x38 ./Core/Src/fatfs_sd.o
 .text.SPI_RxBytePtr
                0x000000000800066c       0x1c ./Core/Src/fatfs_sd.o
 .text.SD_ReadyWait
                0x0000000008000688       0x34 ./Core/Src/fatfs_sd.o
 .text.SD_PowerOn
                0x00000000080006bc       0x84 ./Core/Src/fatfs_sd.o
 .text.SD_PowerOff
                0x0000000008000740       0x18 ./Core/Src/fatfs_sd.o
 .text.SD_CheckPower
                0x0000000008000758       0x18 ./Core/Src/fatfs_sd.o
 .text.SD_RxDataBlock
                0x0000000008000770       0x60 ./Core/Src/fatfs_sd.o
 .text.SD_TxDataBlock
                0x00000000080007d0       0x86 ./Core/Src/fatfs_sd.o
 .text.SD_SendCmd
                0x0000000008000856       0xa8 ./Core/Src/fatfs_sd.o
 *fill*         0x00000000080008fe        0x2 
 .text.SD_disk_initialize
                0x0000000008000900      0x1d8 ./Core/Src/fatfs_sd.o
                0x0000000008000900                SD_disk_initialize
 .text.SD_disk_status
                0x0000000008000ad8       0x2c ./Core/Src/fatfs_sd.o
                0x0000000008000ad8                SD_disk_status
 .text.SD_disk_read
                0x0000000008000b04       0xd4 ./Core/Src/fatfs_sd.o
                0x0000000008000b04                SD_disk_read
 .text.SD_disk_write
                0x0000000008000bd8      0x108 ./Core/Src/fatfs_sd.o
                0x0000000008000bd8                SD_disk_write
 .text.SD_disk_ioctl
                0x0000000008000ce0      0x258 ./Core/Src/fatfs_sd.o
                0x0000000008000ce0                SD_disk_ioctl
 .text.bufsize  0x0000000008000f38       0x2e ./Core/Src/main.o
                0x0000000008000f38                bufsize
 *fill*         0x0000000008000f66        0x2 
 .text.send_uart
                0x0000000008000f68       0x30 ./Core/Src/main.o
                0x0000000008000f68                send_uart
 .text.main     0x0000000008000f98      0x3b0 ./Core/Src/main.o
                0x0000000008000f98                main
 .text.SystemClock_Config
                0x0000000008001348       0xdc ./Core/Src/main.o
                0x0000000008001348                SystemClock_Config
 .text.MX_SPI1_Init
                0x0000000008001424       0x6c ./Core/Src/main.o
 .text.MX_TIM3_Init
                0x0000000008001490       0x9c ./Core/Src/main.o
 .text.MX_USART2_UART_Init
                0x000000000800152c       0x54 ./Core/Src/main.o
 .text.MX_GPIO_Init
                0x0000000008001580      0x108 ./Core/Src/main.o
 .text.Error_Handler
                0x0000000008001688        0xa ./Core/Src/main.o
                0x0000000008001688                Error_Handler
 *fill*         0x0000000008001692        0x2 
 .text.HAL_MspInit
                0x0000000008001694       0x50 ./Core/Src/stm32f4xx_hal_msp.o
                0x0000000008001694                HAL_MspInit
 .text.HAL_SPI_MspInit
                0x00000000080016e4       0xd0 ./Core/Src/stm32f4xx_hal_msp.o
                0x00000000080016e4                HAL_SPI_MspInit
 .text.HAL_TIM_Base_MspInit
                0x00000000080017b4       0x50 ./Core/Src/stm32f4xx_hal_msp.o
                0x00000000080017b4                HAL_TIM_Base_MspInit
 .text.HAL_UART_MspInit
                0x0000000008001804       0x90 ./Core/Src/stm32f4xx_hal_msp.o
                0x0000000008001804                HAL_UART_MspInit
 .text.SDTimer_Handler
                0x0000000008001894       0x48 ./Core/Src/stm32f4xx_it.o
                0x0000000008001894                SDTimer_Handler
 .text.NMI_Handler
                0x00000000080018dc        0x6 ./Core/Src/stm32f4xx_it.o
                0x00000000080018dc                NMI_Handler
 .text.HardFault_Handler
                0x00000000080018e2        0x6 ./Core/Src/stm32f4xx_it.o
                0x00000000080018e2                HardFault_Handler
 .text.MemManage_Handler
                0x00000000080018e8        0x6 ./Core/Src/stm32f4xx_it.o
                0x00000000080018e8                MemManage_Handler
 .text.BusFault_Handler
                0x00000000080018ee        0x6 ./Core/Src/stm32f4xx_it.o
                0x00000000080018ee                BusFault_Handler
 .text.UsageFault_Handler
                0x00000000080018f4        0x6 ./Core/Src/stm32f4xx_it.o
                0x00000000080018f4                UsageFault_Handler
 .text.SVC_Handler
                0x00000000080018fa        0xe ./Core/Src/stm32f4xx_it.o
                0x00000000080018fa                SVC_Handler
 .text.DebugMon_Handler
                0x0000000008001908        0xe ./Core/Src/stm32f4xx_it.o
                0x0000000008001908                DebugMon_Handler
 .text.PendSV_Handler
                0x0000000008001916        0xe ./Core/Src/stm32f4xx_it.o
                0x0000000008001916                PendSV_Handler
 .text.SysTick_Handler
                0x0000000008001924       0x34 ./Core/Src/stm32f4xx_it.o
                0x0000000008001924                SysTick_Handler
 .text.TIM3_IRQHandler
                0x0000000008001958       0x3c ./Core/Src/stm32f4xx_it.o
                0x0000000008001958                TIM3_IRQHandler
 .text.EXTI15_10_IRQHandler
                0x0000000008001994       0x1c ./Core/Src/stm32f4xx_it.o
                0x0000000008001994                EXTI15_10_IRQHandler
 .text.BSP_I2C1_Init
                0x00000000080019b0       0x64 ./Core/Src/stm32f4xx_nucleo_bus.o
                0x00000000080019b0                BSP_I2C1_Init
 .text.BSP_I2C1_DeInit
                0x0000000008001a14       0x50 ./Core/Src/stm32f4xx_nucleo_bus.o
                0x0000000008001a14                BSP_I2C1_DeInit
 .text.BSP_I2C1_WriteReg
                0x0000000008001a64       0x64 ./Core/Src/stm32f4xx_nucleo_bus.o
                0x0000000008001a64                BSP_I2C1_WriteReg
 .text.BSP_I2C1_ReadReg
                0x0000000008001ac8       0x64 ./Core/Src/stm32f4xx_nucleo_bus.o
                0x0000000008001ac8                BSP_I2C1_ReadReg
 .text.BSP_GetTick
                0x0000000008001b2c        0xe ./Core/Src/stm32f4xx_nucleo_bus.o
                0x0000000008001b2c                BSP_GetTick
 *fill*         0x0000000008001b3a        0x2 
 .text.MX_I2C1_Init
                0x0000000008001b3c       0x68 ./Core/Src/stm32f4xx_nucleo_bus.o
                0x0000000008001b3c                MX_I2C1_Init
 .text.I2C1_MspInit
                0x0000000008001ba4       0x94 ./Core/Src/stm32f4xx_nucleo_bus.o
 .text.I2C1_MspDeInit
                0x0000000008001c38       0x38 ./Core/Src/stm32f4xx_nucleo_bus.o
 .text._sbrk    0x0000000008001c70       0x6c ./Core/Src/sysmem.o
                0x0000000008001c70                _sbrk
 .text.SystemInit
                0x0000000008001cdc       0x24 ./Core/Src/system_stm32f4xx.o
                0x0000000008001cdc                SystemInit
 .text.Reset_Handler
                0x0000000008001d00       0x50 ./Core/Startup/startup_stm32f401retx.o
                0x0000000008001d00                Reset_Handler
 .text.Default_Handler
                0x0000000008001d50        0x2 ./Core/Startup/startup_stm32f401retx.o
                0x0000000008001d50                RTC_Alarm_IRQHandler
                0x0000000008001d50                EXTI2_IRQHandler
                0x0000000008001d50                SPI4_IRQHandler
                0x0000000008001d50                TIM1_CC_IRQHandler
                0x0000000008001d50                DMA2_Stream5_IRQHandler
                0x0000000008001d50                DMA1_Stream5_IRQHandler
                0x0000000008001d50                PVD_IRQHandler
                0x0000000008001d50                SDIO_IRQHandler
                0x0000000008001d50                TAMP_STAMP_IRQHandler
                0x0000000008001d50                EXTI3_IRQHandler
                0x0000000008001d50                TIM1_UP_TIM10_IRQHandler
                0x0000000008001d50                I2C3_ER_IRQHandler
                0x0000000008001d50                EXTI0_IRQHandler
                0x0000000008001d50                I2C2_EV_IRQHandler
                0x0000000008001d50                DMA1_Stream2_IRQHandler
                0x0000000008001d50                FPU_IRQHandler
                0x0000000008001d50                DMA2_Stream2_IRQHandler
                0x0000000008001d50                SPI1_IRQHandler
                0x0000000008001d50                TIM1_BRK_TIM9_IRQHandler
                0x0000000008001d50                DMA2_Stream3_IRQHandler
                0x0000000008001d50                USART6_IRQHandler
                0x0000000008001d50                DMA2_Stream0_IRQHandler
                0x0000000008001d50                TIM4_IRQHandler
                0x0000000008001d50                I2C1_EV_IRQHandler
                0x0000000008001d50                DMA1_Stream6_IRQHandler
                0x0000000008001d50                DMA1_Stream1_IRQHandler
                0x0000000008001d50                RCC_IRQHandler
                0x0000000008001d50                Default_Handler
                0x0000000008001d50                ADC_IRQHandler
                0x0000000008001d50                DMA1_Stream7_IRQHandler
                0x0000000008001d50                TIM5_IRQHandler
                0x0000000008001d50                DMA2_Stream7_IRQHandler
                0x0000000008001d50                I2C3_EV_IRQHandler
                0x0000000008001d50                EXTI9_5_IRQHandler
                0x0000000008001d50                RTC_WKUP_IRQHandler
                0x0000000008001d50                SPI2_IRQHandler
                0x0000000008001d50                DMA1_Stream0_IRQHandler
                0x0000000008001d50                EXTI4_IRQHandler
                0x0000000008001d50                WWDG_IRQHandler
                0x0000000008001d50                TIM2_IRQHandler
                0x0000000008001d50                OTG_FS_WKUP_IRQHandler
                0x0000000008001d50                TIM1_TRG_COM_TIM11_IRQHandler
                0x0000000008001d50                EXTI1_IRQHandler
                0x0000000008001d50                USART2_IRQHandler
                0x0000000008001d50                I2C2_ER_IRQHandler
                0x0000000008001d50                DMA2_Stream1_IRQHandler
                0x0000000008001d50                FLASH_IRQHandler
                0x0000000008001d50                DMA2_Stream4_IRQHandler
                0x0000000008001d50                USART1_IRQHandler
                0x0000000008001d50                OTG_FS_IRQHandler
                0x0000000008001d50                SPI3_IRQHandler
                0x0000000008001d50                DMA1_Stream4_IRQHandler
                0x0000000008001d50                I2C1_ER_IRQHandler
                0x0000000008001d50                DMA2_Stream6_IRQHandler
                0x0000000008001d50                DMA1_Stream3_IRQHandler
 *fill*         0x0000000008001d52        0x2 
 .text.LIS2DW12_RegisterBusIO
                0x0000000008001d54       0xd4 ./Drivers/BSP/Components/lis2dw12/lis2dw12.o
                0x0000000008001d54                LIS2DW12_RegisterBusIO
 .text.LIS2DW12_Init
                0x0000000008001e28       0xc4 ./Drivers/BSP/Components/lis2dw12/lis2dw12.o
                0x0000000008001e28                LIS2DW12_Init
 .text.LIS2DW12_DeInit
                0x0000000008001eec       0x44 ./Drivers/BSP/Components/lis2dw12/lis2dw12.o
                0x0000000008001eec                LIS2DW12_DeInit
 .text.LIS2DW12_ReadID
                0x0000000008001f30       0x2c ./Drivers/BSP/Components/lis2dw12/lis2dw12.o
                0x0000000008001f30                LIS2DW12_ReadID
 .text.LIS2DW12_GetCapabilities
                0x0000000008001f5c       0x5c ./Drivers/BSP/Components/lis2dw12/lis2dw12.o
                0x0000000008001f5c                LIS2DW12_GetCapabilities
 .text.LIS2DW12_ACC_Enable
                0x0000000008001fb8       0x52 ./Drivers/BSP/Components/lis2dw12/lis2dw12.o
                0x0000000008001fb8                LIS2DW12_ACC_Enable
 .text.LIS2DW12_ACC_Disable
                0x000000000800200a       0x40 ./Drivers/BSP/Components/lis2dw12/lis2dw12.o
                0x000000000800200a                LIS2DW12_ACC_Disable
 *fill*         0x000000000800204a        0x2 
 .text.LIS2DW12_ACC_GetSensitivity
                0x000000000800204c      0x190 ./Drivers/BSP/Components/lis2dw12/lis2dw12.o
                0x000000000800204c                LIS2DW12_ACC_GetSensitivity
 .text.LIS2DW12_ACC_GetOutputDataRate
                0x00000000080021dc      0x404 ./Drivers/BSP/Components/lis2dw12/lis2dw12.o
                0x00000000080021dc                LIS2DW12_ACC_GetOutputDataRate
 .text.LIS2DW12_ACC_SetOutputDataRate
                0x00000000080025e0       0x24 ./Drivers/BSP/Components/lis2dw12/lis2dw12.o
                0x00000000080025e0                LIS2DW12_ACC_SetOutputDataRate
 .text.LIS2DW12_ACC_SetOutputDataRate_With_Mode
                0x0000000008002604       0x4c ./Drivers/BSP/Components/lis2dw12/lis2dw12.o
                0x0000000008002604                LIS2DW12_ACC_SetOutputDataRate_With_Mode
 .text.LIS2DW12_ACC_GetFullScale
                0x0000000008002650       0x84 ./Drivers/BSP/Components/lis2dw12/lis2dw12.o
                0x0000000008002650                LIS2DW12_ACC_GetFullScale
 .text.LIS2DW12_ACC_SetFullScale
                0x00000000080026d4       0x50 ./Drivers/BSP/Components/lis2dw12/lis2dw12.o
                0x00000000080026d4                LIS2DW12_ACC_SetFullScale
 .text.LIS2DW12_ACC_GetAxesRaw
                0x0000000008002724      0x148 ./Drivers/BSP/Components/lis2dw12/lis2dw12.o
                0x0000000008002724                LIS2DW12_ACC_GetAxesRaw
 .text.LIS2DW12_ACC_GetAxes
                0x000000000800286c       0xaa ./Drivers/BSP/Components/lis2dw12/lis2dw12.o
                0x000000000800286c                LIS2DW12_ACC_GetAxes
 .text.LIS2DW12_Write_Reg
                0x0000000008002916       0x36 ./Drivers/BSP/Components/lis2dw12/lis2dw12.o
                0x0000000008002916                LIS2DW12_Write_Reg
 .text.LIS2DW12_ACC_SetOutputDataRate_When_Enabled
                0x000000000800294c      0x238 ./Drivers/BSP/Components/lis2dw12/lis2dw12.o
 .text.LIS2DW12_ACC_SetOutputDataRate_When_Disabled
                0x0000000008002b84      0x124 ./Drivers/BSP/Components/lis2dw12/lis2dw12.o
 .text.ReadRegWrap
                0x0000000008002ca8       0x36 ./Drivers/BSP/Components/lis2dw12/lis2dw12.o
 .text.WriteRegWrap
                0x0000000008002cde       0x36 ./Drivers/BSP/Components/lis2dw12/lis2dw12.o
 .text.lis2dw12_read_reg
                0x0000000008002d14       0x30 ./Drivers/BSP/Components/lis2dw12/lis2dw12_reg.o
                0x0000000008002d14                lis2dw12_read_reg
 .text.lis2dw12_write_reg
                0x0000000008002d44       0x30 ./Drivers/BSP/Components/lis2dw12/lis2dw12_reg.o
                0x0000000008002d44                lis2dw12_write_reg
 .text.lis2dw12_power_mode_set
                0x0000000008002d74       0x9c ./Drivers/BSP/Components/lis2dw12/lis2dw12_reg.o
                0x0000000008002d74                lis2dw12_power_mode_set
 .text.lis2dw12_power_mode_get
                0x0000000008002e10      0x174 ./Drivers/BSP/Components/lis2dw12/lis2dw12_reg.o
                0x0000000008002e10                lis2dw12_power_mode_get
 .text.lis2dw12_data_rate_set
                0x0000000008002f84       0x8a ./Drivers/BSP/Components/lis2dw12/lis2dw12_reg.o
                0x0000000008002f84                lis2dw12_data_rate_set
 *fill*         0x000000000800300e        0x2 
 .text.lis2dw12_data_rate_get
                0x0000000008003010      0x194 ./Drivers/BSP/Components/lis2dw12/lis2dw12_reg.o
                0x0000000008003010                lis2dw12_data_rate_get
 .text.lis2dw12_block_data_update_set
                0x00000000080031a4       0x4c ./Drivers/BSP/Components/lis2dw12/lis2dw12_reg.o
                0x00000000080031a4                lis2dw12_block_data_update_set
 .text.lis2dw12_full_scale_set
                0x00000000080031f0       0x4c ./Drivers/BSP/Components/lis2dw12/lis2dw12_reg.o
                0x00000000080031f0                lis2dw12_full_scale_set
 .text.lis2dw12_full_scale_get
                0x000000000800323c       0x70 ./Drivers/BSP/Components/lis2dw12/lis2dw12_reg.o
                0x000000000800323c                lis2dw12_full_scale_get
 .text.lis2dw12_acceleration_raw_get
                0x00000000080032ac       0x96 ./Drivers/BSP/Components/lis2dw12/lis2dw12_reg.o
                0x00000000080032ac                lis2dw12_acceleration_raw_get
 .text.lis2dw12_device_id_get
                0x0000000008003342       0x22 ./Drivers/BSP/Components/lis2dw12/lis2dw12_reg.o
                0x0000000008003342                lis2dw12_device_id_get
 .text.lis2dw12_auto_increment_set
                0x0000000008003364       0x4c ./Drivers/BSP/Components/lis2dw12/lis2dw12_reg.o
                0x0000000008003364                lis2dw12_auto_increment_set
 .text.lis2dw12_fifo_mode_set
                0x00000000080033b0       0x4c ./Drivers/BSP/Components/lis2dw12/lis2dw12_reg.o
                0x00000000080033b0                lis2dw12_fifo_mode_set
 .text.LIS2MDL_RegisterBusIO
                0x00000000080033fc      0x100 ./Drivers/BSP/Components/lis2mdl/lis2mdl.o
                0x00000000080033fc                LIS2MDL_RegisterBusIO
 .text.LIS2MDL_Init
                0x00000000080034fc      0x10c ./Drivers/BSP/Components/lis2mdl/lis2mdl.o
                0x00000000080034fc                LIS2MDL_Init
 .text.LIS2MDL_DeInit
                0x0000000008003608       0x2c ./Drivers/BSP/Components/lis2mdl/lis2mdl.o
                0x0000000008003608                LIS2MDL_DeInit
 .text.LIS2MDL_ReadID
                0x0000000008003634       0x4c ./Drivers/BSP/Components/lis2mdl/lis2mdl.o
                0x0000000008003634                LIS2MDL_ReadID
 .text.LIS2MDL_GetCapabilities
                0x0000000008003680       0x5c ./Drivers/BSP/Components/lis2mdl/lis2mdl.o
                0x0000000008003680                LIS2MDL_GetCapabilities
 .text.LIS2MDL_MAG_Enable
                0x00000000080036dc       0x84 ./Drivers/BSP/Components/lis2mdl/lis2mdl.o
                0x00000000080036dc                LIS2MDL_MAG_Enable
 .text.LIS2MDL_MAG_Disable
                0x0000000008003760       0x86 ./Drivers/BSP/Components/lis2mdl/lis2mdl.o
                0x0000000008003760                LIS2MDL_MAG_Disable
 .text.LIS2MDL_MAG_GetSensitivity
                0x00000000080037e6       0x20 ./Drivers/BSP/Components/lis2mdl/lis2mdl.o
                0x00000000080037e6                LIS2MDL_MAG_GetSensitivity
 *fill*         0x0000000008003806        0x2 
 .text.LIS2MDL_MAG_GetOutputDataRate
                0x0000000008003808       0x8c ./Drivers/BSP/Components/lis2mdl/lis2mdl.o
                0x0000000008003808                LIS2MDL_MAG_GetOutputDataRate
 .text.LIS2MDL_MAG_SetOutputDataRate
                0x0000000008003894       0xc8 ./Drivers/BSP/Components/lis2mdl/lis2mdl.o
                0x0000000008003894                LIS2MDL_MAG_SetOutputDataRate
 .text.LIS2MDL_MAG_GetFullScale
                0x000000000800395c       0x1e ./Drivers/BSP/Components/lis2mdl/lis2mdl.o
                0x000000000800395c                LIS2MDL_MAG_GetFullScale
 .text.LIS2MDL_MAG_SetFullScale
                0x000000000800397a       0x18 ./Drivers/BSP/Components/lis2mdl/lis2mdl.o
                0x000000000800397a                LIS2MDL_MAG_SetFullScale
 .text.LIS2MDL_MAG_GetAxesRaw
                0x0000000008003992       0x48 ./Drivers/BSP/Components/lis2mdl/lis2mdl.o
                0x0000000008003992                LIS2MDL_MAG_GetAxesRaw
 .text.LIS2MDL_MAG_GetAxes
                0x00000000080039da      0x114 ./Drivers/BSP/Components/lis2mdl/lis2mdl.o
                0x00000000080039da                LIS2MDL_MAG_GetAxes
 .text.LIS2MDL_Write_Reg
                0x0000000008003aee       0x56 ./Drivers/BSP/Components/lis2mdl/lis2mdl.o
                0x0000000008003aee                LIS2MDL_Write_Reg
 .text.ReadMagRegWrap
                0x0000000008003b44       0x82 ./Drivers/BSP/Components/lis2mdl/lis2mdl.o
 .text.WriteMagRegWrap
                0x0000000008003bc6       0x82 ./Drivers/BSP/Components/lis2mdl/lis2mdl.o
 .text.LSM6DSOX_SENSORHUB_LIS2MDL_ReadShData
                0x0000000008003c48      0x27e ./Drivers/BSP/Components/lis2mdl/lis2mdl.o
 .text.LSM6DSOX_SENSORHUB_LIS2MDL_WriteShData
                0x0000000008003ec6      0x23c ./Drivers/BSP/Components/lis2mdl/lis2mdl.o
 .text.lis2mdl_read_reg
                0x0000000008004102       0x30 ./Drivers/BSP/Components/lis2mdl/lis2mdl_reg.o
                0x0000000008004102                lis2mdl_read_reg
 .text.lis2mdl_write_reg
                0x0000000008004132       0x30 ./Drivers/BSP/Components/lis2mdl/lis2mdl_reg.o
                0x0000000008004132                lis2mdl_write_reg
 .text.lis2mdl_operating_mode_set
                0x0000000008004162       0x4c ./Drivers/BSP/Components/lis2mdl/lis2mdl_reg.o
                0x0000000008004162                lis2mdl_operating_mode_set
 .text.lis2mdl_data_rate_set
                0x00000000080041ae       0x4c ./Drivers/BSP/Components/lis2mdl/lis2mdl_reg.o
                0x00000000080041ae                lis2mdl_data_rate_set
 *fill*         0x00000000080041fa        0x2 
 .text.lis2mdl_data_rate_get
                0x00000000080041fc       0x70 ./Drivers/BSP/Components/lis2mdl/lis2mdl_reg.o
                0x00000000080041fc                lis2mdl_data_rate_get
 .text.lis2mdl_block_data_update_set
                0x000000000800426c       0x4c ./Drivers/BSP/Components/lis2mdl/lis2mdl_reg.o
                0x000000000800426c                lis2mdl_block_data_update_set
 .text.lis2mdl_magnetic_raw_get
                0x00000000080042b8       0x96 ./Drivers/BSP/Components/lis2mdl/lis2mdl_reg.o
                0x00000000080042b8                lis2mdl_magnetic_raw_get
 .text.lis2mdl_device_id_get
                0x000000000800434e       0x22 ./Drivers/BSP/Components/lis2mdl/lis2mdl_reg.o
                0x000000000800434e                lis2mdl_device_id_get
 .text.lis2mdl_self_test_set
                0x0000000008004370       0x4c ./Drivers/BSP/Components/lis2mdl/lis2mdl_reg.o
                0x0000000008004370                lis2mdl_self_test_set
 .text.lis2mdl_i2c_interface_set
                0x00000000080043bc       0x4c ./Drivers/BSP/Components/lis2mdl/lis2mdl_reg.o
                0x00000000080043bc                lis2mdl_i2c_interface_set
 .text.LSM6DSO_RegisterBusIO
                0x0000000008004408       0xd4 ./Drivers/BSP/Components/lsm6dso/lsm6dso.o
                0x0000000008004408                LSM6DSO_RegisterBusIO
 .text.LSM6DSO_Init
                0x00000000080044dc       0xea ./Drivers/BSP/Components/lsm6dso/lsm6dso.o
                0x00000000080044dc                LSM6DSO_Init
 .text.LSM6DSO_DeInit
                0x00000000080045c6       0x4e ./Drivers/BSP/Components/lsm6dso/lsm6dso.o
                0x00000000080045c6                LSM6DSO_DeInit
 .text.LSM6DSO_ReadID
                0x0000000008004614       0x2c ./Drivers/BSP/Components/lsm6dso/lsm6dso.o
                0x0000000008004614                LSM6DSO_ReadID
 .text.LSM6DSO_GetCapabilities
                0x0000000008004640       0x5c ./Drivers/BSP/Components/lsm6dso/lsm6dso.o
                0x0000000008004640                LSM6DSO_GetCapabilities
 .text.LSM6DSO_ACC_Enable
                0x000000000800469c       0x48 ./Drivers/BSP/Components/lsm6dso/lsm6dso.o
                0x000000000800469c                LSM6DSO_ACC_Enable
 .text.LSM6DSO_ACC_Disable
                0x00000000080046e4       0x5e ./Drivers/BSP/Components/lsm6dso/lsm6dso.o
                0x00000000080046e4                LSM6DSO_ACC_Disable
 *fill*         0x0000000008004742        0x2 
 .text.LSM6DSO_ACC_GetSensitivity
                0x0000000008004744       0x8c ./Drivers/BSP/Components/lsm6dso/lsm6dso.o
                0x0000000008004744                LSM6DSO_ACC_GetSensitivity
 .text.LSM6DSO_ACC_GetOutputDataRate
                0x00000000080047d0      0x108 ./Drivers/BSP/Components/lsm6dso/lsm6dso.o
                0x00000000080047d0                LSM6DSO_ACC_GetOutputDataRate
 .text.LSM6DSO_ACC_SetOutputDataRate
                0x00000000080048d8       0x22 ./Drivers/BSP/Components/lsm6dso/lsm6dso.o
                0x00000000080048d8                LSM6DSO_ACC_SetOutputDataRate
 *fill*         0x00000000080048fa        0x2 
 .text.LSM6DSO_ACC_SetOutputDataRate_With_Mode
                0x00000000080048fc      0x33c ./Drivers/BSP/Components/lsm6dso/lsm6dso.o
                0x00000000080048fc                LSM6DSO_ACC_SetOutputDataRate_With_Mode
 .text.LSM6DSO_ACC_GetFullScale
                0x0000000008004c38       0x7c ./Drivers/BSP/Components/lsm6dso/lsm6dso.o
                0x0000000008004c38                LSM6DSO_ACC_GetFullScale
 .text.LSM6DSO_ACC_SetFullScale
                0x0000000008004cb4       0x50 ./Drivers/BSP/Components/lsm6dso/lsm6dso.o
                0x0000000008004cb4                LSM6DSO_ACC_SetFullScale
 .text.LSM6DSO_ACC_GetAxesRaw
                0x0000000008004d04       0x48 ./Drivers/BSP/Components/lsm6dso/lsm6dso.o
                0x0000000008004d04                LSM6DSO_ACC_GetAxesRaw
 .text.LSM6DSO_ACC_GetAxes
                0x0000000008004d4c       0xae ./Drivers/BSP/Components/lsm6dso/lsm6dso.o
                0x0000000008004d4c                LSM6DSO_ACC_GetAxes
 .text.LSM6DSO_GYRO_Enable
                0x0000000008004dfa       0x48 ./Drivers/BSP/Components/lsm6dso/lsm6dso.o
                0x0000000008004dfa                LSM6DSO_GYRO_Enable
 .text.LSM6DSO_GYRO_Disable
                0x0000000008004e42       0x5e ./Drivers/BSP/Components/lsm6dso/lsm6dso.o
                0x0000000008004e42                LSM6DSO_GYRO_Disable
 .text.LSM6DSO_GYRO_GetSensitivity
                0x0000000008004ea0       0xa4 ./Drivers/BSP/Components/lsm6dso/lsm6dso.o
                0x0000000008004ea0                LSM6DSO_GYRO_GetSensitivity
 .text.LSM6DSO_GYRO_GetOutputDataRate
                0x0000000008004f44       0xf8 ./Drivers/BSP/Components/lsm6dso/lsm6dso.o
                0x0000000008004f44                LSM6DSO_GYRO_GetOutputDataRate
 .text.LSM6DSO_GYRO_SetOutputDataRate
                0x000000000800503c       0x22 ./Drivers/BSP/Components/lsm6dso/lsm6dso.o
                0x000000000800503c                LSM6DSO_GYRO_SetOutputDataRate
 *fill*         0x000000000800505e        0x2 
 .text.LSM6DSO_GYRO_SetOutputDataRate_With_Mode
                0x0000000008005060      0x12c ./Drivers/BSP/Components/lsm6dso/lsm6dso.o
                0x0000000008005060                LSM6DSO_GYRO_SetOutputDataRate_With_Mode
 .text.LSM6DSO_GYRO_GetFullScale
                0x000000000800518c       0x94 ./Drivers/BSP/Components/lsm6dso/lsm6dso.o
                0x000000000800518c                LSM6DSO_GYRO_GetFullScale
 .text.LSM6DSO_GYRO_SetFullScale
                0x0000000008005220       0x5e ./Drivers/BSP/Components/lsm6dso/lsm6dso.o
                0x0000000008005220                LSM6DSO_GYRO_SetFullScale
 .text.LSM6DSO_GYRO_GetAxesRaw
                0x000000000800527e       0x48 ./Drivers/BSP/Components/lsm6dso/lsm6dso.o
                0x000000000800527e                LSM6DSO_GYRO_GetAxesRaw
 .text.LSM6DSO_GYRO_GetAxes
                0x00000000080052c6       0xa8 ./Drivers/BSP/Components/lsm6dso/lsm6dso.o
                0x00000000080052c6                LSM6DSO_GYRO_GetAxes
 .text.LSM6DSO_Write_Reg
                0x000000000800536e       0x36 ./Drivers/BSP/Components/lsm6dso/lsm6dso.o
                0x000000000800536e                LSM6DSO_Write_Reg
 .text.LSM6DSO_ACC_SetOutputDataRate_When_Enabled
                0x00000000080053a4      0x130 ./Drivers/BSP/Components/lsm6dso/lsm6dso.o
 .text.LSM6DSO_ACC_SetOutputDataRate_When_Disabled
                0x00000000080054d4      0x120 ./Drivers/BSP/Components/lsm6dso/lsm6dso.o
 .text.LSM6DSO_GYRO_SetOutputDataRate_When_Enabled
                0x00000000080055f4      0x118 ./Drivers/BSP/Components/lsm6dso/lsm6dso.o
 .text.LSM6DSO_GYRO_SetOutputDataRate_When_Disabled
                0x000000000800570c      0x104 ./Drivers/BSP/Components/lsm6dso/lsm6dso.o
 .text.ReadRegWrap
                0x0000000008005810       0x36 ./Drivers/BSP/Components/lsm6dso/lsm6dso.o
 .text.WriteRegWrap
                0x0000000008005846       0x36 ./Drivers/BSP/Components/lsm6dso/lsm6dso.o
 .text.lsm6dso_read_reg
                0x000000000800587c       0x30 ./Drivers/BSP/Components/lsm6dso/lsm6dso_reg.o
                0x000000000800587c                lsm6dso_read_reg
 .text.lsm6dso_write_reg
                0x00000000080058ac       0x30 ./Drivers/BSP/Components/lsm6dso/lsm6dso_reg.o
                0x00000000080058ac                lsm6dso_write_reg
 .text.lsm6dso_xl_full_scale_set
                0x00000000080058dc       0x4c ./Drivers/BSP/Components/lsm6dso/lsm6dso_reg.o
                0x00000000080058dc                lsm6dso_xl_full_scale_set
 .text.lsm6dso_xl_full_scale_get
                0x0000000008005928       0x70 ./Drivers/BSP/Components/lsm6dso/lsm6dso_reg.o
                0x0000000008005928                lsm6dso_xl_full_scale_get
 .text.lsm6dso_xl_data_rate_set
                0x0000000008005998      0x1f8 ./Drivers/BSP/Components/lsm6dso/lsm6dso_reg.o
                0x0000000008005998                lsm6dso_xl_data_rate_set
 .text.lsm6dso_xl_data_rate_get
                0x0000000008005b90       0xd0 ./Drivers/BSP/Components/lsm6dso/lsm6dso_reg.o
                0x0000000008005b90                lsm6dso_xl_data_rate_get
 .text.lsm6dso_gy_full_scale_set
                0x0000000008005c60       0x4c ./Drivers/BSP/Components/lsm6dso/lsm6dso_reg.o
                0x0000000008005c60                lsm6dso_gy_full_scale_set
 .text.lsm6dso_gy_full_scale_get
                0x0000000008005cac       0x84 ./Drivers/BSP/Components/lsm6dso/lsm6dso_reg.o
                0x0000000008005cac                lsm6dso_gy_full_scale_get
 .text.lsm6dso_gy_data_rate_set
                0x0000000008005d30      0x1f8 ./Drivers/BSP/Components/lsm6dso/lsm6dso_reg.o
                0x0000000008005d30                lsm6dso_gy_data_rate_set
 .text.lsm6dso_gy_data_rate_get
                0x0000000008005f28       0xc4 ./Drivers/BSP/Components/lsm6dso/lsm6dso_reg.o
                0x0000000008005f28                lsm6dso_gy_data_rate_get
 .text.lsm6dso_block_data_update_set
                0x0000000008005fec       0x4c ./Drivers/BSP/Components/lsm6dso/lsm6dso_reg.o
                0x0000000008005fec                lsm6dso_block_data_update_set
 .text.lsm6dso_angular_rate_raw_get
                0x0000000008006038       0x96 ./Drivers/BSP/Components/lsm6dso/lsm6dso_reg.o
                0x0000000008006038                lsm6dso_angular_rate_raw_get
 .text.lsm6dso_acceleration_raw_get
                0x00000000080060ce       0x96 ./Drivers/BSP/Components/lsm6dso/lsm6dso_reg.o
                0x00000000080060ce                lsm6dso_acceleration_raw_get
 .text.lsm6dso_mem_bank_set
                0x0000000008006164       0x4c ./Drivers/BSP/Components/lsm6dso/lsm6dso_reg.o
                0x0000000008006164                lsm6dso_mem_bank_set
 .text.lsm6dso_device_id_get
                0x00000000080061b0       0x22 ./Drivers/BSP/Components/lsm6dso/lsm6dso_reg.o
                0x00000000080061b0                lsm6dso_device_id_get
 .text.lsm6dso_auto_increment_set
                0x00000000080061d2       0x4c ./Drivers/BSP/Components/lsm6dso/lsm6dso_reg.o
                0x00000000080061d2                lsm6dso_auto_increment_set
 .text.lsm6dso_i3c_disable_set
                0x000000000800621e       0x8c ./Drivers/BSP/Components/lsm6dso/lsm6dso_reg.o
                0x000000000800621e                lsm6dso_i3c_disable_set
 .text.lsm6dso_fifo_mode_set
                0x00000000080062aa       0x4c ./Drivers/BSP/Components/lsm6dso/lsm6dso_reg.o
                0x00000000080062aa                lsm6dso_fifo_mode_set
 .text.lsm6dso_fsm_enable_get
                0x00000000080062f6       0x42 ./Drivers/BSP/Components/lsm6dso/lsm6dso_reg.o
                0x00000000080062f6                lsm6dso_fsm_enable_get
 .text.lsm6dso_fsm_data_rate_get
                0x0000000008006338       0x90 ./Drivers/BSP/Components/lsm6dso/lsm6dso_reg.o
                0x0000000008006338                lsm6dso_fsm_data_rate_get
 .text.IKS01A3_MOTION_SENSOR_Init
                0x00000000080063c8      0x1f8 ./Drivers/BSP/IKS01A3/iks01a3_motion_sensors.o
                0x00000000080063c8                IKS01A3_MOTION_SENSOR_Init
 .text.IKS01A3_MOTION_SENSOR_DeInit
                0x00000000080065c0       0x50 ./Drivers/BSP/IKS01A3/iks01a3_motion_sensors.o
                0x00000000080065c0                IKS01A3_MOTION_SENSOR_DeInit
 .text.IKS01A3_MOTION_SENSOR_Enable
                0x0000000008006610       0x84 ./Drivers/BSP/IKS01A3/iks01a3_motion_sensors.o
                0x0000000008006610                IKS01A3_MOTION_SENSOR_Enable
 .text.IKS01A3_MOTION_SENSOR_Disable
                0x0000000008006694       0x84 ./Drivers/BSP/IKS01A3/iks01a3_motion_sensors.o
                0x0000000008006694                IKS01A3_MOTION_SENSOR_Disable
 .text.IKS01A3_MOTION_SENSOR_GetAxes
                0x0000000008006718       0x88 ./Drivers/BSP/IKS01A3/iks01a3_motion_sensors.o
                0x0000000008006718                IKS01A3_MOTION_SENSOR_GetAxes
 .text.IKS01A3_MOTION_SENSOR_GetOutputDataRate
                0x00000000080067a0       0x88 ./Drivers/BSP/IKS01A3/iks01a3_motion_sensors.o
                0x00000000080067a0                IKS01A3_MOTION_SENSOR_GetOutputDataRate
 .text.IKS01A3_MOTION_SENSOR_SetOutputDataRate
                0x0000000008006828       0x8c ./Drivers/BSP/IKS01A3/iks01a3_motion_sensors.o
                0x0000000008006828                IKS01A3_MOTION_SENSOR_SetOutputDataRate
 .text.LSM6DSO_0_Probe
                0x00000000080068b4      0x180 ./Drivers/BSP/IKS01A3/iks01a3_motion_sensors.o
 .text.LIS2DW12_0_Probe
                0x0000000008006a34      0x150 ./Drivers/BSP/IKS01A3/iks01a3_motion_sensors.o
 .text.LIS2MDL_0_Probe
                0x0000000008006b84      0x150 ./Drivers/BSP/IKS01A3/iks01a3_motion_sensors.o
 .text.HAL_Init
                0x0000000008006cd4       0x44 ./Drivers/STM32F4xx_HAL_Driver/Src/stm32f4xx_hal.o
                0x0000000008006cd4                HAL_Init
 .text.HAL_InitTick
                0x0000000008006d18       0x60 ./Drivers/STM32F4xx_HAL_Driver/Src/stm32f4xx_hal.o
                0x0000000008006d18                HAL_InitTick
 .text.HAL_IncTick
                0x0000000008006d78       0x28 ./Drivers/STM32F4xx_HAL_Driver/Src/stm32f4xx_hal.o
                0x0000000008006d78                HAL_IncTick
 .text.HAL_GetTick
                0x0000000008006da0       0x18 ./Drivers/STM32F4xx_HAL_Driver/Src/stm32f4xx_hal.o
                0x0000000008006da0                HAL_GetTick
 .text.HAL_Delay
                0x0000000008006db8       0x48 ./Drivers/STM32F4xx_HAL_Driver/Src/stm32f4xx_hal.o
                0x0000000008006db8                HAL_Delay
 .text.__NVIC_SetPriorityGrouping
                0x0000000008006e00       0x48 ./Drivers/STM32F4xx_HAL_Driver/Src/stm32f4xx_hal_cortex.o
 .text.__NVIC_GetPriorityGrouping
                0x0000000008006e48       0x1c ./Drivers/STM32F4xx_HAL_Driver/Src/stm32f4xx_hal_cortex.o
 .text.__NVIC_EnableIRQ
                0x0000000008006e64       0x3c ./Drivers/STM32F4xx_HAL_Driver/Src/stm32f4xx_hal_cortex.o
 .text.__NVIC_SetPriority
                0x0000000008006ea0       0x54 ./Drivers/STM32F4xx_HAL_Driver/Src/stm32f4xx_hal_cortex.o
 .text.NVIC_EncodePriority
                0x0000000008006ef4       0x66 ./Drivers/STM32F4xx_HAL_Driver/Src/stm32f4xx_hal_cortex.o
 *fill*         0x0000000008006f5a        0x2 
 .text.SysTick_Config
                0x0000000008006f5c       0x44 ./Drivers/STM32F4xx_HAL_Driver/Src/stm32f4xx_hal_cortex.o
 .text.HAL_NVIC_SetPriorityGrouping
                0x0000000008006fa0       0x16 ./Drivers/STM32F4xx_HAL_Driver/Src/stm32f4xx_hal_cortex.o
                0x0000000008006fa0                HAL_NVIC_SetPriorityGrouping
 .text.HAL_NVIC_SetPriority
                0x0000000008006fb6       0x38 ./Drivers/STM32F4xx_HAL_Driver/Src/stm32f4xx_hal_cortex.o
                0x0000000008006fb6                HAL_NVIC_SetPriority
 .text.HAL_NVIC_EnableIRQ
                0x0000000008006fee       0x1c ./Drivers/STM32F4xx_HAL_Driver/Src/stm32f4xx_hal_cortex.o
                0x0000000008006fee                HAL_NVIC_EnableIRQ
 .text.HAL_SYSTICK_Config
                0x000000000800700a       0x18 ./Drivers/STM32F4xx_HAL_Driver/Src/stm32f4xx_hal_cortex.o
                0x000000000800700a                HAL_SYSTICK_Config
 *fill*         0x0000000008007022        0x2 
 .text.HAL_GPIO_Init
                0x0000000008007024      0x308 ./Drivers/STM32F4xx_HAL_Driver/Src/stm32f4xx_hal_gpio.o
                0x0000000008007024                HAL_GPIO_Init
 .text.HAL_GPIO_DeInit
                0x000000000800732c      0x1c8 ./Drivers/STM32F4xx_HAL_Driver/Src/stm32f4xx_hal_gpio.o
                0x000000000800732c                HAL_GPIO_DeInit
 .text.HAL_GPIO_WritePin
                0x00000000080074f4       0x32 ./Drivers/STM32F4xx_HAL_Driver/Src/stm32f4xx_hal_gpio.o
                0x00000000080074f4                HAL_GPIO_WritePin
 *fill*         0x0000000008007526        0x2 
 .text.HAL_GPIO_EXTI_IRQHandler
                0x0000000008007528       0x30 ./Drivers/STM32F4xx_HAL_Driver/Src/stm32f4xx_hal_gpio.o
                0x0000000008007528                HAL_GPIO_EXTI_IRQHandler
 .text.HAL_GPIO_EXTI_Callback
                0x0000000008007558       0x16 ./Drivers/STM32F4xx_HAL_Driver/Src/stm32f4xx_hal_gpio.o
                0x0000000008007558                HAL_GPIO_EXTI_Callback
 *fill*         0x000000000800756e        0x2 
 .text.HAL_I2C_Init
                0x0000000008007570      0x288 ./Drivers/STM32F4xx_HAL_Driver/Src/stm32f4xx_hal_i2c.o
                0x0000000008007570                HAL_I2C_Init
 .text.HAL_I2C_DeInit
                0x00000000080077f8       0x5e ./Drivers/STM32F4xx_HAL_Driver/Src/stm32f4xx_hal_i2c.o
                0x00000000080077f8                HAL_I2C_DeInit
 .text.HAL_I2C_MspInit
                0x0000000008007856       0x14 ./Drivers/STM32F4xx_HAL_Driver/Src/stm32f4xx_hal_i2c.o
                0x0000000008007856                HAL_I2C_MspInit
 .text.HAL_I2C_MspDeInit
                0x000000000800786a       0x14 ./Drivers/STM32F4xx_HAL_Driver/Src/stm32f4xx_hal_i2c.o
                0x000000000800786a                HAL_I2C_MspDeInit
 *fill*         0x000000000800787e        0x2 
 .text.HAL_I2C_Mem_Write
                0x0000000008007880      0x1f4 ./Drivers/STM32F4xx_HAL_Driver/Src/stm32f4xx_hal_i2c.o
                0x0000000008007880                HAL_I2C_Mem_Write
 .text.HAL_I2C_Mem_Read
                0x0000000008007a74      0x44c ./Drivers/STM32F4xx_HAL_Driver/Src/stm32f4xx_hal_i2c.o
                0x0000000008007a74                HAL_I2C_Mem_Read
 .text.HAL_I2C_GetState
                0x0000000008007ec0       0x1c ./Drivers/STM32F4xx_HAL_Driver/Src/stm32f4xx_hal_i2c.o
                0x0000000008007ec0                HAL_I2C_GetState
 .text.HAL_I2C_GetError
                0x0000000008007edc       0x18 ./Drivers/STM32F4xx_HAL_Driver/Src/stm32f4xx_hal_i2c.o
                0x0000000008007edc                HAL_I2C_GetError
 .text.I2C_RequestMemoryWrite
                0x0000000008007ef4      0x12c ./Drivers/STM32F4xx_HAL_Driver/Src/stm32f4xx_hal_i2c.o
 .text.I2C_RequestMemoryRead
                0x0000000008008020      0x1d0 ./Drivers/STM32F4xx_HAL_Driver/Src/stm32f4xx_hal_i2c.o
 .text.I2C_WaitOnFlagUntilTimeout
                0x00000000080081f0       0xae ./Drivers/STM32F4xx_HAL_Driver/Src/stm32f4xx_hal_i2c.o
 .text.I2C_WaitOnMasterAddressFlagUntilTimeout
                0x000000000800829e       0xfe ./Drivers/STM32F4xx_HAL_Driver/Src/stm32f4xx_hal_i2c.o
 .text.I2C_WaitOnTXEFlagUntilTimeout
                0x000000000800839c       0x82 ./Drivers/STM32F4xx_HAL_Driver/Src/stm32f4xx_hal_i2c.o
 .text.I2C_WaitOnBTFFlagUntilTimeout
                0x000000000800841e       0x82 ./Drivers/STM32F4xx_HAL_Driver/Src/stm32f4xx_hal_i2c.o
 .text.I2C_WaitOnRXNEFlagUntilTimeout
                0x00000000080084a0       0xac ./Drivers/STM32F4xx_HAL_Driver/Src/stm32f4xx_hal_i2c.o
 .text.I2C_IsAcknowledgeFailed
                0x000000000800854c       0x5e ./Drivers/STM32F4xx_HAL_Driver/Src/stm32f4xx_hal_i2c.o
 *fill*         0x00000000080085aa        0x2 
 .text.HAL_RCC_OscConfig
                0x00000000080085ac      0x4f0 ./Drivers/STM32F4xx_HAL_Driver/Src/stm32f4xx_hal_rcc.o
                0x00000000080085ac                HAL_RCC_OscConfig
 .text.HAL_RCC_ClockConfig
                0x0000000008008a9c      0x1cc ./Drivers/STM32F4xx_HAL_Driver/Src/stm32f4xx_hal_rcc.o
                0x0000000008008a9c                HAL_RCC_ClockConfig
 .text.HAL_RCC_GetSysClockFreq
                0x0000000008008c68      0x20c ./Drivers/STM32F4xx_HAL_Driver/Src/stm32f4xx_hal_rcc.o
                0x0000000008008c68                HAL_RCC_GetSysClockFreq
 .text.HAL_RCC_GetHCLKFreq
                0x0000000008008e74       0x18 ./Drivers/STM32F4xx_HAL_Driver/Src/stm32f4xx_hal_rcc.o
                0x0000000008008e74                HAL_RCC_GetHCLKFreq
 .text.HAL_RCC_GetPCLK1Freq
                0x0000000008008e8c       0x28 ./Drivers/STM32F4xx_HAL_Driver/Src/stm32f4xx_hal_rcc.o
                0x0000000008008e8c                HAL_RCC_GetPCLK1Freq
 .text.HAL_RCC_GetPCLK2Freq
                0x0000000008008eb4       0x28 ./Drivers/STM32F4xx_HAL_Driver/Src/stm32f4xx_hal_rcc.o
                0x0000000008008eb4                HAL_RCC_GetPCLK2Freq
 .text.HAL_SPI_Init
                0x0000000008008edc      0x112 ./Drivers/STM32F4xx_HAL_Driver/Src/stm32f4xx_hal_spi.o
                0x0000000008008edc                HAL_SPI_Init
 .text.HAL_SPI_Transmit
                0x0000000008008fee      0x278 ./Drivers/STM32F4xx_HAL_Driver/Src/stm32f4xx_hal_spi.o
                0x0000000008008fee                HAL_SPI_Transmit
 .text.HAL_SPI_TransmitReceive
                0x0000000008009266      0x344 ./Drivers/STM32F4xx_HAL_Driver/Src/stm32f4xx_hal_spi.o
                0x0000000008009266                HAL_SPI_TransmitReceive
 *fill*         0x00000000080095aa        0x2 
 .text.SPI_WaitFlagStateUntilTimeout
                0x00000000080095ac      0x110 ./Drivers/STM32F4xx_HAL_Driver/Src/stm32f4xx_hal_spi.o
 .text.SPI_EndRxTxTransaction
                0x00000000080096bc       0x84 ./Drivers/STM32F4xx_HAL_Driver/Src/stm32f4xx_hal_spi.o
 .text.HAL_TIM_Base_Init
                0x0000000008009740       0x9e ./Drivers/STM32F4xx_HAL_Driver/Src/stm32f4xx_hal_tim.o
                0x0000000008009740                HAL_TIM_Base_Init
 *fill*         0x00000000080097de        0x2 
 .text.HAL_TIM_Base_Start_IT
                0x00000000080097e0       0xc4 ./Drivers/STM32F4xx_HAL_Driver/Src/stm32f4xx_hal_tim.o
                0x00000000080097e0                HAL_TIM_Base_Start_IT
 .text.HAL_TIM_Base_Stop_IT
                0x00000000080098a4       0x5e ./Drivers/STM32F4xx_HAL_Driver/Src/stm32f4xx_hal_tim.o
                0x00000000080098a4                HAL_TIM_Base_Stop_IT
 .text.HAL_TIM_IRQHandler
                0x0000000008009902      0x210 ./Drivers/STM32F4xx_HAL_Driver/Src/stm32f4xx_hal_tim.o
                0x0000000008009902                HAL_TIM_IRQHandler
 .text.HAL_TIM_ConfigClockSource
                0x0000000008009b12      0x18e ./Drivers/STM32F4xx_HAL_Driver/Src/stm32f4xx_hal_tim.o
                0x0000000008009b12                HAL_TIM_ConfigClockSource
 .text.HAL_TIM_PeriodElapsedCallback
                0x0000000008009ca0       0x14 ./Drivers/STM32F4xx_HAL_Driver/Src/stm32f4xx_hal_tim.o
                0x0000000008009ca0                HAL_TIM_PeriodElapsedCallback
 .text.HAL_TIM_OC_DelayElapsedCallback
                0x0000000008009cb4       0x14 ./Drivers/STM32F4xx_HAL_Driver/Src/stm32f4xx_hal_tim.o
                0x0000000008009cb4                HAL_TIM_OC_DelayElapsedCallback
 .text.HAL_TIM_IC_CaptureCallback
                0x0000000008009cc8       0x14 ./Drivers/STM32F4xx_HAL_Driver/Src/stm32f4xx_hal_tim.o
                0x0000000008009cc8                HAL_TIM_IC_CaptureCallback
 .text.HAL_TIM_PWM_PulseFinishedCallback
                0x0000000008009cdc       0x14 ./Drivers/STM32F4xx_HAL_Driver/Src/stm32f4xx_hal_tim.o
                0x0000000008009cdc                HAL_TIM_PWM_PulseFinishedCallback
 .text.HAL_TIM_TriggerCallback
                0x0000000008009cf0       0x14 ./Drivers/STM32F4xx_HAL_Driver/Src/stm32f4xx_hal_tim.o
                0x0000000008009cf0                HAL_TIM_TriggerCallback
 .text.TIM_Base_SetConfig
                0x0000000008009d04      0x100 ./Drivers/STM32F4xx_HAL_Driver/Src/stm32f4xx_hal_tim.o
                0x0000000008009d04                TIM_Base_SetConfig
 .text.TIM_TI1_ConfigInputStage
                0x0000000008009e04       0x5e ./Drivers/STM32F4xx_HAL_Driver/Src/stm32f4xx_hal_tim.o
 .text.TIM_TI2_ConfigInputStage
                0x0000000008009e62       0x60 ./Drivers/STM32F4xx_HAL_Driver/Src/stm32f4xx_hal_tim.o
 .text.TIM_ITRx_SetConfig
                0x0000000008009ec2       0x36 ./Drivers/STM32F4xx_HAL_Driver/Src/stm32f4xx_hal_tim.o
 .text.TIM_ETR_SetConfig
                0x0000000008009ef8       0x40 ./Drivers/STM32F4xx_HAL_Driver/Src/stm32f4xx_hal_tim.o
                0x0000000008009ef8                TIM_ETR_SetConfig
 .text.HAL_TIMEx_MasterConfigSynchronization
                0x0000000008009f38       0xdc ./Drivers/STM32F4xx_HAL_Driver/Src/stm32f4xx_hal_tim_ex.o
                0x0000000008009f38                HAL_TIMEx_MasterConfigSynchronization
 .text.HAL_TIMEx_CommutCallback
                0x000000000800a014       0x14 ./Drivers/STM32F4xx_HAL_Driver/Src/stm32f4xx_hal_tim_ex.o
                0x000000000800a014                HAL_TIMEx_CommutCallback
 .text.HAL_TIMEx_BreakCallback
                0x000000000800a028       0x14 ./Drivers/STM32F4xx_HAL_Driver/Src/stm32f4xx_hal_tim_ex.o
                0x000000000800a028                HAL_TIMEx_BreakCallback
 .text.HAL_UART_Init
                0x000000000800a03c       0x9a ./Drivers/STM32F4xx_HAL_Driver/Src/stm32f4xx_hal_uart.o
                0x000000000800a03c                HAL_UART_Init
 .text.HAL_UART_Transmit
                0x000000000800a0d6      0x124 ./Drivers/STM32F4xx_HAL_Driver/Src/stm32f4xx_hal_uart.o
                0x000000000800a0d6                HAL_UART_Transmit
 .text.UART_WaitOnFlagUntilTimeout
                0x000000000800a1fa       0xdc ./Drivers/STM32F4xx_HAL_Driver/Src/stm32f4xx_hal_uart.o
 *fill*         0x000000000800a2d6        0x2 
 .text.UART_SetConfig
                0x000000000800a2d8      0x4e8 ./Drivers/STM32F4xx_HAL_Driver/Src/stm32f4xx_hal_uart.o
 .text.MX_FATFS_Init
                0x000000000800a7c0       0x24 ./FATFS/App/fatfs.o
                0x000000000800a7c0                MX_FATFS_Init
 .text.get_fattime
                0x000000000800a7e4       0x10 ./FATFS/App/fatfs.o
                0x000000000800a7e4                get_fattime
 .text.USER_initialize
                0x000000000800a7f4       0x1c ./FATFS/Target/user_diskio.o
                0x000000000800a7f4                USER_initialize
 .text.USER_status
                0x000000000800a810       0x1c ./FATFS/Target/user_diskio.o
                0x000000000800a810                USER_status
 .text.USER_read
                0x000000000800a82c       0x26 ./FATFS/Target/user_diskio.o
                0x000000000800a82c                USER_read
 .text.USER_write
                0x000000000800a852       0x26 ./FATFS/Target/user_diskio.o
                0x000000000800a852                USER_write
 .text.USER_ioctl
                0x000000000800a878       0x26 ./FATFS/Target/user_diskio.o
                0x000000000800a878                USER_ioctl
 *fill*         0x000000000800a89e        0x2 
 .text.disk_status
                0x000000000800a8a0       0x34 ./Middlewares/Third_Party/FatFs/src/diskio.o
                0x000000000800a8a0                disk_status
 .text.disk_initialize
                0x000000000800a8d4       0x4c ./Middlewares/Third_Party/FatFs/src/diskio.o
                0x000000000800a8d4                disk_initialize
 .text.disk_read
                0x000000000800a920       0x40 ./Middlewares/Third_Party/FatFs/src/diskio.o
                0x000000000800a920                disk_read
 .text.disk_write
                0x000000000800a960       0x40 ./Middlewares/Third_Party/FatFs/src/diskio.o
                0x000000000800a960                disk_write
 .text.disk_ioctl
                0x000000000800a9a0       0x3c ./Middlewares/Third_Party/FatFs/src/diskio.o
                0x000000000800a9a0                disk_ioctl
 .text.ld_word  0x000000000800a9dc       0x30 ./Middlewares/Third_Party/FatFs/src/ff.o
 .text.ld_dword
                0x000000000800aa0c       0x46 ./Middlewares/Third_Party/FatFs/src/ff.o
 .text.st_word  0x000000000800aa52       0x36 ./Middlewares/Third_Party/FatFs/src/ff.o
 .text.st_dword
                0x000000000800aa88       0x58 ./Middlewares/Third_Party/FatFs/src/ff.o
 .text.mem_cpy  0x000000000800aae0       0x42 ./Middlewares/Third_Party/FatFs/src/ff.o
 .text.mem_set  0x000000000800ab22       0x36 ./Middlewares/Third_Party/FatFs/src/ff.o
 .text.mem_cmp  0x000000000800ab58       0x4e ./Middlewares/Third_Party/FatFs/src/ff.o
 .text.chk_chr  0x000000000800aba6       0x36 ./Middlewares/Third_Party/FatFs/src/ff.o
 .text.chk_lock
                0x000000000800abdc       0xb8 ./Middlewares/Third_Party/FatFs/src/ff.o
 .text.enq_lock
                0x000000000800ac94       0x44 ./Middlewares/Third_Party/FatFs/src/ff.o
 .text.inc_lock
                0x000000000800acd8      0x11c ./Middlewares/Third_Party/FatFs/src/ff.o
 .text.dec_lock
                0x000000000800adf4       0x78 ./Middlewares/Third_Party/FatFs/src/ff.o
 .text.clear_lock
                0x000000000800ae6c       0x48 ./Middlewares/Third_Party/FatFs/src/ff.o
 .text.sync_window
                0x000000000800aeb4       0x88 ./Middlewares/Third_Party/FatFs/src/ff.o
 .text.move_window
                0x000000000800af3c       0x5a ./Middlewares/Third_Party/FatFs/src/ff.o
 *fill*         0x000000000800af96        0x2 
 .text.sync_fs  0x000000000800af98       0xe0 ./Middlewares/Third_Party/FatFs/src/ff.o
 .text.clust2sect
                0x000000000800b078       0x3e ./Middlewares/Third_Party/FatFs/src/ff.o
 .text.get_fat  0x000000000800b0b6      0x1a8 ./Middlewares/Third_Party/FatFs/src/ff.o
 .text.put_fat  0x000000000800b25e      0x238 ./Middlewares/Third_Party/FatFs/src/ff.o
 .text.remove_chain
                0x000000000800b496       0xca ./Middlewares/Third_Party/FatFs/src/ff.o
 .text.create_chain
                0x000000000800b560      0x130 ./Middlewares/Third_Party/FatFs/src/ff.o
 .text.clmt_clust
                0x000000000800b690       0x70 ./Middlewares/Third_Party/FatFs/src/ff.o
 .text.dir_sdi  0x000000000800b700      0x112 ./Middlewares/Third_Party/FatFs/src/ff.o
 .text.dir_next
                0x000000000800b812      0x1ac ./Middlewares/Third_Party/FatFs/src/ff.o
 .text.dir_alloc
                0x000000000800b9be       0x8e ./Middlewares/Third_Party/FatFs/src/ff.o
 .text.ld_clust
                0x000000000800ba4c       0x3e ./Middlewares/Third_Party/FatFs/src/ff.o
 .text.st_clust
                0x000000000800ba8a       0x40 ./Middlewares/Third_Party/FatFs/src/ff.o
 *fill*         0x000000000800baca        0x2 
 .text.cmp_lfn  0x000000000800bacc       0xe0 ./Middlewares/Third_Party/FatFs/src/ff.o
 .text.put_lfn  0x000000000800bbac       0xd0 ./Middlewares/Third_Party/FatFs/src/ff.o
 .text.gen_numname
                0x000000000800bc7c      0x11c ./Middlewares/Third_Party/FatFs/src/ff.o
 .text.sum_sfn  0x000000000800bd98       0x42 ./Middlewares/Third_Party/FatFs/src/ff.o
 .text.dir_find
                0x000000000800bdda      0x180 ./Middlewares/Third_Party/FatFs/src/ff.o
 *fill*         0x000000000800bf5a        0x2 
 .text.dir_register
                0x000000000800bf5c      0x1f0 ./Middlewares/Third_Party/FatFs/src/ff.o
 .text.create_name
                0x000000000800c14c      0x370 ./Middlewares/Third_Party/FatFs/src/ff.o
 .text.follow_path
                0x000000000800c4bc       0xec ./Middlewares/Third_Party/FatFs/src/ff.o
 .text.get_ldnumber
                0x000000000800c5a8       0x88 ./Middlewares/Third_Party/FatFs/src/ff.o
 .text.check_fs
                0x000000000800c630       0xac ./Middlewares/Third_Party/FatFs/src/ff.o
 .text.find_volume
                0x000000000800c6dc      0x50c ./Middlewares/Third_Party/FatFs/src/ff.o
 .text.validate
                0x000000000800cbe8       0x6a ./Middlewares/Third_Party/FatFs/src/ff.o
 *fill*         0x000000000800cc52        0x2 
 .text.f_mount  0x000000000800cc54       0x8c ./Middlewares/Third_Party/FatFs/src/ff.o
                0x000000000800cc54                f_mount
 .text.f_open   0x000000000800cce0      0x398 ./Middlewares/Third_Party/FatFs/src/ff.o
                0x000000000800cce0                f_open
 .text.f_write  0x000000000800d078      0x328 ./Middlewares/Third_Party/FatFs/src/ff.o
                0x000000000800d078                f_write
 .text.f_sync   0x000000000800d3a0       0xfc ./Middlewares/Third_Party/FatFs/src/ff.o
                0x000000000800d3a0                f_sync
 .text.f_close  0x000000000800d49c       0x54 ./Middlewares/Third_Party/FatFs/src/ff.o
                0x000000000800d49c                f_close
 .text.FATFS_LinkDriverEx
                0x000000000800d4f0       0x98 ./Middlewares/Third_Party/FatFs/src/ff_gen_drv.o
                0x000000000800d4f0                FATFS_LinkDriverEx
 .text.FATFS_LinkDriver
                0x000000000800d588       0x1e ./Middlewares/Third_Party/FatFs/src/ff_gen_drv.o
                0x000000000800d588                FATFS_LinkDriver
 *fill*         0x000000000800d5a6        0x2 
 .text.ff_convert
                0x000000000800d5a8       0x78 ./Middlewares/Third_Party/FatFs/src/option/ccsbcs.o
                0x000000000800d5a8                ff_convert
 .text.ff_wtoupper
                0x000000000800d620      0x114 ./Middlewares/Third_Party/FatFs/src/option/ccsbcs.o
                0x000000000800d620                ff_wtoupper
 .text.__errno  0x000000000800d734        0xc c:/st/stm32cubeide_1.12.1/stm32cubeide/plugins/com.st.stm32cube.ide.mcu.externaltools.gnu-tools-for-stm32.10.3-2021.10.win32_1.0.200.202301161003/tools/bin/../lib/gcc/arm-none-eabi/10.3.1/../../../../arm-none-eabi/lib/thumb/v7e-m+fp/hard\libc_nano.a(lib_a-errno.o)
                0x000000000800d734                __errno
 .text.__libc_init_array
                0x000000000800d740       0x48 c:/st/stm32cubeide_1.12.1/stm32cubeide/plugins/com.st.stm32cube.ide.mcu.externaltools.gnu-tools-for-stm32.10.3-2021.10.win32_1.0.200.202301161003/tools/bin/../lib/gcc/arm-none-eabi/10.3.1/../../../../arm-none-eabi/lib/thumb/v7e-m+fp/hard\libc_nano.a(lib_a-init.o)
                0x000000000800d740                __libc_init_array
 .text.memset   0x000000000800d788       0x10 c:/st/stm32cubeide_1.12.1/stm32cubeide/plugins/com.st.stm32cube.ide.mcu.externaltools.gnu-tools-for-stm32.10.3-2021.10.win32_1.0.200.202301161003/tools/bin/../lib/gcc/arm-none-eabi/10.3.1/../../../../arm-none-eabi/lib/thumb/v7e-m+fp/hard\libc_nano.a(lib_a-memset.o)
                0x000000000800d788                memset
 .text.sprintf  0x000000000800d798       0x40 c:/st/stm32cubeide_1.12.1/stm32cubeide/plugins/com.st.stm32cube.ide.mcu.externaltools.gnu-tools-for-stm32.10.3-2021.10.win32_1.0.200.202301161003/tools/bin/../lib/gcc/arm-none-eabi/10.3.1/../../../../arm-none-eabi/lib/thumb/v7e-m+fp/hard\libc_nano.a(lib_a-sprintf.o)
                0x000000000800d798                siprintf
                0x000000000800d798                sprintf
 .text.__ssputs_r
                0x000000000800d7d8       0xb6 c:/st/stm32cubeide_1.12.1/stm32cubeide/plugins/com.st.stm32cube.ide.mcu.externaltools.gnu-tools-for-stm32.10.3-2021.10.win32_1.0.200.202301161003/tools/bin/../lib/gcc/arm-none-eabi/10.3.1/../../../../arm-none-eabi/lib/thumb/v7e-m+fp/hard\libc_nano.a(lib_a-nano-svfprintf.o)
                0x000000000800d7d8                __ssputs_r
 *fill*         0x000000000800d88e        0x2 
 .text._svfprintf_r
                0x000000000800d890      0x200 c:/st/stm32cubeide_1.12.1/stm32cubeide/plugins/com.st.stm32cube.ide.mcu.externaltools.gnu-tools-for-stm32.10.3-2021.10.win32_1.0.200.202301161003/tools/bin/../lib/gcc/arm-none-eabi/10.3.1/../../../../arm-none-eabi/lib/thumb/v7e-m+fp/hard\libc_nano.a(lib_a-nano-svfprintf.o)
                0x000000000800d890                _svfiprintf_r
                0x000000000800d890                _svfprintf_r
 .text._printf_common
                0x000000000800da90       0xda c:/st/stm32cubeide_1.12.1/stm32cubeide/plugins/com.st.stm32cube.ide.mcu.externaltools.gnu-tools-for-stm32.10.3-2021.10.win32_1.0.200.202301161003/tools/bin/../lib/gcc/arm-none-eabi/10.3.1/../../../../arm-none-eabi/lib/thumb/v7e-m+fp/hard\libc_nano.a(lib_a-nano-vfprintf_i.o)
                0x000000000800da90                _printf_common
 *fill*         0x000000000800db6a        0x2 
 .text._printf_i
                0x000000000800db6c      0x24c c:/st/stm32cubeide_1.12.1/stm32cubeide/plugins/com.st.stm32cube.ide.mcu.externaltools.gnu-tools-for-stm32.10.3-2021.10.win32_1.0.200.202301161003/tools/bin/../lib/gcc/arm-none-eabi/10.3.1/../../../../arm-none-eabi/lib/thumb/v7e-m+fp/hard\libc_nano.a(lib_a-nano-vfprintf_i.o)
                0x000000000800db6c                _printf_i
 .text.memcpy   0x000000000800ddb8       0x1c c:/st/stm32cubeide_1.12.1/stm32cubeide/plugins/com.st.stm32cube.ide.mcu.externaltools.gnu-tools-for-stm32.10.3-2021.10.win32_1.0.200.202301161003/tools/bin/../lib/gcc/arm-none-eabi/10.3.1/../../../../arm-none-eabi/lib/thumb/v7e-m+fp/hard\libc_nano.a(lib_a-memcpy-stub.o)
                0x000000000800ddb8                memcpy
 .text.memmove  0x000000000800ddd4       0x34 c:/st/stm32cubeide_1.12.1/stm32cubeide/plugins/com.st.stm32cube.ide.mcu.externaltools.gnu-tools-for-stm32.10.3-2021.10.win32_1.0.200.202301161003/tools/bin/../lib/gcc/arm-none-eabi/10.3.1/../../../../arm-none-eabi/lib/thumb/v7e-m+fp/hard\libc_nano.a(lib_a-memmove.o)
                0x000000000800ddd4                memmove
 .text._free_r  0x000000000800de08       0x98 c:/st/stm32cubeide_1.12.1/stm32cubeide/plugins/com.st.stm32cube.ide.mcu.externaltools.gnu-tools-for-stm32.10.3-2021.10.win32_1.0.200.202301161003/tools/bin/../lib/gcc/arm-none-eabi/10.3.1/../../../../arm-none-eabi/lib/thumb/v7e-m+fp/hard\libc_nano.a(lib_a-nano-freer.o)
                0x000000000800de08                _free_r
 .text.sbrk_aligned
                0x000000000800dea0       0x40 c:/st/stm32cubeide_1.12.1/stm32cubeide/plugins/com.st.stm32cube.ide.mcu.externaltools.gnu-tools-for-stm32.10.3-2021.10.win32_1.0.200.202301161003/tools/bin/../lib/gcc/arm-none-eabi/10.3.1/../../../../arm-none-eabi/lib/thumb/v7e-m+fp/hard\libc_nano.a(lib_a-nano-mallocr.o)
 .text._malloc_r
                0x000000000800dee0       0xe8 c:/st/stm32cubeide_1.12.1/stm32cubeide/plugins/com.st.stm32cube.ide.mcu.externaltools.gnu-tools-for-stm32.10.3-2021.10.win32_1.0.200.202301161003/tools/bin/../lib/gcc/arm-none-eabi/10.3.1/../../../../arm-none-eabi/lib/thumb/v7e-m+fp/hard\libc_nano.a(lib_a-nano-mallocr.o)
                0x000000000800dee0                _malloc_r
 .text._realloc_r
                0x000000000800dfc8       0x5e c:/st/stm32cubeide_1.12.1/stm32cubeide/plugins/com.st.stm32cube.ide.mcu.externaltools.gnu-tools-for-stm32.10.3-2021.10.win32_1.0.200.202301161003/tools/bin/../lib/gcc/arm-none-eabi/10.3.1/../../../../arm-none-eabi/lib/thumb/v7e-m+fp/hard\libc_nano.a(lib_a-nano-reallocr.o)
                0x000000000800dfc8                _realloc_r
 *fill*         0x000000000800e026        0x2 
 .text._sbrk_r  0x000000000800e028       0x20 c:/st/stm32cubeide_1.12.1/stm32cubeide/plugins/com.st.stm32cube.ide.mcu.externaltools.gnu-tools-for-stm32.10.3-2021.10.win32_1.0.200.202301161003/tools/bin/../lib/gcc/arm-none-eabi/10.3.1/../../../../arm-none-eabi/lib/thumb/v7e-m+fp/hard\libc_nano.a(lib_a-sbrkr.o)
                0x000000000800e028                _sbrk_r
 .text.__malloc_lock
                0x000000000800e048        0xc c:/st/stm32cubeide_1.12.1/stm32cubeide/plugins/com.st.stm32cube.ide.mcu.externaltools.gnu-tools-for-stm32.10.3-2021.10.win32_1.0.200.202301161003/tools/bin/../lib/gcc/arm-none-eabi/10.3.1/../../../../arm-none-eabi/lib/thumb/v7e-m+fp/hard\libc_nano.a(lib_a-mlock.o)
                0x000000000800e048                __malloc_lock
 .text.__malloc_unlock
                0x000000000800e054        0xc c:/st/stm32cubeide_1.12.1/stm32cubeide/plugins/com.st.stm32cube.ide.mcu.externaltools.gnu-tools-for-stm32.10.3-2021.10.win32_1.0.200.202301161003/tools/bin/../lib/gcc/arm-none-eabi/10.3.1/../../../../arm-none-eabi/lib/thumb/v7e-m+fp/hard\libc_nano.a(lib_a-mlock.o)
                0x000000000800e054                __malloc_unlock
 .text._malloc_usable_size_r
                0x000000000800e060       0x10 c:/st/stm32cubeide_1.12.1/stm32cubeide/plugins/com.st.stm32cube.ide.mcu.externaltools.gnu-tools-for-stm32.10.3-2021.10.win32_1.0.200.202301161003/tools/bin/../lib/gcc/arm-none-eabi/10.3.1/../../../../arm-none-eabi/lib/thumb/v7e-m+fp/hard\libc_nano.a(lib_a-nano-msizer.o)
                0x000000000800e060                _malloc_usable_size_r
 .text.__retarget_lock_acquire_recursive
                0x000000000800e070        0x2 c:/st/stm32cubeide_1.12.1/stm32cubeide/plugins/com.st.stm32cube.ide.mcu.externaltools.gnu-tools-for-stm32.10.3-2021.10.win32_1.0.200.202301161003/tools/bin/../lib/gcc/arm-none-eabi/10.3.1/../../../../arm-none-eabi/lib/thumb/v7e-m+fp/hard\libc_nano.a(lib_a-lock.o)
                0x000000000800e070                __retarget_lock_acquire_recursive
 .text.__retarget_lock_release_recursive
                0x000000000800e072        0x2 c:/st/stm32cubeide_1.12.1/stm32cubeide/plugins/com.st.stm32cube.ide.mcu.externaltools.gnu-tools-for-stm32.10.3-2021.10.win32_1.0.200.202301161003/tools/bin/../lib/gcc/arm-none-eabi/10.3.1/../../../../arm-none-eabi/lib/thumb/v7e-m+fp/hard\libc_nano.a(lib_a-lock.o)
                0x000000000800e072                __retarget_lock_release_recursive
 *(.glue_7)
 .glue_7        0x000000000800e074        0x0 linker stubs
 *(.glue_7t)
 .glue_7t       0x000000000800e074        0x0 linker stubs
 *(.eh_frame)
 .eh_frame      0x000000000800e074        0x0 c:/st/stm32cubeide_1.12.1/stm32cubeide/plugins/com.st.stm32cube.ide.mcu.externaltools.gnu-tools-for-stm32.10.3-2021.10.win32_1.0.200.202301161003/tools/bin/../lib/gcc/arm-none-eabi/10.3.1/thumb/v7e-m+fp/hard/crtbegin.o
 *(.init)
 .init          0x000000000800e074        0x4 c:/st/stm32cubeide_1.12.1/stm32cubeide/plugins/com.st.stm32cube.ide.mcu.externaltools.gnu-tools-for-stm32.10.3-2021.10.win32_1.0.200.202301161003/tools/bin/../lib/gcc/arm-none-eabi/10.3.1/thumb/v7e-m+fp/hard/crti.o
                0x000000000800e074                _init
 .init          0x000000000800e078        0x8 c:/st/stm32cubeide_1.12.1/stm32cubeide/plugins/com.st.stm32cube.ide.mcu.externaltools.gnu-tools-for-stm32.10.3-2021.10.win32_1.0.200.202301161003/tools/bin/../lib/gcc/arm-none-eabi/10.3.1/thumb/v7e-m+fp/hard/crtn.o
 *(.fini)
 .fini          0x000000000800e080        0x4 c:/st/stm32cubeide_1.12.1/stm32cubeide/plugins/com.st.stm32cube.ide.mcu.externaltools.gnu-tools-for-stm32.10.3-2021.10.win32_1.0.200.202301161003/tools/bin/../lib/gcc/arm-none-eabi/10.3.1/thumb/v7e-m+fp/hard/crti.o
                0x000000000800e080                _fini
 .fini          0x000000000800e084        0x8 c:/st/stm32cubeide_1.12.1/stm32cubeide/plugins/com.st.stm32cube.ide.mcu.externaltools.gnu-tools-for-stm32.10.3-2021.10.win32_1.0.200.202301161003/tools/bin/../lib/gcc/arm-none-eabi/10.3.1/thumb/v7e-m+fp/hard/crtn.o
                0x000000000800e08c                . = ALIGN (0x4)
                0x000000000800e08c                _etext = .

.vfp11_veneer   0x000000000800e08c        0x0
 .vfp11_veneer  0x000000000800e08c        0x0 linker stubs

.v4_bx          0x000000000800e08c        0x0
 .v4_bx         0x000000000800e08c        0x0 linker stubs

.iplt           0x000000000800e08c        0x0
 .iplt          0x000000000800e08c        0x0 c:/st/stm32cubeide_1.12.1/stm32cubeide/plugins/com.st.stm32cube.ide.mcu.externaltools.gnu-tools-for-stm32.10.3-2021.10.win32_1.0.200.202301161003/tools/bin/../lib/gcc/arm-none-eabi/10.3.1/thumb/v7e-m+fp/hard/crtbegin.o

.rodata         0x000000000800e08c      0x588
                0x000000000800e08c                . = ALIGN (0x4)
 *(.rodata)
 .rodata        0x000000000800e08c       0xb3 ./Core/Src/main.o
 *fill*         0x000000000800e13f        0x1 
 .rodata        0x000000000800e140       0x48 ./Middlewares/Third_Party/FatFs/src/ff.o
 *(.rodata*)
 .rodata.AHBPrescTable
                0x000000000800e188       0x10 ./Core/Src/system_stm32f4xx.o
                0x000000000800e188                AHBPrescTable
 .rodata.APBPrescTable
                0x000000000800e198        0x8 ./Core/Src/system_stm32f4xx.o
                0x000000000800e198                APBPrescTable
 .rodata.ExCvt  0x000000000800e1a0       0x80 ./Middlewares/Third_Party/FatFs/src/ff.o
 .rodata.LfnOfs
                0x000000000800e220        0xd ./Middlewares/Third_Party/FatFs/src/ff.o
 *fill*         0x000000000800e22d        0x3 
 .rodata.Tbl    0x000000000800e230      0x100 ./Middlewares/Third_Party/FatFs/src/option/ccsbcs.o
 .rodata.cvt1.1
                0x000000000800e330      0x1f2 ./Middlewares/Third_Party/FatFs/src/option/ccsbcs.o
 *fill*         0x000000000800e522        0x2 
 .rodata.cvt2.0
                0x000000000800e524       0xbc ./Middlewares/Third_Party/FatFs/src/option/ccsbcs.o
 .rodata._svfprintf_r.str1.1
                0x000000000800e5e0       0x11 c:/st/stm32cubeide_1.12.1/stm32cubeide/plugins/com.st.stm32cube.ide.mcu.externaltools.gnu-tools-for-stm32.10.3-2021.10.win32_1.0.200.202301161003/tools/bin/../lib/gcc/arm-none-eabi/10.3.1/../../../../arm-none-eabi/lib/thumb/v7e-m+fp/hard\libc_nano.a(lib_a-nano-svfprintf.o)
 .rodata._printf_i.str1.1
                0x000000000800e5f1       0x22 c:/st/stm32cubeide_1.12.1/stm32cubeide/plugins/com.st.stm32cube.ide.mcu.externaltools.gnu-tools-for-stm32.10.3-2021.10.win32_1.0.200.202301161003/tools/bin/../lib/gcc/arm-none-eabi/10.3.1/../../../../arm-none-eabi/lib/thumb/v7e-m+fp/hard\libc_nano.a(lib_a-nano-vfprintf_i.o)
                0x000000000800e614                . = ALIGN (0x4)
 *fill*         0x000000000800e613        0x1 

.ARM.extab      0x000000000800e614        0x0
                0x000000000800e614                . = ALIGN (0x4)
 *(.ARM.extab* .gnu.linkonce.armextab.*)
                0x000000000800e614                . = ALIGN (0x4)

.ARM            0x000000000800e614        0x8
                0x000000000800e614                . = ALIGN (0x4)
                0x000000000800e614                __exidx_start = .
 *(.ARM.exidx*)
 .ARM.exidx     0x000000000800e614        0x8 c:/st/stm32cubeide_1.12.1/stm32cubeide/plugins/com.st.stm32cube.ide.mcu.externaltools.gnu-tools-for-stm32.10.3-2021.10.win32_1.0.200.202301161003/tools/bin/../lib/gcc/arm-none-eabi/10.3.1/thumb/v7e-m+fp/hard\libgcc.a(_udivmoddi4.o)
                0x000000000800e61c                __exidx_end = .
                0x000000000800e61c                . = ALIGN (0x4)

.rel.dyn        0x000000000800e61c        0x0
 .rel.iplt      0x000000000800e61c        0x0 c:/st/stm32cubeide_1.12.1/stm32cubeide/plugins/com.st.stm32cube.ide.mcu.externaltools.gnu-tools-for-stm32.10.3-2021.10.win32_1.0.200.202301161003/tools/bin/../lib/gcc/arm-none-eabi/10.3.1/thumb/v7e-m+fp/hard/crtbegin.o

.preinit_array  0x000000000800e61c        0x0
                0x000000000800e61c                . = ALIGN (0x4)
                0x000000000800e61c                PROVIDE (__preinit_array_start = .)
 *(.preinit_array*)
                0x000000000800e61c                PROVIDE (__preinit_array_end = .)
                0x000000000800e61c                . = ALIGN (0x4)

.init_array     0x000000000800e61c        0x4
                0x000000000800e61c                . = ALIGN (0x4)
                0x000000000800e61c                PROVIDE (__init_array_start = .)
 *(SORT_BY_NAME(.init_array.*))
 *(.init_array*)
 .init_array    0x000000000800e61c        0x4 c:/st/stm32cubeide_1.12.1/stm32cubeide/plugins/com.st.stm32cube.ide.mcu.externaltools.gnu-tools-for-stm32.10.3-2021.10.win32_1.0.200.202301161003/tools/bin/../lib/gcc/arm-none-eabi/10.3.1/thumb/v7e-m+fp/hard/crtbegin.o
                0x000000000800e620                PROVIDE (__init_array_end = .)
                0x000000000800e620                . = ALIGN (0x4)

.fini_array     0x000000000800e620        0x4
                0x000000000800e620                . = ALIGN (0x4)
                [!provide]                        PROVIDE (__fini_array_start = .)
 *(SORT_BY_NAME(.fini_array.*))
 *(.fini_array*)
 .fini_array    0x000000000800e620        0x4 c:/st/stm32cubeide_1.12.1/stm32cubeide/plugins/com.st.stm32cube.ide.mcu.externaltools.gnu-tools-for-stm32.10.3-2021.10.win32_1.0.200.202301161003/tools/bin/../lib/gcc/arm-none-eabi/10.3.1/thumb/v7e-m+fp/hard/crtbegin.o
                [!provide]                        PROVIDE (__fini_array_end = .)
                0x000000000800e624                . = ALIGN (0x4)
                0x000000000800e624                _sidata = LOADADDR (.data)

.data           0x0000000020000000      0x15c load address 0x000000000800e624
                0x0000000020000000                . = ALIGN (0x4)
                0x0000000020000000                _sdata = .
 *(.data)
 *(.data*)
 .data.Stat     0x0000000020000000        0x1 ./Core/Src/fatfs_sd.o
 *fill*         0x0000000020000001        0x3 
 .data.SystemCoreClock
                0x0000000020000004        0x4 ./Core/Src/system_stm32f4xx.o
                0x0000000020000004                SystemCoreClock
 .data.LIS2DW12_COMMON_Driver
                0x0000000020000008       0x10 ./Drivers/BSP/Components/lis2dw12/lis2dw12.o
                0x0000000020000008                LIS2DW12_COMMON_Driver
 .data.LIS2DW12_ACC_Driver
                0x0000000020000018       0x24 ./Drivers/BSP/Components/lis2dw12/lis2dw12.o
                0x0000000020000018                LIS2DW12_ACC_Driver
 .data.LIS2MDL_COMMON_Driver
                0x000000002000003c       0x10 ./Drivers/BSP/Components/lis2mdl/lis2mdl.o
                0x000000002000003c                LIS2MDL_COMMON_Driver
 .data.LIS2MDL_MAG_Driver
                0x000000002000004c       0x24 ./Drivers/BSP/Components/lis2mdl/lis2mdl.o
                0x000000002000004c                LIS2MDL_MAG_Driver
 .data.LSM6DSO_COMMON_Driver
                0x0000000020000070       0x10 ./Drivers/BSP/Components/lsm6dso/lsm6dso.o
                0x0000000020000070                LSM6DSO_COMMON_Driver
 .data.LSM6DSO_ACC_Driver
                0x0000000020000080       0x24 ./Drivers/BSP/Components/lsm6dso/lsm6dso.o
                0x0000000020000080                LSM6DSO_ACC_Driver
 .data.LSM6DSO_GYRO_Driver
                0x00000000200000a4       0x24 ./Drivers/BSP/Components/lsm6dso/lsm6dso.o
                0x00000000200000a4                LSM6DSO_GYRO_Driver
 .data.FunctionIndex
                0x00000000200000c8       0x14 ./Drivers/BSP/IKS01A3/iks01a3_motion_sensors.o
 .data.uwTickPrio
                0x00000000200000dc        0x4 ./Drivers/STM32F4xx_HAL_Driver/Src/stm32f4xx_hal.o
                0x00000000200000dc                uwTickPrio
 .data.uwTickFreq
                0x00000000200000e0        0x1 ./Drivers/STM32F4xx_HAL_Driver/Src/stm32f4xx_hal.o
                0x00000000200000e0                uwTickFreq
 *fill*         0x00000000200000e1        0x3 
 .data.USER_Driver
                0x00000000200000e4       0x14 ./FATFS/Target/user_diskio.o
                0x00000000200000e4                USER_Driver
 .data._impure_ptr
                0x00000000200000f8        0x4 c:/st/stm32cubeide_1.12.1/stm32cubeide/plugins/com.st.stm32cube.ide.mcu.externaltools.gnu-tools-for-stm32.10.3-2021.10.win32_1.0.200.202301161003/tools/bin/../lib/gcc/arm-none-eabi/10.3.1/../../../../arm-none-eabi/lib/thumb/v7e-m+fp/hard\libc_nano.a(lib_a-impure.o)
                0x00000000200000f8                _impure_ptr
 .data.impure_data
                0x00000000200000fc       0x60 c:/st/stm32cubeide_1.12.1/stm32cubeide/plugins/com.st.stm32cube.ide.mcu.externaltools.gnu-tools-for-stm32.10.3-2021.10.win32_1.0.200.202301161003/tools/bin/../lib/gcc/arm-none-eabi/10.3.1/../../../../arm-none-eabi/lib/thumb/v7e-m+fp/hard\libc_nano.a(lib_a-impure.o)
 *(.RamFunc)
 *(.RamFunc*)
                0x000000002000015c                . = ALIGN (0x4)
                0x000000002000015c                _edata = .

.igot.plt       0x000000002000015c        0x0 load address 0x000000000800e780
 .igot.plt      0x000000002000015c        0x0 c:/st/stm32cubeide_1.12.1/stm32cubeide/plugins/com.st.stm32cube.ide.mcu.externaltools.gnu-tools-for-stm32.10.3-2021.10.win32_1.0.200.202301161003/tools/bin/../lib/gcc/arm-none-eabi/10.3.1/thumb/v7e-m+fp/hard/crtbegin.o
                0x000000002000015c                . = ALIGN (0x4)

.bss            0x000000002000015c    0x16f64 load address 0x000000000800e780
                0x000000002000015c                _sbss = .
                0x000000002000015c                __bss_start__ = _sbss
 *(.bss)
 .bss           0x000000002000015c       0x1c c:/st/stm32cubeide_1.12.1/stm32cubeide/plugins/com.st.stm32cube.ide.mcu.externaltools.gnu-tools-for-stm32.10.3-2021.10.win32_1.0.200.202301161003/tools/bin/../lib/gcc/arm-none-eabi/10.3.1/thumb/v7e-m+fp/hard/crtbegin.o
 *(.bss*)
 .bss.CardType  0x0000000020000178        0x1 ./Core/Src/fatfs_sd.o
 .bss.PowerFlag
                0x0000000020000179        0x1 ./Core/Src/fatfs_sd.o
 *fill*         0x000000002000017a        0x2 
 .bss.hspi1     0x000000002000017c       0x58 ./Core/Src/main.o
                0x000000002000017c                hspi1
 .bss.htim3     0x00000000200001d4       0x48 ./Core/Src/main.o
                0x00000000200001d4                htim3
 .bss.huart2    0x000000002000021c       0x44 ./Core/Src/main.o
                0x000000002000021c                huart2
 .bss.misure_accelerometro
                0x0000000020000260    0x14820 ./Core/Src/main.o
                0x0000000020000260                misure_accelerometro
 .bss.contatore_campioni
                0x0000000020014a80        0x4 ./Core/Src/main.o
                0x0000000020014a80                contatore_campioni
 .bss.acquisizioni
                0x0000000020014a84        0x4 ./Core/Src/main.o
                0x0000000020014a84                acquisizioni
 .bss.premuto   0x0000000020014a88        0x1 ./Core/Src/main.o
                0x0000000020014a88                premuto
 *fill*         0x0000000020014a89        0x3 
 .bss.result    0x0000000020014a8c        0x4 ./Core/Src/main.o
                0x0000000020014a8c                result
 .bss.nome_file
                0x0000000020014a90       0x1e ./Core/Src/main.o
                0x0000000020014a90                nome_file
 .bss.stato_data_logger
                0x0000000020014aae        0x1 ./Core/Src/main.o
                0x0000000020014aae                stato_data_logger
 *fill*         0x0000000020014aaf        0x1 
 .bss.fs        0x0000000020014ab0     0x1038 ./Core/Src/main.o
                0x0000000020014ab0                fs
 .bss.fil       0x0000000020015ae8     0x1030 ./Core/Src/main.o
                0x0000000020015ae8                fil
 .bss.fresult   0x0000000020016b18        0x1 ./Core/Src/main.o
                0x0000000020016b18                fresult
 *fill*         0x0000000020016b19        0x3 
 .bss.bw        0x0000000020016b1c        0x4 ./Core/Src/main.o
                0x0000000020016b1c                bw
 .bss.buffer    0x0000000020016b20      0x200 ./Core/Src/main.o
                0x0000000020016b20                buffer
 .bss.FatFsCnt  0x0000000020016d20        0x1 ./Core/Src/stm32f4xx_it.o
                0x0000000020016d20                FatFsCnt
 .bss.Timer1    0x0000000020016d21        0x1 ./Core/Src/stm32f4xx_it.o
                0x0000000020016d21                Timer1
 .bss.Timer2    0x0000000020016d22        0x1 ./Core/Src/stm32f4xx_it.o
                0x0000000020016d22                Timer2
 *fill*         0x0000000020016d23        0x1 
 .bss.hi2c1     0x0000000020016d24       0x54 ./Core/Src/stm32f4xx_nucleo_bus.o
                0x0000000020016d24                hi2c1
 .bss.I2C1InitCounter
                0x0000000020016d78        0x4 ./Core/Src/stm32f4xx_nucleo_bus.o
 .bss.__sbrk_heap_end
                0x0000000020016d7c        0x4 ./Core/Src/sysmem.o
 .bss.MotionCompObj
                0x0000000020016d80        0xc ./Drivers/BSP/IKS01A3/iks01a3_motion_sensors.o
                0x0000000020016d80                MotionCompObj
 .bss.MotionFuncDrv
                0x0000000020016d8c       0x24 ./Drivers/BSP/IKS01A3/iks01a3_motion_sensors.o
 .bss.MotionDrv
                0x0000000020016db0        0xc ./Drivers/BSP/IKS01A3/iks01a3_motion_sensors.o
 .bss.MotionCtx
                0x0000000020016dbc        0xc ./Drivers/BSP/IKS01A3/iks01a3_motion_sensors.o
 .bss.lsm6dso_obj_0.2
                0x0000000020016dc8       0x38 ./Drivers/BSP/IKS01A3/iks01a3_motion_sensors.o
 .bss.lis2dw12_obj_0.1
                0x0000000020016e00       0x3c ./Drivers/BSP/IKS01A3/iks01a3_motion_sensors.o
 .bss.lis2mdl_obj_0.0
                0x0000000020016e3c       0x34 ./Drivers/BSP/IKS01A3/iks01a3_motion_sensors.o
 .bss.uwTick    0x0000000020016e70        0x4 ./Drivers/STM32F4xx_HAL_Driver/Src/stm32f4xx_hal.o
                0x0000000020016e70                uwTick
 .bss.retUSER   0x0000000020016e74        0x1 ./FATFS/App/fatfs.o
                0x0000000020016e74                retUSER
 *fill*         0x0000000020016e75        0x3 
 .bss.USERPath  0x0000000020016e78        0x4 ./FATFS/App/fatfs.o
                0x0000000020016e78                USERPath
 .bss.FatFs     0x0000000020016e7c        0x4 ./Middlewares/Third_Party/FatFs/src/ff.o
 .bss.Fsid      0x0000000020016e80        0x2 ./Middlewares/Third_Party/FatFs/src/ff.o
 *fill*         0x0000000020016e82        0x2 
 .bss.Files     0x0000000020016e84       0x20 ./Middlewares/Third_Party/FatFs/src/ff.o
 .bss.LfnBuf    0x0000000020016ea4      0x200 ./Middlewares/Third_Party/FatFs/src/ff.o
 .bss.disk      0x00000000200170a4        0xc ./Middlewares/Third_Party/FatFs/src/ff_gen_drv.o
                0x00000000200170a4                disk
 .bss.__malloc_free_list
                0x00000000200170b0        0x4 c:/st/stm32cubeide_1.12.1/stm32cubeide/plugins/com.st.stm32cube.ide.mcu.externaltools.gnu-tools-for-stm32.10.3-2021.10.win32_1.0.200.202301161003/tools/bin/../lib/gcc/arm-none-eabi/10.3.1/../../../../arm-none-eabi/lib/thumb/v7e-m+fp/hard\libc_nano.a(lib_a-nano-mallocr.o)
                0x00000000200170b0                __malloc_free_list
 .bss.__malloc_sbrk_start
                0x00000000200170b4        0x4 c:/st/stm32cubeide_1.12.1/stm32cubeide/plugins/com.st.stm32cube.ide.mcu.externaltools.gnu-tools-for-stm32.10.3-2021.10.win32_1.0.200.202301161003/tools/bin/../lib/gcc/arm-none-eabi/10.3.1/../../../../arm-none-eabi/lib/thumb/v7e-m+fp/hard\libc_nano.a(lib_a-nano-mallocr.o)
                0x00000000200170b4                __malloc_sbrk_start
 .bss.errno     0x00000000200170b8        0x4 c:/st/stm32cubeide_1.12.1/stm32cubeide/plugins/com.st.stm32cube.ide.mcu.externaltools.gnu-tools-for-stm32.10.3-2021.10.win32_1.0.200.202301161003/tools/bin/../lib/gcc/arm-none-eabi/10.3.1/../../../../arm-none-eabi/lib/thumb/v7e-m+fp/hard\libc_nano.a(lib_a-reent.o)
                0x00000000200170b8                errno
 .bss.__lock___malloc_recursive_mutex
                0x00000000200170bc        0x1 c:/st/stm32cubeide_1.12.1/stm32cubeide/plugins/com.st.stm32cube.ide.mcu.externaltools.gnu-tools-for-stm32.10.3-2021.10.win32_1.0.200.202301161003/tools/bin/../lib/gcc/arm-none-eabi/10.3.1/../../../../arm-none-eabi/lib/thumb/v7e-m+fp/hard\libc_nano.a(lib_a-lock.o)
                0x00000000200170bc                __lock___malloc_recursive_mutex
 *(COMMON)
                0x00000000200170c0                . = ALIGN (0x4)
 *fill*         0x00000000200170bd        0x3 
                0x00000000200170c0                _ebss = .
                0x00000000200170c0                __bss_end__ = _ebss

._user_heap_stack
                0x00000000200170c0      0x600 load address 0x000000000800e780
                0x00000000200170c0                . = ALIGN (0x8)
                [!provide]                        PROVIDE (end = .)
                0x00000000200170c0                PROVIDE (_end = .)
                0x00000000200172c0                . = (. + _Min_Heap_Size)
 *fill*         0x00000000200170c0      0x200 
                0x00000000200176c0                . = (. + _Min_Stack_Size)
 *fill*         0x00000000200172c0      0x400 
                0x00000000200176c0                . = ALIGN (0x8)

/DISCARD/
 libc.a(*)
 libm.a(*)
 libgcc.a(*)

.ARM.attributes
                0x0000000000000000       0x30
 *(.ARM.attributes)
 .ARM.attributes
                0x0000000000000000       0x1e c:/st/stm32cubeide_1.12.1/stm32cubeide/plugins/com.st.stm32cube.ide.mcu.externaltools.gnu-tools-for-stm32.10.3-2021.10.win32_1.0.200.202301161003/tools/bin/../lib/gcc/arm-none-eabi/10.3.1/thumb/v7e-m+fp/hard/crti.o
 .ARM.attributes
                0x000000000000001e       0x34 c:/st/stm32cubeide_1.12.1/stm32cubeide/plugins/com.st.stm32cube.ide.mcu.externaltools.gnu-tools-for-stm32.10.3-2021.10.win32_1.0.200.202301161003/tools/bin/../lib/gcc/arm-none-eabi/10.3.1/thumb/v7e-m+fp/hard/crtbegin.o
 .ARM.attributes
                0x0000000000000052       0x34 ./Core/Src/fatfs_sd.o
 .ARM.attributes
                0x0000000000000086       0x34 ./Core/Src/main.o
 .ARM.attributes
                0x00000000000000ba       0x34 ./Core/Src/stm32f4xx_hal_msp.o
 .ARM.attributes
                0x00000000000000ee       0x34 ./Core/Src/stm32f4xx_it.o
 .ARM.attributes
                0x0000000000000122       0x34 ./Core/Src/stm32f4xx_nucleo_bus.o
 .ARM.attributes
                0x0000000000000156       0x34 ./Core/Src/sysmem.o
 .ARM.attributes
                0x000000000000018a       0x34 ./Core/Src/system_stm32f4xx.o
 .ARM.attributes
                0x00000000000001be       0x21 ./Core/Startup/startup_stm32f401retx.o
 .ARM.attributes
                0x00000000000001df       0x34 ./Drivers/BSP/Components/lis2dw12/lis2dw12.o
 .ARM.attributes
                0x0000000000000213       0x34 ./Drivers/BSP/Components/lis2dw12/lis2dw12_reg.o
 .ARM.attributes
                0x0000000000000247       0x34 ./Drivers/BSP/Components/lis2mdl/lis2mdl.o
 .ARM.attributes
                0x000000000000027b       0x34 ./Drivers/BSP/Components/lis2mdl/lis2mdl_reg.o
 .ARM.attributes
                0x00000000000002af       0x34 ./Drivers/BSP/Components/lsm6dso/lsm6dso.o
 .ARM.attributes
                0x00000000000002e3       0x34 ./Drivers/BSP/Components/lsm6dso/lsm6dso_reg.o
 .ARM.attributes
                0x0000000000000317       0x34 ./Drivers/BSP/IKS01A3/iks01a3_motion_sensors.o
 .ARM.attributes
                0x000000000000034b       0x34 ./Drivers/STM32F4xx_HAL_Driver/Src/stm32f4xx_hal.o
 .ARM.attributes
                0x000000000000037f       0x34 ./Drivers/STM32F4xx_HAL_Driver/Src/stm32f4xx_hal_cortex.o
 .ARM.attributes
                0x00000000000003b3       0x34 ./Drivers/STM32F4xx_HAL_Driver/Src/stm32f4xx_hal_gpio.o
 .ARM.attributes
                0x00000000000003e7       0x34 ./Drivers/STM32F4xx_HAL_Driver/Src/stm32f4xx_hal_i2c.o
 .ARM.attributes
                0x000000000000041b       0x34 ./Drivers/STM32F4xx_HAL_Driver/Src/stm32f4xx_hal_rcc.o
 .ARM.attributes
                0x000000000000044f       0x34 ./Drivers/STM32F4xx_HAL_Driver/Src/stm32f4xx_hal_spi.o
 .ARM.attributes
                0x0000000000000483       0x34 ./Drivers/STM32F4xx_HAL_Driver/Src/stm32f4xx_hal_tim.o
 .ARM.attributes
                0x00000000000004b7       0x34 ./Drivers/STM32F4xx_HAL_Driver/Src/stm32f4xx_hal_tim_ex.o
 .ARM.attributes
                0x00000000000004eb       0x34 ./Drivers/STM32F4xx_HAL_Driver/Src/stm32f4xx_hal_uart.o
 .ARM.attributes
                0x000000000000051f       0x34 ./FATFS/App/fatfs.o
 .ARM.attributes