../Drivers/BSP/IKS01A3/iks01a3_motion_sensors_ex.c:60:9:IKS01A3_MOTION_SENSOR_Get_DRDY_Status	32	static
../Drivers/BSP/IKS01A3/iks01a3_motion_sensors_ex.c:928:9:IKS01A3_MOTION_SENSOR_Read_Register	32	static
../Drivers/BSP/IKS01A3/iks01a3_motion_sensors_ex.c:1380:9:IKS01A3_MOTION_SENSOR_Write_Register	24	static
../Drivers/BSP/IKS01A3/iks01a3_motion_sensors_ex.c:1829:9:IKS01A3_MOTION_SENSOR_Get_Event_Status	24	static
../Drivers/BSP/IKS01A3/iks01a3_motion_sensors_ex.c:1892:9:IKS01A3_MOTION_SENSOR_Enable_Free_Fall_Detection	24	static
../Drivers/BSP/IKS01A3/iks01a3_motion_sensors_ex.c:1924:9:IKS01A3_MOTION_SENSOR_Disable_Free_Fall_Detection	24	static
../Drivers/BSP/IKS01A3/iks01a3_motion_sensors_ex.c:1957:9:IKS01A3_MOTION_SENSOR_Set_Free_Fall_Threshold	24	static
../Drivers/BSP/IKS01A3/iks01a3_motion_sensors_ex.c:1990:9:IKS01A3_MOTION_SENSOR_Set_Free_Fall_Duration	24	static
../Drivers/BSP/IKS01A3/iks01a3_motion_sensors_ex.c:2023:9:IKS01A3_MOTION_SENSOR_Enable_Pedometer	24	static
../Drivers/BSP/IKS01A3/iks01a3_motion_sensors_ex.c:2055:9:IKS01A3_MOTION_SENSOR_Disable_Pedometer	24	static
../Drivers/BSP/IKS01A3/iks01a3_motion_sensors_ex.c:2088:9:IKS01A3_MOTION_SENSOR_Reset_Step_Counter	24	static
../Drivers/BSP/IKS01A3/iks01a3_motion_sensors_ex.c:2121:9:IKS01A3_MOTION_SENSOR_Get_Step_Count	24	static
../Drivers/BSP/IKS01A3/iks01a3_motion_sensors_ex.c:2155:9:IKS01A3_MOTION_SENSOR_Enable_Tilt_Detection	24	static
../Drivers/BSP/IKS01A3/iks01a3_motion_sensors_ex.c:2187:9:IKS01A3_MOTION_SENSOR_Disable_Tilt_Detection	24	static
../Drivers/BSP/IKS01A3/iks01a3_motion_sensors_ex.c:2221:9:IKS01A3_MOTION_SENSOR_Enable_Wake_Up_Detection	24	static
../Drivers/BSP/IKS01A3/iks01a3_motion_sensors_ex.c:2281:9:IKS01A3_MOTION_SENSOR_Disable_Wake_Up_Detection	24	static
../Drivers/BSP/IKS01A3/iks01a3_motion_sensors_ex.c:2340:9:IKS01A3_MOTION_SENSOR_Set_Wake_Up_Threshold	24	static
../Drivers/BSP/IKS01A3/iks01a3_motion_sensors_ex.c:2399:9:IKS01A3_MOTION_SENSOR_Set_Wake_Up_Duration	24	static
../Drivers/BSP/IKS01A3/iks01a3_motion_sensors_ex.c:2458:9:IKS01A3_MOTION_SENSOR_Enable_Inactivity_Detection	24	static
../Drivers/BSP/IKS01A3/iks01a3_motion_sensors_ex.c:2505:9:IKS01A3_MOTION_SENSOR_Disable_Inactivity_Detection	24	static
../Drivers/BSP/IKS01A3/iks01a3_motion_sensors_ex.c:2551:9:IKS01A3_MOTION_SENSOR_Set_Sleep_Duration	24	static
../Drivers/BSP/IKS01A3/iks01a3_motion_sensors_ex.c:2598:9:IKS01A3_MOTION_SENSOR_Enable_Single_Tap_Detection	24	static
../Drivers/BSP/IKS01A3/iks01a3_motion_sensors_ex.c:2630:9:IKS01A3_MOTION_SENSOR_Disable_Single_Tap_Detection	24	static
../Drivers/BSP/IKS01A3/iks01a3_motion_sensors_ex.c:2664:9:IKS01A3_MOTION_SENSOR_Enable_Double_Tap_Detection	24	static
../Drivers/BSP/IKS01A3/iks01a3_motion_sensors_ex.c:2696:9:IKS01A3_MOTION_SENSOR_Disable_Double_Tap_Detection	24	static
../Drivers/BSP/IKS01A3/iks01a3_motion_sensors_ex.c:2729:9:IKS01A3_MOTION_SENSOR_Set_Tap_Threshold	24	static
../Drivers/BSP/IKS01A3/iks01a3_motion_sensors_ex.c:2762:9:IKS01A3_MOTION_SENSOR_Set_Tap_Shock_Time	24	static
../Drivers/BSP/IKS01A3/iks01a3_motion_sensors_ex.c:2795:9:IKS01A3_MOTION_SENSOR_Set_Tap_Quiet_Time	24	static
../Drivers/BSP/IKS01A3/iks01a3_motion_sensors_ex.c:2828:9:IKS01A3_MOTION_SENSOR_Set_Tap_Duration_Time	24	static
../Drivers/BSP/IKS01A3/iks01a3_motion_sensors_ex.c:2862:9:IKS01A3_MOTION_SENSOR_Enable_6D_Orientation	24	static
../Drivers/BSP/IKS01A3/iks01a3_motion_sensors_ex.c:2922:9:IKS01A3_MOTION_SENSOR_Disable_6D_Orientation	24	static
../Drivers/BSP/IKS01A3/iks01a3_motion_sensors_ex.c:2981:9:IKS01A3_MOTION_SENSOR_Set_6D_Orientation_Threshold	24	static
../Drivers/BSP/IKS01A3/iks01a3_motion_sensors_ex.c:3040:9:IKS01A3_MOTION_SENSOR_Get_6D_Orientation_XL	24	static
../Drivers/BSP/IKS01A3/iks01a3_motion_sensors_ex.c:3099:9:IKS01A3_MOTION_SENSOR_Get_6D_Orientation_XH	24	static
../Drivers/BSP/IKS01A3/iks01a3_motion_sensors_ex.c:3158:9:IKS01A3_MOTION_SENSOR_Get_6D_Orientation_YL	24	static
../Drivers/BSP/IKS01A3/iks01a3_motion_sensors_ex.c:3217:9:IKS01A3_MOTION_SENSOR_Get_6D_Orientation_YH	24	static
../Drivers/BSP/IKS01A3/iks01a3_motion_sensors_ex.c:3276:9:IKS01A3_MOTION_SENSOR_Get_6D_Orientation_ZL	24	static
../Drivers/BSP/IKS01A3/iks01a3_motion_sensors_ex.c:3335:9:IKS01A3_MOTION_SENSOR_Get_6D_Orientation_ZH	24	static
../Drivers/BSP/IKS01A3/iks01a3_motion_sensors_ex.c:3394:9:IKS01A3_MOTION_SENSOR_FIFO_Get_Num_Samples	24	static
../Drivers/BSP/IKS01A3/iks01a3_motion_sensors_ex.c:3453:9:IKS01A3_MOTION_SENSOR_FIFO_Get_Full_Status	24	static
../Drivers/BSP/IKS01A3/iks01a3_motion_sensors_ex.c:3488:9:IKS01A3_MOTION_SENSOR_FIFO_Set_BDR	32	static
../Drivers/BSP/IKS01A3/iks01a3_motion_sensors_ex.c:3539:9:IKS01A3_MOTION_SENSOR_FIFO_Set_INT1_FIFO_Full	24	static
../Drivers/BSP/IKS01A3/iks01a3_motion_sensors_ex.c:3572:9:IKS01A3_MOTION_SENSOR_FIFO_Set_Watermark_Level	24	static
../Drivers/BSP/IKS01A3/iks01a3_motion_sensors_ex.c:3605:9:IKS01A3_MOTION_SENSOR_FIFO_Set_Stop_On_Fth	24	static
../Drivers/BSP/IKS01A3/iks01a3_motion_sensors_ex.c:3638:9:IKS01A3_MOTION_SENSOR_FIFO_Set_Mode	24	static
../Drivers/BSP/IKS01A3/iks01a3_motion_sensors_ex.c:3697:9:IKS01A3_MOTION_SENSOR_FIFO_Get_Tag	24	static
../Drivers/BSP/IKS01A3/iks01a3_motion_sensors_ex.c:3732:9:IKS01A3_MOTION_SENSOR_FIFO_Get_Axes	32	static
../Drivers/BSP/IKS01A3/iks01a3_motion_sensors_ex.c:3791:9:IKS01A3_MOTION_SENSOR_Set_SelfTest	32	static
../Drivers/BSP/IKS01A3/iks01a3_motion_sensors_ex.c:3902:9:IKS01A3_MOTION_SENSOR_DRDY_Set_Mode	24	static
../Drivers/BSP/IKS01A3/iks01a3_motion_sensors_ex.c:3937:9:IKS01A3_MOTION_SENSOR_DRDY_Enable_Interrupt	32	static
../Drivers/BSP/IKS01A3/iks01a3_motion_sensors_ex.c:4005:9:IKS01A3_MOTION_SENSOR_DRDY_Disable_Interrupt	32	static
