Archive member included to satisfy reference by file (symbol)

c:/st/stm32cubeide_1.12.1/stm32cubeide/plugins/com.st.stm32cube.ide.mcu.externaltools.gnu-tools-for-stm32.10.3-2021.10.win32_1.0.200.202301161003/tools/bin/../lib/gcc/arm-none-eabi/10.3.1/../../../../arm-none-eabi/lib/thumb/v7e-m+fp/hard\libc_nano.a(lib_a-errno.o)
                              ./Core/Src/syscalls.o (__errno)
c:/st/stm32cubeide_1.12.1/stm32cubeide/plugins/com.st.stm32cube.ide.mcu.externaltools.gnu-tools-for-stm32.10.3-2021.10.win32_1.0.200.202301161003/tools/bin/../lib/gcc/arm-none-eabi/10.3.1/../../../../arm-none-eabi/lib/thumb/v7e-m+fp/hard\libc_nano.a(lib_a-exit.o)
                              c:/st/stm32cubeide_1.12.1/stm32cubeide/plugins/com.st.stm32cube.ide.mcu.externaltools.gnu-tools-for-stm32.10.3-2021.10.win32_1.0.200.202301161003/tools/bin/../lib/gcc/arm-none-eabi/10.3.1/../../../../arm-none-eabi/lib/thumb/v7e-m+fp/hard/crt0.o (exit)
c:/st/stm32cubeide_1.12.1/stm32cubeide/plugins/com.st.stm32cube.ide.mcu.externaltools.gnu-tools-for-stm32.10.3-2021.10.win32_1.0.200.202301161003/tools/bin/../lib/gcc/arm-none-eabi/10.3.1/../../../../arm-none-eabi/lib/thumb/v7e-m+fp/hard\libc_nano.a(lib_a-impure.o)
                              c:/st/stm32cubeide_1.12.1/stm32cubeide/plugins/com.st.stm32cube.ide.mcu.externaltools.gnu-tools-for-stm32.10.3-2021.10.win32_1.0.200.202301161003/tools/bin/../lib/gcc/arm-none-eabi/10.3.1/../../../../arm-none-eabi/lib/thumb/v7e-m+fp/hard\libc_nano.a(lib_a-exit.o) (_global_impure_ptr)
c:/st/stm32cubeide_1.12.1/stm32cubeide/plugins/com.st.stm32cube.ide.mcu.externaltools.gnu-tools-for-stm32.10.3-2021.10.win32_1.0.200.202301161003/tools/bin/../lib/gcc/arm-none-eabi/10.3.1/../../../../arm-none-eabi/lib/thumb/v7e-m+fp/hard\libc_nano.a(lib_a-init.o)
                              c:/st/stm32cubeide_1.12.1/stm32cubeide/plugins/com.st.stm32cube.ide.mcu.externaltools.gnu-tools-for-stm32.10.3-2021.10.win32_1.0.200.202301161003/tools/bin/../lib/gcc/arm-none-eabi/10.3.1/../../../../arm-none-eabi/lib/thumb/v7e-m+fp/hard/crt0.o (__libc_init_array)
c:/st/stm32cubeide_1.12.1/stm32cubeide/plugins/com.st.stm32cube.ide.mcu.externaltools.gnu-tools-for-stm32.10.3-2021.10.win32_1.0.200.202301161003/tools/bin/../lib/gcc/arm-none-eabi/10.3.1/../../../../arm-none-eabi/lib/thumb/v7e-m+fp/hard\libc_nano.a(lib_a-memcpy-stub.o)
                              ./Middlewares/ST/BlueNRG-MS/hci/controller/bluenrg_gap_aci.o (memcpy)
c:/st/stm32cubeide_1.12.1/stm32cubeide/plugins/com.st.stm32cube.ide.mcu.externaltools.gnu-tools-for-stm32.10.3-2021.10.win32_1.0.200.202301161003/tools/bin/../lib/gcc/arm-none-eabi/10.3.1/../../../../arm-none-eabi/lib/thumb/v7e-m+fp/hard\libc_nano.a(lib_a-memset.o)
                              c:/st/stm32cubeide_1.12.1/stm32cubeide/plugins/com.st.stm32cube.ide.mcu.externaltools.gnu-tools-for-stm32.10.3-2021.10.win32_1.0.200.202301161003/tools/bin/../lib/gcc/arm-none-eabi/10.3.1/../../../../arm-none-eabi/lib/thumb/v7e-m+fp/hard/crt0.o (memset)
c:/st/stm32cubeide_1.12.1/stm32cubeide/plugins/com.st.stm32cube.ide.mcu.externaltools.gnu-tools-for-stm32.10.3-2021.10.win32_1.0.200.202301161003/tools/bin/../lib/gcc/arm-none-eabi/10.3.1/../../../../arm-none-eabi/lib/thumb/v7e-m+fp/hard\libc_nano.a(lib_a-rand.o)
                              ./BlueNRG_MS/App/app_bluenrg_ms.o (srand)
c:/st/stm32cubeide_1.12.1/stm32cubeide/plugins/com.st.stm32cube.ide.mcu.externaltools.gnu-tools-for-stm32.10.3-2021.10.win32_1.0.200.202301161003/tools/bin/../lib/gcc/arm-none-eabi/10.3.1/../../../../arm-none-eabi/lib/thumb/v7e-m+fp/hard\libc_nano.a(lib_a-strlen.o)
                              ./BlueNRG_MS/App/app_bluenrg_ms.o (strlen)
c:/st/stm32cubeide_1.12.1/stm32cubeide/plugins/com.st.stm32cube.ide.mcu.externaltools.gnu-tools-for-stm32.10.3-2021.10.win32_1.0.200.202301161003/tools/bin/../lib/gcc/arm-none-eabi/10.3.1/../../../../arm-none-eabi/lib/thumb/v7e-m+fp/hard\libc_nano.a(lib_a-assert.o)
                              c:/st/stm32cubeide_1.12.1/stm32cubeide/plugins/com.st.stm32cube.ide.mcu.externaltools.gnu-tools-for-stm32.10.3-2021.10.win32_1.0.200.202301161003/tools/bin/../lib/gcc/arm-none-eabi/10.3.1/../../../../arm-none-eabi/lib/thumb/v7e-m+fp/hard\libc_nano.a(lib_a-rand.o) (__assert_func)
c:/st/stm32cubeide_1.12.1/stm32cubeide/plugins/com.st.stm32cube.ide.mcu.externaltools.gnu-tools-for-stm32.10.3-2021.10.win32_1.0.200.202301161003/tools/bin/../lib/gcc/arm-none-eabi/10.3.1/../../../../arm-none-eabi/lib/thumb/v7e-m+fp/hard\libc_nano.a(lib_a-fprintf.o)
                              c:/st/stm32cubeide_1.12.1/stm32cubeide/plugins/com.st.stm32cube.ide.mcu.externaltools.gnu-tools-for-stm32.10.3-2021.10.win32_1.0.200.202301161003/tools/bin/../lib/gcc/arm-none-eabi/10.3.1/../../../../arm-none-eabi/lib/thumb/v7e-m+fp/hard\libc_nano.a(lib_a-assert.o) (fiprintf)
[...]
Memory Configuration

Name             Origin             Length             Attributes
RAM              0x0000000020000000 0x0000000000018000 xrw
FLASH            0x0000000008000000 0x0000000000080000 xr
*default*        0x0000000000000000 0xffffffffffffffff

Linker script and memory map

LOAD c:/st/stm32cubeide_1.12.1/stm32cubeide/plugins/com.st.stm32cube.ide.mcu.externaltools.gnu-tools-for-stm32.10.3-2021.10.win32_1.0.200.202301161003/tools/bin/../lib/gcc/arm-none-eabi/10.3.1/thumb/v7e-m+fp/hard/crti.o
LOAD c:/st/stm32cubeide_1.12.1/stm32cubeide/plugins/com.st.stm32cube.ide.mcu.externaltools.gnu-tools-for-stm32.10.3-2021.10.win32_1.0.200.202301161003/tools/bin/../lib/gcc/arm-none-eabi/10.3.1/thumb/v7e-m+fp/hard/crtbegin.o
LOAD c:/st/stm32cubeide_1.12.1/stm32cubeide/plugins/com.st.stm32cube.ide.mcu.externaltools.gnu-tools-for-stm32.10.3-2021.10.win32_1.0.200.202301161003/tools/bin/../lib/gcc/arm-none-eabi/10.3.1/../../../../arm-none-eabi/lib/thumb/v7e-m+fp/hard/crt0.o
LOAD ./BlueNRG_MS/App/app_bluenrg_ms.o
LOAD ./BlueNRG_MS/App/gatt_db.o
LOAD ./BlueNRG_MS/App/sensor.o
LOAD ./BlueNRG_MS/Target/hci_tl_interface.o
LOAD ./Core/Src/main.o
LOAD ./Core/Src/stm32f4xx_hal_msp.o
LOAD ./Core/Src/stm32f4xx_it.o
LOAD ./Core/Src/stm32f4xx_nucleo_bus.o
LOAD ./Core/Src/syscalls.o
LOAD ./Core/Src/sysmem.o
LOAD ./Core/Src/system_stm32f4xx.o
LOAD ./Core/Startup/startup_stm32f401retx.o
LOAD ./Drivers/BSP/Components/hts221/hts221.o
LOAD ./Drivers/BSP/Components/hts221/hts221_reg.o
LOAD ./Drivers/BSP/Components/lis2dw12/lis2dw12.o
LOAD ./Drivers/BSP/Components/lis2dw12/lis2dw12_reg.o
LOAD ./Drivers/BSP/Components/lis2mdl/lis2mdl.o
LOAD ./Drivers/BSP/Components/lis2mdl/lis2mdl_reg.o
LOAD ./Drivers/BSP/Components/lps22hh/lps22hh.o
LOAD ./Drivers/BSP/Components/lps22hh/lps22hh_reg.o
LOAD ./Drivers/BSP/Components/lsm6dso/lsm6dso.o
LOAD ./Drivers/BSP/Components/lsm6dso/lsm6dso_reg.o
LOAD ./Drivers/BSP/Components/stts751/stts751.o
LOAD ./Drivers/BSP/Components/stts751/stts751_reg.o
LOAD ./Drivers/BSP/IKS01A3/iks01a3_env_sensors.o
LOAD ./Drivers/BSP/IKS01A3/iks01a3_env_sensors_ex.o
LOAD ./Drivers/BSP/IKS01A3/iks01a3_motion_sensors.o
LOAD ./Drivers/BSP/IKS01A3/iks01a3_motion_sensors_ex.o
LOAD ./Drivers/BSP/STM32F4xx_Nucleo/stm32f4xx_nucleo.o
LOAD ./Drivers/STM32F4xx_HAL_Driver/Src/stm32f4xx_hal.o
LOAD ./Drivers/STM32F4xx_HAL_Driver/Src/stm32f4xx_hal_cortex.o
LOAD ./Drivers/STM32F4xx_HAL_Driver/Src/stm32f4xx_hal_dma.o
LOAD ./Drivers/STM32F4xx_HAL_Driver/Src/stm32f4xx_hal_dma_ex.o
LOAD ./Drivers/STM32F4xx_HAL_Driver/Src/stm32f4xx_hal_exti.o
LOAD ./Drivers/STM32F4xx_HAL_Driver/Src/stm32f4xx_hal_flash.o
LOAD ./Drivers/STM32F4xx_HAL_Driver/Src/stm32f4xx_hal_flash_ex.o
LOAD ./Drivers/STM32F4xx_HAL_Driver/Src/stm32f4xx_hal_flash_ramfunc.o
LOAD ./Drivers/STM32F4xx_HAL_Driver/Src/stm32f4xx_hal_gpio.o
LOAD ./Drivers/STM32F4xx_HAL_Driver/Src/stm32f4xx_hal_i2c.o
LOAD ./Drivers/STM32F4xx_HAL_Driver/Src/stm32f4xx_hal_i2c_ex.o
LOAD ./Drivers/STM32F4xx_HAL_Driver/Src/stm32f4xx_hal_pwr.o
LOAD ./Drivers/STM32F4xx_HAL_Driver/Src/stm32f4xx_hal_pwr_ex.o
LOAD ./Drivers/STM32F4xx_HAL_Driver/Src/stm32f4xx_hal_rcc.o
LOAD ./Drivers/STM32F4xx_HAL_Driver/Src/stm32f4xx_hal_rcc_ex.o
LOAD ./Drivers/STM32F4xx_HAL_Driver/Src/stm32f4xx_hal_spi.o
LOAD ./Drivers/STM32F4xx_HAL_Driver/Src/stm32f4xx_hal_tim.o
LOAD ./Drivers/STM32F4xx_HAL_Driver/Src/stm32f4xx_hal_tim_ex.o
LOAD ./Drivers/STM32F4xx_HAL_Driver/Src/stm32f4xx_hal_uart.o
LOAD ./Middlewares/ST/BlueNRG-MS/hci/controller/bluenrg_gap_aci.o
LOAD ./Middlewares/ST/BlueNRG-MS/hci/controller/bluenrg_gatt_aci.o
LOAD ./Middlewares/ST/BlueNRG-MS/hci/controller/bluenrg_hal_aci.o
LOAD ./Middlewares/ST/BlueNRG-MS/hci/controller/bluenrg_l2cap_aci.o
LOAD ./Middlewares/ST/BlueNRG-MS/hci/controller/bluenrg_updater_aci.o
LOAD ./Middlewares/ST/BlueNRG-MS/hci/controller/bluenrg_utils_small.o
LOAD ./Middlewares/ST/BlueNRG-MS/hci/hci_le.o
LOAD ./Middlewares/ST/BlueNRG-MS/hci/hci_tl_patterns/Basic/hci_tl.o
LOAD ./Middlewares/ST/BlueNRG-MS/utils/ble_list.o
START GROUP
LOAD c:/st/stm32cubeide_1.12.1/stm32cubeide/plugins/com.st.stm32cube.ide.mcu.externaltools.gnu-tools-for-stm32.10.3-2021.10.win32_1.0.200.202301161003/tools/bin/../lib/gcc/arm-none-eabi/10.3.1/../../../../arm-none-eabi/lib/thumb/v7e-m+fp/hard\libc_nano.a
LOAD c:/st/stm32cubeide_1.12.1/stm32cubeide/plugins/com.st.stm32cube.ide.mcu.externaltools.gnu-tools-for-stm32.10.3-2021.10.win32_1.0.200.202301161003/tools/bin/../lib/gcc/arm-none-eabi/10.3.1/../../../../arm-none-eabi/lib/thumb/v7e-m+fp/hard\libm.a
END GROUP
START GROUP
LOAD c:/st/stm32cubeide_1.12.1/stm32cubeide/plugins/com.st.stm32cube.ide.mcu.externaltools.gnu-tools-for-stm32.10.3-2021.10.win32_1.0.200.202301161003/tools/bin/../lib/gcc/arm-none-eabi/10.3.1/thumb/v7e-m+fp/hard\libgcc.a
LOAD c:/st/stm32cubeide_1.12.1/stm32cubeide/plugins/com.st.stm32cube.ide.mcu.externaltools.gnu-tools-for-stm32.10.3-2021.10.win32_1.0.200.202301161003/tools/bin/../lib/gcc/arm-none-eabi/10.3.1/../../../../arm-none-eabi/lib/thumb/v7e-m+fp/hard\libc_nano.a
END GROUP
START GROUP
LOAD c:/st/stm32cubeide_1.12.1/stm32cubeide/plugins/com.st.stm32cube.ide.mcu.externaltools.gnu-tools-for-stm32.10.3-2021.10.win32_1.0.200.202301161003/tools/bin/../lib/gcc/arm-none-eabi/10.3.1/thumb/v7e-m+fp/hard\libgcc.a
LOAD c:/st/stm32cubeide_1.12.1/stm32cubeide/plugins/com.st.stm32cube.ide.mcu.externaltools.gnu-tools-for-stm32.10.3-2021.10.win32_1.0.200.202301161003/tools/bin/../lib/gcc/arm-none-eabi/10.3.1/../../../../arm-none-eabi/lib/thumb/v7e-m+fp/hard\libc_nano.a
LOAD c:/st/stm32cubeide_1.12.1/stm32cubeide/plugins/com.st.stm32cube.ide.mcu.externaltools.gnu-tools-for-stm32.10.3-2021.10.win32_1.0.200.202301161003/tools/bin/../lib/gcc/arm-none-eabi/10.3.1/../../../../arm-none-eabi/lib/thumb/v7e-m+fp/hard\libnosys.a
END GROUP
START GROUP
LOAD c:/st/stm32cubeide_1.12.1/stm32cubeide/plugins/com.st.stm32cube.ide.mcu.externaltools.gnu-tools-for-stm32.10.3-2021.10.win32_1.0.200.202301161003/tools/bin/../lib/gcc/arm-none-eabi/10.3.1/thumb/v7e-m+fp/hard\libgcc.a
LOAD c:/st/stm32cubeide_1.12.1/stm32cubeide/plugins/com.st.stm32cube.ide.mcu.externaltools.gnu-tools-for-stm32.10.3-2021.10.win32_1.0.200.202301161003/tools/bin/../lib/gcc/arm-none-eabi/10.3.1/../../../../arm-none-eabi/lib/thumb/v7e-m+fp/hard\libc_nano.a
LOAD c:/st/stm32cubeide_1.12.1/stm32cubeide/plugins/com.st.stm32cube.ide.mcu.externaltools.gnu-tools-for-stm32.10.3-2021.10.win32_1.0.200.202301161003/tools/bin/../lib/gcc/arm-none-eabi/10.3.1/../../../../arm-none-eabi/lib/thumb/v7e-m+fp/hard\libnosys.a
END GROUP
LOAD c:/st/stm32cubeide_1.12.1/stm32cubeide/plugins/com.st.stm32cube.ide.mcu.externaltools.gnu-tools-for-stm32.10.3-2021.10.win32_1.0.200.202301161003/tools/bin/../lib/gcc/arm-none-eabi/10.3.1/thumb/v7e-m+fp/hard/crtend.o
LOAD c:/st/stm32cubeide_1.12.1/stm32cubeide/plugins/com.st.stm32cube.ide.mcu.externaltools.gnu-tools-for-stm32.10.3-2021.10.win32_1.0.200.202301161003/tools/bin/../lib/gcc/arm-none-eabi/10.3.1/thumb/v7e-m+fp/hard/crtn.o
                0x0000000020018000                _estack = (ORIGIN (RAM) + LENGTH (RAM))
                0x0000000000000200                _Min_Heap_Size = 0x200
                0x0000000000000400                _Min_Stack_Size = 0x400

.isr_vector     0x0000000008000000      0x194
                0x0000000008000000                . = ALIGN (0x4)
 *(.isr_vector)
 .isr_vector    0x0000000008000000      0x194 ./Core/Startup/startup_stm32f401retx.o
                0x0000000008000000                g_pfnVectors
                0x0000000008000194                . = ALIGN (0x4)

.text           0x00000000080001a0    0x103d4
                0x00000000080001a0                . = ALIGN (0x4)
 *(.text)
 .text          0x00000000080001a0       0x40 c:/st/stm32cubeide_1.12.1/stm32cubeide/plugins/com.st.stm32cube.ide.mcu.externaltools.gnu-tools-for-stm32.10.3-2021.10.win32_1.0.200.202301161003/tools/bin/../lib/gcc/arm-none-eabi/10.3.1/thumb/v7e-m+fp/hard/crtbegin.o
 .text          0x00000000080001e0       0x10 c:/st/stm32cubeide_1.12.1/stm32cubeide/plugins/com.st.stm32cube.ide.mcu.externaltools.gnu-tools-for-stm32.10.3-2021.10.win32_1.0.200.202301161003/tools/bin/../lib/gcc/arm-none-eabi/10.3.1/../../../../arm-none-eabi/lib/thumb/v7e-m+fp/hard\libc_nano.a(lib_a-strlen.o)
                0x00000000080001e0                strlen
 .text          0x00000000080001f0       0xa0 c:/st/stm32cubeide_1.12.1/stm32cubeide/plugins/com.st.stm32cube.ide.mcu.externaltools.gnu-tools-for-stm32.10.3-2021.10.win32_1.0.200.202301161003/tools/bin/../lib/gcc/arm-none-eabi/10.3.1/../../../../arm-none-eabi/lib/thumb/v7e-m+fp/hard\libc_nano.a(lib_a-memchr.o)
                0x00000000080001f0                memchr
 .text          0x0000000008000290      0x378 c:/st/stm32cubeide_1.12.1/stm32cubeide/plugins/com.st.stm32cube.ide.mcu.externaltools.gnu-tools-for-stm32.10.3-2021.10.win32_1.0.200.202301161003/tools/bin/../lib/gcc/arm-none-eabi/10.3.1/thumb/v7e-m+fp/hard\libgcc.a(_arm_addsubdf3.o)
                0x0000000008000290                __aeabi_drsub
                0x0000000008000298                __aeabi_dsub
                0x0000000008000298                __subdf3
                0x000000000800029c                __aeabi_dadd
                0x000000000800029c                __adddf3
                0x0000000008000514                __floatunsidf
                0x0000000008000514                __aeabi_ui2d
                0x0000000008000534                __floatsidf
                0x0000000008000534                __aeabi_i2d
                0x0000000008000558                __aeabi_f2d
                0x0000000008000558                __extendsfdf2
                0x000000000800059c                __floatundidf
                0x000000000800059c                __aeabi_ul2d
                0x00000000080005ac                __floatdidf
                0x00000000080005ac                __aeabi_l2d
 .text          0x0000000008000608       0xa0 c:/st/stm32cubeide_1.12.1/stm32cubeide/plugins/com.st.stm32cube.ide.mcu.externaltools.gnu-tools-for-stm32.10.3-2021.10.win32_1.0.200.202301161003/tools/bin/../lib/gcc/arm-none-eabi/10.3.1/thumb/v7e-m+fp/hard\libgcc.a(_arm_truncdfsf2.o)
                0x0000000008000608                __truncdfsf2
                0x0000000008000608                __aeabi_d2f
 .text          0x00000000080006a8       0x30 c:/st/stm32cubeide_1.12.1/stm32cubeide/plugins/com.st.stm32cube.ide.mcu.externaltools.gnu-tools-for-stm32.10.3-2021.10.win32_1.0.200.202301161003/tools/bin/../lib/gcc/arm-none-eabi/10.3.1/thumb/v7e-m+fp/hard\libgcc.a(_aeabi_uldivmod.o)
                0x00000000080006a8                __aeabi_uldivmod
 .text          0x00000000080006d8      0x2d0 c:/st/stm32cubeide_1.12.1/stm32cubeide/plugins/com.st.stm32cube.ide.mcu.externaltools.gnu-tools-for-stm32.10.3-2021.10.win32_1.0.200.202301161003/tools/bin/../lib/gcc/arm-none-eabi/10.3.1/thumb/v7e-m+fp/hard\libgcc.a(_udivmoddi4.o)
                0x00000000080006d8                __udivmoddi4
 .text          0x00000000080009a8        0x4 c:/st/stm32cubeide_1.12.1/stm32cubeide/plugins/com.st.stm32cube.ide.mcu.externaltools.gnu-tools-for-stm32.10.3-2021.10.win32_1.0.200.202301161003/tools/bin/../lib/gcc/arm-none-eabi/10.3.1/thumb/v7e-m+fp/hard\libgcc.a(_dvmd_tls.o)
                0x00000000080009a8                __aeabi_idiv0
                0x00000000080009a8                __aeabi_ldiv0
 *(.text*)
 .text.MX_BlueNRG_MS_Init
                0x00000000080009ac      0x150 ./BlueNRG_MS/App/app_bluenrg_ms.o
                0x00000000080009ac                MX_BlueNRG_MS_Init
 .text.MX_BlueNRG_MS_Process
                0x0000000008000afc       0x10 ./BlueNRG_MS/App/app_bluenrg_ms.o
                0x0000000008000afc                MX_BlueNRG_MS_Process
 .text.User_Init
                0x0000000008000b0c       0x1c ./BlueNRG_MS/App/app_bluenrg_ms.o
 .text.User_Process
                0x0000000008000b28       0xd8 ./BlueNRG_MS/App/app_bluenrg_ms.o
 .text.Set_Random_Environmental_Values
                0x0000000008000c00      0x100 ./BlueNRG_MS/App/app_bluenrg_ms.o
 .text.Set_Random_Motion_Values
                0x0000000008000d00     0x10dc ./BlueNRG_MS/App/app_bluenrg_ms.o
 .text.Reset_Motion_Values
                0x0000000008001ddc      0x1d4 ./BlueNRG_MS/App/app_bluenrg_ms.o
 .text.BSP_PB_Callback
                0x0000000008001fb0       0x20 ./BlueNRG_MS/App/app_bluenrg_ms.o
                0x0000000008001fb0                BSP_PB_Callback
 .text.Add_HWServW2ST_Service
                0x0000000008001fd0      0x1a4 ./BlueNRG_MS/App/gatt_db.o
                0x0000000008001fd0                Add_HWServW2ST_Service
 .text.Add_SWServW2ST_Service
                0x0000000008002174      0x120 ./BlueNRG_MS/App/gatt_db.o
                0x0000000008002174                Add_SWServW2ST_Service
 .text.Acc_Update
                0x0000000008002294      0x114 ./BlueNRG_MS/App/gatt_db.o
                0x0000000008002294                Acc_Update
 .text.Quat_Update
                0x00000000080023a8       0x8c ./BlueNRG_MS/App/gatt_db.o
                0x00000000080023a8                Quat_Update
 .text.Read_Request_CB
                0x0000000008002434      0x190 ./BlueNRG_MS/App/gatt_db.o
                0x0000000008002434                Read_Request_CB
 .text.BlueMS_Environmental_Update
                0x00000000080025c4       0x8c ./BlueNRG_MS/App/gatt_db.o
                0x00000000080025c4                BlueMS_Environmental_Update
 .text.Set_DeviceConnectable
                0x0000000008002650       0xe8 ./BlueNRG_MS/App/sensor.o
                0x0000000008002650                Set_DeviceConnectable
 .text.user_notify
                0x0000000008002738       0x9e ./BlueNRG_MS/App/sensor.o
                0x0000000008002738                user_notify
 *fill*         0x00000000080027d6        0x2 
 .text.GAP_DisconnectionComplete_CB
                0x00000000080027d8       0x2c ./BlueNRG_MS/App/sensor.o
                0x00000000080027d8                GAP_DisconnectionComplete_CB
 .text.GAP_ConnectionComplete_CB
                0x0000000008002804       0x40 ./BlueNRG_MS/App/sensor.o
                0x0000000008002804                GAP_ConnectionComplete_CB
 .text.HCI_TL_SPI_Init
                0x0000000008002844       0x90 ./BlueNRG_MS/Target/hci_tl_interface.o
                0x0000000008002844                HCI_TL_SPI_Init
 .text.HCI_TL_SPI_DeInit
                0x00000000080028d4       0x28 ./BlueNRG_MS/Target/hci_tl_interface.o
                0x00000000080028d4                HCI_TL_SPI_DeInit
 .text.HCI_TL_SPI_Reset
                0x00000000080028fc       0x3c ./BlueNRG_MS/Target/hci_tl_interface.o
                0x00000000080028fc                HCI_TL_SPI_Reset
 .text.HCI_TL_SPI_Receive
                0x0000000008002938       0xb4 ./BlueNRG_MS/Target/hci_tl_interface.o
                0x0000000008002938                HCI_TL_SPI_Receive
 .text.HCI_TL_SPI_Send
                0x00000000080029ec       0xa8 ./BlueNRG_MS/Target/hci_tl_interface.o
                0x00000000080029ec                HCI_TL_SPI_Send
 .text.IsDataAvailable
                0x0000000008002a94       0x20 ./BlueNRG_MS/Target/hci_tl_interface.o
 .text.hci_tl_lowlevel_init
                0x0000000008002ab4       0x74 ./BlueNRG_MS/Target/hci_tl_interface.o
                0x0000000008002ab4                hci_tl_lowlevel_init
 .text.hci_tl_lowlevel_isr
                0x0000000008002b28       0x22 ./BlueNRG_MS/Target/hci_tl_interface.o
                0x0000000008002b28                hci_tl_lowlevel_isr
 *fill*         0x0000000008002b4a        0x2 
 .text.main     0x0000000008002b4c       0x68 ./Core/Src/main.o
                0x0000000008002b4c                main
 .text.SystemClock_Config
                0x0000000008002bb4       0xd8 ./Core/Src/main.o
                0x0000000008002bb4                SystemClock_Config
 .text.MX_GPIO_Init
                0x0000000008002c8c       0xfc ./Core/Src/main.o
 .text.Error_Handler
                0x0000000008002d88        0xa ./Core/Src/main.o
                0x0000000008002d88                Error_Handler
 *fill*         0x0000000008002d92        0x2 
 .text.HAL_MspInit
                0x0000000008002d94       0x50 ./Core/Src/stm32f4xx_hal_msp.o
                0x0000000008002d94                HAL_MspInit
 .text.NMI_Handler
                0x0000000008002de4        0x6 ./Core/Src/stm32f4xx_it.o
                0x0000000008002de4                NMI_Handler
 .text.HardFault_Handler
                0x0000000008002dea        0x6 ./Core/Src/stm32f4xx_it.o
                0x0000000008002dea                HardFault_Handler
 .text.MemManage_Handler
                0x0000000008002df0        0x6 ./Core/Src/stm32f4xx_it.o
                0x0000000008002df0                MemManage_Handler
 .text.BusFault_Handler
                0x0000000008002df6        0x6 ./Core/Src/stm32f4xx_it.o
                0x0000000008002df6                BusFault_Handler
 .text.UsageFault_Handler
                0x0000000008002dfc        0x6 ./Core/Src/stm32f4xx_it.o
                0x0000000008002dfc                UsageFault_Handler
 .text.SVC_Handler
                0x0000000008002e02        0xe ./Core/Src/stm32f4xx_it.o
                0x0000000008002e02                SVC_Handler
 .text.DebugMon_Handler
                0x0000000008002e10        0xe ./Core/Src/stm32f4xx_it.o
                0x0000000008002e10                DebugMon_Handler
 .text.PendSV_Handler
                0x0000000008002e1e        0xe ./Core/Src/stm32f4xx_it.o
                0x0000000008002e1e                PendSV_Handler
 .text.SysTick_Handler
                0x0000000008002e2c        0xc ./Core/Src/stm32f4xx_it.o
                0x0000000008002e2c                SysTick_Handler
 .text.EXTI0_IRQHandler
                0x0000000008002e38       0x14 ./Core/Src/stm32f4xx_it.o
                0x0000000008002e38                EXTI0_IRQHandler
 .text.EXTI15_10_IRQHandler
                0x0000000008002e4c       0x14 ./Core/Src/stm32f4xx_it.o
                0x0000000008002e4c                EXTI15_10_IRQHandler
 .text.BSP_SPI1_Init
                0x0000000008002e60       0x60 ./Core/Src/stm32f4xx_nucleo_bus.o
                0x0000000008002e60                BSP_SPI1_Init
 .text.BSP_SPI1_SendRecv
                0x0000000008002ec0       0x40 ./Core/Src/stm32f4xx_nucleo_bus.o
                0x0000000008002ec0                BSP_SPI1_SendRecv
 .text.BSP_I2C1_Init
                0x0000000008002f00       0x64 ./Core/Src/stm32f4xx_nucleo_bus.o
                0x0000000008002f00                BSP_I2C1_Init
 .text.BSP_I2C1_DeInit
                0x0000000008002f64       0x50 ./Core/Src/stm32f4xx_nucleo_bus.o
                0x0000000008002f64                BSP_I2C1_DeInit
 .text.BSP_I2C1_WriteReg
                0x0000000008002fb4       0x64 ./Core/Src/stm32f4xx_nucleo_bus.o
                0x0000000008002fb4                BSP_I2C1_WriteReg
 .text.BSP_I2C1_ReadReg
                0x0000000008003018       0x64 ./Core/Src/stm32f4xx_nucleo_bus.o
                0x0000000008003018                BSP_I2C1_ReadReg
 .text.BSP_GetTick
                0x000000000800307c        0xe ./Core/Src/stm32f4xx_nucleo_bus.o
                0x000000000800307c                BSP_GetTick
 *fill*         0x000000000800308a        0x2 
 .text.MX_SPI1_Init
                0x000000000800308c       0x78 ./Core/Src/stm32f4xx_nucleo_bus.o
                0x000000000800308c                MX_SPI1_Init
 .text.SPI1_MspInit
                0x0000000008003104       0xd0 ./Core/Src/stm32f4xx_nucleo_bus.o
 .text.MX_I2C1_Init
                0x00000000080031d4       0x68 ./Core/Src/stm32f4xx_nucleo_bus.o
                0x00000000080031d4                MX_I2C1_Init
 .text.I2C1_MspInit
                0x000000000800323c       0x94 ./Core/Src/stm32f4xx_nucleo_bus.o
 .text.I2C1_MspDeInit
                0x00000000080032d0       0x38 ./Core/Src/stm32f4xx_nucleo_bus.o
 .text._getpid  0x0000000008003308       0x10 ./Core/Src/syscalls.o
                0x0000000008003308                _getpid
 .text._kill    0x0000000008003318       0x20 ./Core/Src/syscalls.o
                0x0000000008003318                _kill
 .text._exit    0x0000000008003338       0x14 ./Core/Src/syscalls.o
                0x0000000008003338                _exit
 .text._read    0x000000000800334c       0x3a ./Core/Src/syscalls.o
                0x000000000800334c                _read
 .text._write   0x0000000008003386       0x38 ./Core/Src/syscalls.o
                0x0000000008003386                _write
 .text._close   0x00000000080033be       0x18 ./Core/Src/syscalls.o
                0x00000000080033be                _close
 .text._fstat   0x00000000080033d6       0x20 ./Core/Src/syscalls.o
                0x00000000080033d6                _fstat
 .text._isatty  0x00000000080033f6       0x16 ./Core/Src/syscalls.o
                0x00000000080033f6                _isatty
 .text._lseek   0x000000000800340c       0x1a ./Core/Src/syscalls.o
                0x000000000800340c                _lseek
 *fill*         0x0000000008003426        0x2 
 .text._sbrk    0x0000000008003428       0x6c ./Core/Src/sysmem.o
                0x0000000008003428                _sbrk
 .text.SystemInit
                0x0000000008003494       0x24 ./Core/Src/system_stm32f4xx.o
                0x0000000008003494                SystemInit
 .text.Reset_Handler
                0x00000000080034b8       0x50 ./Core/Startup/startup_stm32f401retx.o
                0x00000000080034b8                Reset_Handler
 .text.Default_Handler
                0x0000000008003508        0x2 ./Core/Startup/startup_stm32f401retx.o
                0x0000000008003508                RTC_Alarm_IRQHandler
                0x0000000008003508                EXTI2_IRQHandler
                0x0000000008003508                SPI4_IRQHandler
                0x0000000008003508                TIM1_CC_IRQHandler
                0x0000000008003508                DMA2_Stream5_IRQHandler
                0x0000000008003508                DMA1_Stream5_IRQHandler
                0x0000000008003508                PVD_IRQHandler
                0x0000000008003508                SDIO_IRQHandler
                0x0000000008003508                TAMP_STAMP_IRQHandler
                0x0000000008003508                EXTI3_IRQHandler
                0x0000000008003508                TIM1_UP_TIM10_IRQHandler
                0x0000000008003508                I2C3_ER_IRQHandler
                0x0000000008003508                I2C2_EV_IRQHandler
                0x0000000008003508                DMA1_Stream2_IRQHandler
                0x0000000008003508                FPU_IRQHandler
                0x0000000008003508                DMA2_Stream2_IRQHandler
                0x0000000008003508                SPI1_IRQHandler
                0x0000000008003508                TIM1_BRK_TIM9_IRQHandler
                0x0000000008003508                DMA2_Stream3_IRQHandler
                0x0000000008003508                USART6_IRQHandler
                0x0000000008003508                DMA2_Stream0_IRQHandler
                0x0000000008003508                TIM4_IRQHandler
                0x0000000008003508                I2C1_EV_IRQHandler
                0x0000000008003508                DMA1_Stream6_IRQHandler
                0x0000000008003508                DMA1_Stream1_IRQHandler
                0x0000000008003508                TIM3_IRQHandler
                0x0000000008003508                RCC_IRQHandler
                0x0000000008003508                Default_Handler
                0x0000000008003508                ADC_IRQHandler
                0x0000000008003508                DMA1_Stream7_IRQHandler
                0x0000000008003508                TIM5_IRQHandler
                0x0000000008003508                DMA2_Stream7_IRQHandler
                0x0000000008003508                I2C3_EV_IRQHandler
                0x0000000008003508                EXTI9_5_IRQHandler
                0x0000000008003508                RTC_WKUP_IRQHandler
                0x0000000008003508                SPI2_IRQHandler
                0x0000000008003508                DMA1_Stream0_IRQHandler
                0x0000000008003508                EXTI4_IRQHandler
                0x0000000008003508                WWDG_IRQHandler
                0x0000000008003508                TIM2_IRQHandler
                0x0000000008003508                OTG_FS_WKUP_IRQHandler
                0x0000000008003508                TIM1_TRG_COM_TIM11_IRQHandler
                0x0000000008003508                EXTI1_IRQHandler
                0x0000000008003508                USART2_IRQHandler
                0x0000000008003508                I2C2_ER_IRQHandler
                0x0000000008003508                DMA2_Stream1_IRQHandler
                0x0000000008003508                FLASH_IRQHandler
                0x0000000008003508                DMA2_Stream4_IRQHandler
                0x0000000008003508                USART1_IRQHandler
                0x0000000008003508                OTG_FS_IRQHandler
                0x0000000008003508                SPI3_IRQHandler
                0x0000000008003508                DMA1_Stream4_IRQHandler
                0x0000000008003508                I2C1_ER_IRQHandler
                0x0000000008003508                DMA2_Stream6_IRQHandler
                0x0000000008003508                DMA1_Stream3_IRQHandler
 *fill*         0x000000000800350a        0x2 
 .text.HTS221_RegisterBusIO
                0x000000000800350c       0x94 ./Drivers/BSP/Components/hts221/hts221.o
                0x000000000800350c                HTS221_RegisterBusIO
 .text.HTS221_Init
                0x00000000080035a0       0x36 ./Drivers/BSP/Components/hts221/hts221.o
                0x00000000080035a0                HTS221_Init
 .text.HTS221_DeInit
                0x00000000080035d6       0x48 ./Drivers/BSP/Components/hts221/hts221.o
                0x00000000080035d6                HTS221_DeInit
 .text.HTS221_ReadID
                0x000000000800361e       0x2c ./Drivers/BSP/Components/hts221/hts221.o
                0x000000000800361e                HTS221_ReadID
 *fill*         0x000000000800364a        0x2 
 .text.HTS221_GetCapabilities
                0x000000000800364c       0x48 ./Drivers/BSP/Components/hts221/hts221.o
                0x000000000800364c                HTS221_GetCapabilities
 .text.HTS221_HUM_Enable
                0x0000000008003694       0x4a ./Drivers/BSP/Components/hts221/hts221.o
                0x0000000008003694                HTS221_HUM_Enable
 .text.HTS221_HUM_Disable
                0x00000000080036de       0x4a ./Drivers/BSP/Components/hts221/hts221.o
                0x00000000080036de                HTS221_HUM_Disable
 .text.HTS221_HUM_GetOutputDataRate
                0x0000000008003728       0x1c ./Drivers/BSP/Components/hts221/hts221.o
                0x0000000008003728                HTS221_HUM_GetOutputDataRate
 .text.HTS221_HUM_SetOutputDataRate
                0x0000000008003744       0x20 ./Drivers/BSP/Components/hts221/hts221.o
                0x0000000008003744                HTS221_HUM_SetOutputDataRate
 .text.HTS221_HUM_GetHumidity
                0x0000000008003764      0x110 ./Drivers/BSP/Components/hts221/hts221.o
                0x0000000008003764                HTS221_HUM_GetHumidity
 .text.HTS221_TEMP_Enable
                0x0000000008003874       0x4a ./Drivers/BSP/Components/hts221/hts221.o
                0x0000000008003874                HTS221_TEMP_Enable
 .text.HTS221_TEMP_Disable
                0x00000000080038be       0x4a ./Drivers/BSP/Components/hts221/hts221.o
                0x00000000080038be                HTS221_TEMP_Disable
 .text.HTS221_TEMP_GetOutputDataRate
                0x0000000008003908       0x1c ./Drivers/BSP/Components/hts221/hts221.o
                0x0000000008003908                HTS221_TEMP_GetOutputDataRate
 .text.HTS221_TEMP_SetOutputDataRate
                0x0000000008003924       0x20 ./Drivers/BSP/Components/hts221/hts221.o
                0x0000000008003924                HTS221_TEMP_SetOutputDataRate
 .text.HTS221_TEMP_GetTemperature
                0x0000000008003944       0xd4 ./Drivers/BSP/Components/hts221/hts221.o
                0x0000000008003944                HTS221_TEMP_GetTemperature
 .text.HTS221_GetOutputDataRate
                0x0000000008003a18       0x88 ./Drivers/BSP/Components/hts221/hts221.o
 .text.HTS221_SetOutputDataRate
                0x0000000008003aa0       0x60 ./Drivers/BSP/Components/hts221/hts221.o
 .text.HTS221_Initialize
                0x0000000008003b00       0x58 ./Drivers/BSP/Components/hts221/hts221.o
 .text.Linear_Interpolation
                0x0000000008003b58       0x72 ./Drivers/BSP/Components/hts221/hts221.o
 .text.ReadRegWrap
                0x0000000008003bca       0x62 ./Drivers/BSP/Components/hts221/hts221.o
 .text.WriteRegWrap
                0x0000000008003c2c       0x62 ./Drivers/BSP/Components/hts221/hts221.o
 .text.hts221_read_reg
                0x0000000008003c8e       0x30 ./Drivers/BSP/Components/hts221/hts221_reg.o
                0x0000000008003c8e                hts221_read_reg
 .text.hts221_write_reg
                0x0000000008003cbe       0x30 ./Drivers/BSP/Components/hts221/hts221_reg.o
                0x0000000008003cbe                hts221_write_reg
 .text.hts221_data_rate_set
                0x0000000008003cee       0x4c ./Drivers/BSP/Components/hts221/hts221_reg.o
                0x0000000008003cee                hts221_data_rate_set
 *fill*         0x0000000008003d3a        0x2 
 .text.hts221_data_rate_get
                0x0000000008003d3c       0x70 ./Drivers/BSP/Components/hts221/hts221_reg.o
                0x0000000008003d3c                hts221_data_rate_get
 .text.hts221_block_data_update_set
                0x0000000008003dac       0x4c ./Drivers/BSP/Components/hts221/hts221_reg.o
                0x0000000008003dac                hts221_block_data_update_set
 .text.hts221_humidity_raw_get
                0x0000000008003df8       0x46 ./Drivers/BSP/Components/hts221/hts221_reg.o
                0x0000000008003df8                hts221_humidity_raw_get
 .text.hts221_temperature_raw_get
                0x0000000008003e3e       0x46 ./Drivers/BSP/Components/hts221/hts221_reg.o
                0x0000000008003e3e                hts221_temperature_raw_get
 .text.hts221_device_id_get
                0x0000000008003e84       0x22 ./Drivers/BSP/Components/hts221/hts221_reg.o
                0x0000000008003e84                hts221_device_id_get
 .text.hts221_power_on_set
                0x0000000008003ea6       0x4c ./Drivers/BSP/Components/hts221/hts221_reg.o
                0x0000000008003ea6                hts221_power_on_set
 .text.hts221_hum_rh_point_0_get
                0x0000000008003ef2       0x3c ./Drivers/BSP/Components/hts221/hts221_reg.o
                0x0000000008003ef2                hts221_hum_rh_point_0_get
 .text.hts221_hum_rh_point_1_get
                0x0000000008003f2e       0x3c ./Drivers/BSP/Components/hts221/hts221_reg.o
                0x0000000008003f2e                hts221_hum_rh_point_1_get
 .text.hts221_temp_deg_point_0_get
                0x0000000008003f6a       0x62 ./Drivers/BSP/Components/hts221/hts221_reg.o
                0x0000000008003f6a                hts221_temp_deg_point_0_get
 .text.hts221_temp_deg_point_1_get
                0x0000000008003fcc       0x62 ./Drivers/BSP/Components/hts221/hts221_reg.o
                0x0000000008003fcc                hts221_temp_deg_point_1_get
 .text.hts221_hum_adc_point_0_get
                0x000000000800402e       0x48 ./Drivers/BSP/Components/hts221/hts221_reg.o
                0x000000000800402e                hts221_hum_adc_point_0_get
 .text.hts221_hum_adc_point_1_get
                0x0000000008004076       0x48 ./Drivers/BSP/Components/hts221/hts221_reg.o
                0x0000000008004076                hts221_hum_adc_point_1_get
 .text.hts221_temp_adc_point_0_get
                0x00000000080040be       0x48 ./Drivers/BSP/Components/hts221/hts221_reg.o
                0x00000000080040be                hts221_temp_adc_point_0_get
 .text.hts221_temp_adc_point_1_get
                0x0000000008004106       0x48 ./Drivers/BSP/Components/hts221/hts221_reg.o
                0x0000000008004106                hts221_temp_adc_point_1_get
 *fill*         0x000000000800414e        0x2 
 .text.LIS2DW12_RegisterBusIO
                0x0000000008004150       0xd4 ./Drivers/BSP/Components/lis2dw12/lis2dw12.o
                0x0000000008004150                LIS2DW12_RegisterBusIO
 .text.LIS2DW12_Init
                0x0000000008004224       0xc4 ./Drivers/BSP/Components/lis2dw12/lis2dw12.o
                0x0000000008004224                LIS2DW12_Init
 .text.LIS2DW12_DeInit
                0x00000000080042e8       0x44 ./Drivers/BSP/Components/lis2dw12/lis2dw12.o
                0x00000000080042e8                LIS2DW12_DeInit
 .text.LIS2DW12_ReadID
                0x000000000800432c       0x2c ./Drivers/BSP/Components/lis2dw12/lis2dw12.o
                0x000000000800432c                LIS2DW12_ReadID
 .text.LIS2DW12_GetCapabilities
                0x0000000008004358       0x5c ./Drivers/BSP/Components/lis2dw12/lis2dw12.o
                0x0000000008004358                LIS2DW12_GetCapabilities
 .text.LIS2DW12_ACC_Enable
                0x00000000080043b4       0x52 ./Drivers/BSP/Components/lis2dw12/lis2dw12.o
                0x00000000080043b4                LIS2DW12_ACC_Enable
 .text.LIS2DW12_ACC_Disable
                0x0000000008004406       0x40 ./Drivers/BSP/Components/lis2dw12/lis2dw12.o
                0x0000000008004406                LIS2DW12_ACC_Disable
 *fill*         0x0000000008004446        0x2 
 .text.LIS2DW12_ACC_GetSensitivity
                0x0000000008004448      0x190 ./Drivers/BSP/Components/lis2dw12/lis2dw12.o
                0x0000000008004448                LIS2DW12_ACC_GetSensitivity
 .text.LIS2DW12_ACC_GetOutputDataRate
                0x00000000080045d8      0x404 ./Drivers/BSP/Components/lis2dw12/lis2dw12.o
                0x00000000080045d8                LIS2DW12_ACC_GetOutputDataRate
 .text.LIS2DW12_ACC_SetOutputDataRate
                0x00000000080049dc       0x24 ./Drivers/BSP/Components/lis2dw12/lis2dw12.o
                0x00000000080049dc                LIS2DW12_ACC_SetOutputDataRate
 .text.LIS2DW12_ACC_SetOutputDataRate_With_Mode
                0x0000000008004a00       0x4c ./Drivers/BSP/Components/lis2dw12/lis2dw12.o
                0x0000000008004a00                LIS2DW12_ACC_SetOutputDataRate_With_Mode
 .text.LIS2DW12_ACC_GetFullScale
                0x0000000008004a4c       0x84 ./Drivers/BSP/Components/lis2dw12/lis2dw12.o
                0x0000000008004a4c                LIS2DW12_ACC_GetFullScale
 .text.LIS2DW12_ACC_SetFullScale
                0x0000000008004ad0       0x50 ./Drivers/BSP/Components/lis2dw12/lis2dw12.o
                0x0000000008004ad0                LIS2DW12_ACC_SetFullScale
 .text.LIS2DW12_ACC_GetAxesRaw
                0x0000000008004b20      0x148 ./Drivers/BSP/Components/lis2dw12/lis2dw12.o
                0x0000000008004b20                LIS2DW12_ACC_GetAxesRaw
 .text.LIS2DW12_ACC_GetAxes
                0x0000000008004c68       0xaa ./Drivers/BSP/Components/lis2dw12/lis2dw12.o
                0x0000000008004c68                LIS2DW12_ACC_GetAxes
 .text.LIS2DW12_Write_Reg
                0x0000000008004d12       0x36 ./Drivers/BSP/Components/lis2dw12/lis2dw12.o
                0x0000000008004d12                LIS2DW12_Write_Reg
 .text.LIS2DW12_ACC_SetOutputDataRate_When_Enabled
                0x0000000008004d48      0x238 ./Drivers/BSP/Components/lis2dw12/lis2dw12.o
 .text.LIS2DW12_ACC_SetOutputDataRate_When_Disabled
                0x0000000008004f80      0x124 ./Drivers/BSP/Components/lis2dw12/lis2dw12.o
 .text.ReadRegWrap
                0x00000000080050a4       0x36 ./Drivers/BSP/Components/lis2dw12/lis2dw12.o
 .text.WriteRegWrap
                0x00000000080050da       0x36 ./Drivers/BSP/Components/lis2dw12/lis2dw12.o
 .text.lis2dw12_read_reg
                0x0000000008005110       0x30 ./Drivers/BSP/Components/lis2dw12/lis2dw12_reg.o
                0x0000000008005110                lis2dw12_read_reg
 .text.lis2dw12_write_reg
                0x0000000008005140       0x30 ./Drivers/BSP/Components/lis2dw12/lis2dw12_reg.o
                0x0000000008005140                lis2dw12_write_reg
 .text.lis2dw12_power_mode_set
                0x0000000008005170       0x9c ./Drivers/BSP/Components/lis2dw12/lis2dw12_reg.o
                0x0000000008005170                lis2dw12_power_mode_set
 .text.lis2dw12_power_mode_get
                0x000000000800520c      0x174 ./Drivers/BSP/Components/lis2dw12/lis2dw12_reg.o
                0x000000000800520c                lis2dw12_power_mode_get
 .text.lis2dw12_data_rate_set
                0x0000000008005380       0x8a ./Drivers/BSP/Components/lis2dw12/lis2dw12_reg.o
                0x0000000008005380                lis2dw12_data_rate_set
 *fill*         0x000000000800540a        0x2 
 .text.lis2dw12_data_rate_get
                0x000000000800540c      0x194 ./Drivers/BSP/Components/lis2dw12/lis2dw12_reg.o
                0x000000000800540c                lis2dw12_data_rate_get
 .text.lis2dw12_block_data_update_set
                0x00000000080055a0       0x4c ./Drivers/BSP/Components/lis2dw12/lis2dw12_reg.o
                0x00000000080055a0                lis2dw12_block_data_update_set
 .text.lis2dw12_full_scale_set
                0x00000000080055ec       0x4c ./Drivers/BSP/Components/lis2dw12/lis2dw12_reg.o
                0x00000000080055ec                lis2dw12_full_scale_set
 .text.lis2dw12_full_scale_get
                0x0000000008005638       0x70 ./Drivers/BSP/Components/lis2dw12/lis2dw12_reg.o
                0x0000000008005638                lis2dw12_full_scale_get
 .text.lis2dw12_acceleration_raw_get
                0x00000000080056a8       0x96 ./Drivers/BSP/Components/lis2dw12/lis2dw12_reg.o
                0x00000000080056a8                lis2dw12_acceleration_raw_get
 .text.lis2dw12_device_id_get
                0x000000000800573e       0x22 ./Drivers/BSP/Components/lis2dw12/lis2dw12_reg.o
                0x000000000800573e                lis2dw12_device_id_get
 .text.lis2dw12_auto_increment_set
                0x0000000008005760       0x4c ./Drivers/BSP/Components/lis2dw12/lis2dw12_reg.o
                0x0000000008005760                lis2dw12_auto_increment_set
 .text.lis2dw12_fifo_mode_set
                0x00000000080057ac       0x4c ./Drivers/BSP/Components/lis2dw12/lis2dw12_reg.o
                0x00000000080057ac                lis2dw12_fifo_mode_set
 .text.LIS2MDL_RegisterBusIO
                0x00000000080057f8      0x100 ./Drivers/BSP/Components/lis2mdl/lis2mdl.o
                0x00000000080057f8                LIS2MDL_RegisterBusIO
 .text.LIS2MDL_Init
                0x00000000080058f8      0x10c ./Drivers/BSP/Components/lis2mdl/lis2mdl.o
                0x00000000080058f8                LIS2MDL_Init
 .text.LIS2MDL_DeInit
                0x0000000008005a04       0x2c ./Drivers/BSP/Components/lis2mdl/lis2mdl.o
                0x0000000008005a04                LIS2MDL_DeInit
 .text.LIS2MDL_ReadID
                0x0000000008005a30       0x4c ./Drivers/BSP/Components/lis2mdl/lis2mdl.o
                0x0000000008005a30                LIS2MDL_ReadID
 .text.LIS2MDL_GetCapabilities
                0x0000000008005a7c       0x5c ./Drivers/BSP/Components/lis2mdl/lis2mdl.o
                0x0000000008005a7c                LIS2MDL_GetCapabilities
 .text.LIS2MDL_MAG_Enable
                0x0000000008005ad8       0x84 ./Drivers/BSP/Components/lis2mdl/lis2mdl.o
                0x0000000008005ad8                LIS2MDL_MAG_Enable
 .text.LIS2MDL_MAG_Disable
                0x0000000008005b5c       0x86 ./Drivers/BSP/Components/lis2mdl/lis2mdl.o
                0x0000000008005b5c                LIS2MDL_MAG_Disable
 .text.LIS2MDL_MAG_GetSensitivity
                0x0000000008005be2       0x20 ./Drivers/BSP/Components/lis2mdl/lis2mdl.o
                0x0000000008005be2                LIS2MDL_MAG_GetSensitivity
 *fill*         0x0000000008005c02        0x2 
 .text.LIS2MDL_MAG_GetOutputDataRate
                0x0000000008005c04       0x8c ./Drivers/BSP/Components/lis2mdl/lis2mdl.o
                0x0000000008005c04                LIS2MDL_MAG_GetOutputDataRate
 .text.LIS2MDL_MAG_SetOutputDataRate
                0x0000000008005c90       0xc8 ./Drivers/BSP/Components/lis2mdl/lis2mdl.o
                0x0000000008005c90                LIS2MDL_MAG_SetOutputDataRate
 .text.LIS2MDL_MAG_GetFullScale
                0x0000000008005d58       0x1e ./Drivers/BSP/Components/lis2mdl/lis2mdl.o
                0x0000000008005d58                LIS2MDL_MAG_GetFullScale
 .text.LIS2MDL_MAG_SetFullScale
                0x0000000008005d76       0x18 ./Drivers/BSP/Components/lis2mdl/lis2mdl.o
                0x0000000008005d76                LIS2MDL_MAG_SetFullScale
 .text.LIS2MDL_MAG_GetAxesRaw
                0x0000000008005d8e       0x48 ./Drivers/BSP/Components/lis2mdl/lis2mdl.o
                0x0000000008005d8e                LIS2MDL_MAG_GetAxesRaw
 .text.LIS2MDL_MAG_GetAxes
                0x0000000008005dd6      0x114 ./Drivers/BSP/Components/lis2mdl/lis2mdl.o
                0x0000000008005dd6                LIS2MDL_MAG_GetAxes
 .text.LIS2MDL_Write_Reg
                0x0000000008005eea       0x56 ./Drivers/BSP/Components/lis2mdl/lis2mdl.o
                0x0000000008005eea                LIS2MDL_Write_Reg
 .text.ReadMagRegWrap
                0x0000000008005f40       0x82 ./Drivers/BSP/Components/lis2mdl/lis2mdl.o
 .text.WriteMagRegWrap
                0x0000000008005fc2       0x82 ./Drivers/BSP/Components/lis2mdl/lis2mdl.o
 .text.LSM6DSOX_SENSORHUB_LIS2MDL_ReadShData
                0x0000000008006044      0x27e ./Drivers/BSP/Components/lis2mdl/lis2mdl.o
 .text.LSM6DSOX_SENSORHUB_LIS2MDL_WriteShData
                0x00000000080062c2      0x23c ./Drivers/BSP/Components/lis2mdl/lis2mdl.o
 .text.lis2mdl_read_reg
                0x00000000080064fe       0x30 ./Drivers/BSP/Components/lis2mdl/lis2mdl_reg.o
                0x00000000080064fe                lis2mdl_read_reg
 .text.lis2mdl_write_reg
                0x000000000800652e       0x30 ./Drivers/BSP/Components/lis2mdl/lis2mdl_reg.o
                0x000000000800652e                lis2mdl_write_reg
 .text.lis2mdl_operating_mode_set
                0x000000000800655e       0x4c ./Drivers/BSP/Components/lis2mdl/lis2mdl_reg.o
                0x000000000800655e                lis2mdl_operating_mode_set
 .text.lis2mdl_data_rate_set
                0x00000000080065aa       0x4c ./Drivers/BSP/Components/lis2mdl/lis2mdl_reg.o
                0x00000000080065aa                lis2mdl_data_rate_set
 *fill*         0x00000000080065f6        0x2 
 .text.lis2mdl_data_rate_get
                0x00000000080065f8       0x70 ./Drivers/BSP/Components/lis2mdl/lis2mdl_reg.o
                0x00000000080065f8                lis2mdl_data_rate_get
 .text.lis2mdl_block_data_update_set
                0x0000000008006668       0x4c ./Drivers/BSP/Components/lis2mdl/lis2mdl_reg.o
                0x0000000008006668                lis2mdl_block_data_update_set
 .text.lis2mdl_magnetic_raw_get
                0x00000000080066b4       0x96 ./Drivers/BSP/Components/lis2mdl/lis2mdl_reg.o
                0x00000000080066b4                lis2mdl_magnetic_raw_get
 .text.lis2mdl_device_id_get
                0x000000000800674a       0x22 ./Drivers/BSP/Components/lis2mdl/lis2mdl_reg.o
                0x000000000800674a                lis2mdl_device_id_get
 .text.lis2mdl_self_test_set
                0x000000000800676c       0x4c ./Drivers/BSP/Components/lis2mdl/lis2mdl_reg.o
                0x000000000800676c                lis2mdl_self_test_set
 .text.lis2mdl_i2c_interface_set
                0x00000000080067b8       0x4c ./Drivers/BSP/Components/lis2mdl/lis2mdl_reg.o
                0x00000000080067b8                lis2mdl_i2c_interface_set
 .text.LPS22HH_RegisterBusIO
                0x0000000008006804       0xd4 ./Drivers/BSP/Components/lps22hh/lps22hh.o
                0x0000000008006804                LPS22HH_RegisterBusIO
 .text.LPS22HH_Init
                0x00000000080068d8       0x36 ./Drivers/BSP/Components/lps22hh/lps22hh.o
                0x00000000080068d8                LPS22HH_Init
 .text.LPS22HH_DeInit
                0x000000000800690e       0x48 ./Drivers/BSP/Components/lps22hh/lps22hh.o
                0x000000000800690e                LPS22HH_DeInit
 .text.LPS22HH_ReadID
                0x0000000008006956       0x2c ./Drivers/BSP/Components/lps22hh/lps22hh.o
                0x0000000008006956                LPS22HH_ReadID
 *fill*         0x0000000008006982        0x2 
 .text.LPS22HH_GetCapabilities
                0x0000000008006984       0x48 ./Drivers/BSP/Components/lps22hh/lps22hh.o
                0x0000000008006984                LPS22HH_GetCapabilities
 .text.LPS22HH_PRESS_Enable
                0x00000000080069cc       0x48 ./Drivers/BSP/Components/lps22hh/lps22hh.o
                0x00000000080069cc                LPS22HH_PRESS_Enable
 .text.LPS22HH_PRESS_Disable
                0x0000000008006a14       0x68 ./Drivers/BSP/Components/lps22hh/lps22hh.o
                0x0000000008006a14                LPS22HH_PRESS_Disable
 .text.LPS22HH_PRESS_GetOutputDataRate
                0x0000000008006a7c       0x1c ./Drivers/BSP/Components/lps22hh/lps22hh.o
                0x0000000008006a7c                LPS22HH_PRESS_GetOutputDataRate
 .text.LPS22HH_PRESS_SetOutputDataRate
                0x0000000008006a98       0x38 ./Drivers/BSP/Components/lps22hh/lps22hh.o
                0x0000000008006a98                LPS22HH_PRESS_SetOutputDataRate
 .text.LPS22HH_PRESS_GetPressure
                0x0000000008006ad0       0x50 ./Drivers/BSP/Components/lps22hh/lps22hh.o
                0x0000000008006ad0                LPS22HH_PRESS_GetPressure
 .text.LPS22HH_TEMP_Enable
                0x0000000008006b20       0x48 ./Drivers/BSP/Components/lps22hh/lps22hh.o
                0x0000000008006b20                LPS22HH_TEMP_Enable
 .text.LPS22HH_TEMP_Disable
                0x0000000008006b68       0x68 ./Drivers/BSP/Components/lps22hh/lps22hh.o
                0x0000000008006b68                LPS22HH_TEMP_Disable
 .text.LPS22HH_TEMP_GetOutputDataRate
                0x0000000008006bd0       0x1c ./Drivers/BSP/Components/lps22hh/lps22hh.o
                0x0000000008006bd0                LPS22HH_TEMP_GetOutputDataRate
 .text.LPS22HH_TEMP_SetOutputDataRate
                0x0000000008006bec       0x38 ./Drivers/BSP/Components/lps22hh/lps22hh.o
                0x0000000008006bec                LPS22HH_TEMP_SetOutputDataRate
 .text.LPS22HH_TEMP_GetTemperature
                0x0000000008006c24       0x52 ./Drivers/BSP/Components/lps22hh/lps22hh.o
                0x0000000008006c24                LPS22HH_TEMP_GetTemperature
 .text.LPS22HH_Write_Reg
                0x0000000008006c76       0x36 ./Drivers/BSP/Components/lps22hh/lps22hh.o
                0x0000000008006c76                LPS22HH_Write_Reg
 .text.LPS22HH_GetOutputDataRate
                0x0000000008006cac       0xc8 ./Drivers/BSP/Components/lps22hh/lps22hh.o
 .text.LPS22HH_SetOutputDataRate_When_Enabled
                0x0000000008006d74       0xe4 ./Drivers/BSP/Components/lps22hh/lps22hh.o
 .text.LPS22HH_SetOutputDataRate_When_Disabled
                0x0000000008006e58       0xb4 ./Drivers/BSP/Components/lps22hh/lps22hh.o
 .text.LPS22HH_Initialize
                0x0000000008006f0c       0x92 ./Drivers/BSP/Components/lps22hh/lps22hh.o
 .text.ReadRegWrap
                0x0000000008006f9e       0x36 ./Drivers/BSP/Components/lps22hh/lps22hh.o
 .text.WriteRegWrap
                0x0000000008006fd4       0x36 ./Drivers/BSP/Components/lps22hh/lps22hh.o
 .text.lps22hh_read_reg
                0x000000000800700a       0x30 ./Drivers/BSP/Components/lps22hh/lps22hh_reg.o
                0x000000000800700a                lps22hh_read_reg
 .text.lps22hh_write_reg
                0x000000000800703a       0x30 ./Drivers/BSP/Components/lps22hh/lps22hh_reg.o
                0x000000000800703a                lps22hh_write_reg
 *fill*         0x000000000800706a        0x2 
 .text.lps22hh_from_lsb_to_hpa
                0x000000000800706c       0x30 ./Drivers/BSP/Components/lps22hh/lps22hh_reg.o
                0x000000000800706c                lps22hh_from_lsb_to_hpa
 .text.lps22hh_from_lsb_to_celsius
                0x000000000800709c       0x34 ./Drivers/BSP/Components/lps22hh/lps22hh_reg.o
                0x000000000800709c                lps22hh_from_lsb_to_celsius
 .text.lps22hh_block_data_update_set
                0x00000000080070d0       0x4c ./Drivers/BSP/Components/lps22hh/lps22hh_reg.o
                0x00000000080070d0                lps22hh_block_data_update_set
 .text.lps22hh_data_rate_set
                0x000000000800711c       0x9c ./Drivers/BSP/Components/lps22hh/lps22hh_reg.o
                0x000000000800711c                lps22hh_data_rate_set
 .text.lps22hh_data_rate_get
                0x00000000080071b8      0x150 ./Drivers/BSP/Components/lps22hh/lps22hh_reg.o
                0x00000000080071b8                lps22hh_data_rate_get
 .text.lps22hh_pressure_raw_get
                0x0000000008007308       0x52 ./Drivers/BSP/Components/lps22hh/lps22hh_reg.o
                0x0000000008007308                lps22hh_pressure_raw_get
 .text.lps22hh_temperature_raw_get
                0x000000000800735a       0x46 ./Drivers/BSP/Components/lps22hh/lps22hh_reg.o
                0x000000000800735a                lps22hh_temperature_raw_get
 .text.lps22hh_device_id_get
                0x00000000080073a0       0x22 ./Drivers/BSP/Components/lps22hh/lps22hh_reg.o
                0x00000000080073a0                lps22hh_device_id_get
 .text.lps22hh_auto_increment_set
                0x00000000080073c2       0x4c ./Drivers/BSP/Components/lps22hh/lps22hh_reg.o
                0x00000000080073c2                lps22hh_auto_increment_set
 .text.lps22hh_lp_bandwidth_set
                0x000000000800740e       0x4c ./Drivers/BSP/Components/lps22hh/lps22hh_reg.o
                0x000000000800740e                lps22hh_lp_bandwidth_set
 .text.lps22hh_i3c_interface_set
                0x000000000800745a       0x5e ./Drivers/BSP/Components/lps22hh/lps22hh_reg.o
                0x000000000800745a                lps22hh_i3c_interface_set
 .text.LSM6DSO_RegisterBusIO
                0x00000000080074b8       0xd4 ./Drivers/BSP/Components/lsm6dso/lsm6dso.o
                0x00000000080074b8                LSM6DSO_RegisterBusIO
 .text.LSM6DSO_Init
                0x000000000800758c       0xea ./Drivers/BSP/Components/lsm6dso/lsm6dso.o
                0x000000000800758c                LSM6DSO_Init
 .text.LSM6DSO_DeInit
                0x0000000008007676       0x4e ./Drivers/BSP/Components/lsm6dso/lsm6dso.o
                0x0000000008007676                LSM6DSO_DeInit
 .text.LSM6DSO_ReadID
                0x00000000080076c4       0x2c ./Drivers/BSP/Components/lsm6dso/lsm6dso.o
                0x00000000080076c4                LSM6DSO_ReadID
 .text.LSM6DSO_GetCapabilities
                0x00000000080076f0       0x5c ./Drivers/BSP/Components/lsm6dso/lsm6dso.o
                0x00000000080076f0                LSM6DSO_GetCapabilities
 .text.LSM6DSO_ACC_Enable
                0x000000000800774c       0x48 ./Drivers/BSP/Components/lsm6dso/lsm6dso.o
                0x000000000800774c                LSM6DSO_ACC_Enable
 .text.LSM6DSO_ACC_Disable
                0x0000000008007794       0x5e ./Drivers/BSP/Components/lsm6dso/lsm6dso.o
                0x0000000008007794                LSM6DSO_ACC_Disable
 *fill*         0x00000000080077f2        0x2 
 .text.LSM6DSO_ACC_GetSensitivity
                0x00000000080077f4       0x8c ./Drivers/BSP/Components/lsm6dso/lsm6dso.o
                0x00000000080077f4                LSM6DSO_ACC_GetSensitivity
 .text.LSM6DSO_ACC_GetOutputDataRate
                0x0000000008007880      0x108 ./Drivers/BSP/Components/lsm6dso/lsm6dso.o
                0x0000000008007880                LSM6DSO_ACC_GetOutputDataRate
 .text.LSM6DSO_ACC_SetOutputDataRate
                0x0000000008007988       0x22 ./Drivers/BSP/Components/lsm6dso/lsm6dso.o
                0x0000000008007988                LSM6DSO_ACC_SetOutputDataRate
 *fill*         0x00000000080079aa        0x2 
 .text.LSM6DSO_ACC_SetOutputDataRate_With_Mode
                0x00000000080079ac      0x33c ./Drivers/BSP/Components/lsm6dso/lsm6dso.o
                0x00000000080079ac                LSM6DSO_ACC_SetOutputDataRate_With_Mode
 .text.LSM6DSO_ACC_GetFullScale
                0x0000000008007ce8       0x7c ./Drivers/BSP/Components/lsm6dso/lsm6dso.o
                0x0000000008007ce8                LSM6DSO_ACC_GetFullScale
 .text.LSM6DSO_ACC_SetFullScale
                0x0000000008007d64       0x50 ./Drivers/BSP/Components/lsm6dso/lsm6dso.o
                0x0000000008007d64                LSM6DSO_ACC_SetFullScale
 .text.LSM6DSO_ACC_GetAxesRaw
                0x0000000008007db4       0x48 ./Drivers/BSP/Components/lsm6dso/lsm6dso.o
                0x0000000008007db4                LSM6DSO_ACC_GetAxesRaw
 .text.LSM6DSO_ACC_GetAxes
                0x0000000008007dfc       0xae ./Drivers/BSP/Components/lsm6dso/lsm6dso.o
                0x0000000008007dfc                LSM6DSO_ACC_GetAxes
 .text.LSM6DSO_GYRO_Enable
                0x0000000008007eaa       0x48 ./Drivers/BSP/Components/lsm6dso/lsm6dso.o
                0x0000000008007eaa                LSM6DSO_GYRO_Enable
 .text.LSM6DSO_GYRO_Disable
                0x0000000008007ef2       0x5e ./Drivers/BSP/Components/lsm6dso/lsm6dso.o
                0x0000000008007ef2                LSM6DSO_GYRO_Disable
 .text.LSM6DSO_GYRO_GetSensitivity
                0x0000000008007f50       0xa4 ./Drivers/BSP/Components/lsm6dso/lsm6dso.o
                0x0000000008007f50                LSM6DSO_GYRO_GetSensitivity
 .text.LSM6DSO_GYRO_GetOutputDataRate
                0x0000000008007ff4       0xf8 ./Drivers/BSP/Components/lsm6dso/lsm6dso.o
                0x0000000008007ff4                LSM6DSO_GYRO_GetOutputDataRate
 .text.LSM6DSO_GYRO_SetOutputDataRate
                0x00000000080080ec       0x22 ./Drivers/BSP/Components/lsm6dso/lsm6dso.o
                0x00000000080080ec                LSM6DSO_GYRO_SetOutputDataRate
 *fill*         0x000000000800810e        0x2 
 .text.LSM6DSO_GYRO_SetOutputDataRate_With_Mode
                0x0000000008008110      0x12c ./Drivers/BSP/Components/lsm6dso/lsm6dso.o
                0x0000000008008110                LSM6DSO_GYRO_SetOutputDataRate_With_Mode
 .text.LSM6DSO_GYRO_GetFullScale
                0x000000000800823c       0x94 ./Drivers/BSP/Components/lsm6dso/lsm6dso.o
                0x000000000800823c                LSM6DSO_GYRO_GetFullScale
 .text.LSM6DSO_GYRO_SetFullScale
                0x00000000080082d0       0x5e ./Drivers/BSP/Components/lsm6dso/lsm6dso.o
                0x00000000080082d0                LSM6DSO_GYRO_SetFullScale
 .text.LSM6DSO_GYRO_GetAxesRaw
                0x000000000800832e       0x48 ./Drivers/BSP/Components/lsm6dso/lsm6dso.o
                0x000000000800832e                LSM6DSO_GYRO_GetAxesRaw
 .text.LSM6DSO_GYRO_GetAxes
                0x0000000008008376       0xa8 ./Drivers/BSP/Components/lsm6dso/lsm6dso.o
                0x0000000008008376                LSM6DSO_GYRO_GetAxes
 .text.LSM6DSO_Write_Reg
                0x000000000800841e       0x36 ./Drivers/BSP/Components/lsm6dso/lsm6dso.o
                0x000000000800841e                LSM6DSO_Write_Reg
 .text.LSM6DSO_ACC_SetOutputDataRate_When_Enabled
                0x0000000008008454      0x130 ./Drivers/BSP/Components/lsm6dso/lsm6dso.o
 .text.LSM6DSO_ACC_SetOutputDataRate_When_Disabled
                0x0000000008008584      0x120 ./Drivers/BSP/Components/lsm6dso/lsm6dso.o
 .text.LSM6DSO_GYRO_SetOutputDataRate_When_Enabled
                0x00000000080086a4      0x118 ./Drivers/BSP/Components/lsm6dso/lsm6dso.o
 .text.LSM6DSO_GYRO_SetOutputDataRate_When_Disabled
                0x00000000080087bc      0x104 ./Drivers/BSP/Components/lsm6dso/lsm6dso.o
 .text.ReadRegWrap
                0x00000000080088c0       0x36 ./Drivers/BSP/Components/lsm6dso/lsm6dso.o
 .text.WriteRegWrap
                0x00000000080088f6       0x36 ./Drivers/BSP/Components/lsm6dso/lsm6dso.o
 .text.lsm6dso_read_reg
                0x000000000800892c       0x30 ./Drivers/BSP/Components/lsm6dso/lsm6dso_reg.o
                0x000000000800892c                lsm6dso_read_reg
 .text.lsm6dso_write_reg
                0x000000000800895c       0x30 ./Drivers/BSP/Components/lsm6dso/lsm6dso_reg.o
                0x000000000800895c                lsm6dso_write_reg
 .text.lsm6dso_xl_full_scale_set
                0x000000000800898c       0x4c ./Drivers/BSP/Components/lsm6dso/lsm6dso_reg.o
                0x000000000800898c                lsm6dso_xl_full_scale_set
 .text.lsm6dso_xl_full_scale_get
                0x00000000080089d8       0x70 ./Drivers/BSP/Components/lsm6dso/lsm6dso_reg.o
                0x00000000080089d8                lsm6dso_xl_full_scale_get
 .text.lsm6dso_xl_data_rate_set
                0x0000000008008a48      0x1f8 ./Drivers/BSP/Components/lsm6dso/lsm6dso_reg.o
                0x0000000008008a48                lsm6dso_xl_data_rate_set
 .text.lsm6dso_xl_data_rate_get
                0x0000000008008c40       0xd0 ./Drivers/BSP/Components/lsm6dso/lsm6dso_reg.o
                0x0000000008008c40                lsm6dso_xl_data_rate_get
 .text.lsm6dso_gy_full_scale_set
                0x0000000008008d10       0x4c ./Drivers/BSP/Components/lsm6dso/lsm6dso_reg.o
                0x0000000008008d10                lsm6dso_gy_full_scale_set
 .text.lsm6dso_gy_full_scale_get
                0x0000000008008d5c       0x84 ./Drivers/BSP/Components/lsm6dso/lsm6dso_reg.o
                0x0000000008008d5c                lsm6dso_gy_full_scale_get
 .text.lsm6dso_gy_data_rate_set
                0x0000000008008de0      0x1f8 ./Drivers/BSP/Components/lsm6dso/lsm6dso_reg.o
                0x0000000008008de0                lsm6dso_gy_data_rate_set
 .text.lsm6dso_gy_data_rate_get
                0x0000000008008fd8       0xc4 ./Drivers/BSP/Components/lsm6dso/lsm6dso_reg.o
                0x0000000008008fd8                lsm6dso_gy_data_rate_get
 .text.lsm6dso_block_data_update_set
                0x000000000800909c       0x4c ./Drivers/BSP/Components/lsm6dso/lsm6dso_reg.o
                0x000000000800909c                lsm6dso_block_data_update_set
 .text.lsm6dso_angular_rate_raw_get
                0x00000000080090e8       0x96 ./Drivers/BSP/Components/lsm6dso/lsm6dso_reg.o
                0x00000000080090e8                lsm6dso_angular_rate_raw_get
 .text.lsm6dso_acceleration_raw_get
                0x000000000800917e       0x96 ./Drivers/BSP/Components/lsm6dso/lsm6dso_reg.o
                0x000000000800917e                lsm6dso_acceleration_raw_get
 .text.lsm6dso_mem_bank_set
                0x0000000008009214       0x4c ./Drivers/BSP/Components/lsm6dso/lsm6dso_reg.o
                0x0000000008009214                lsm6dso_mem_bank_set
 .text.lsm6dso_device_id_get
                0x0000000008009260       0x22 ./Drivers/BSP/Components/lsm6dso/lsm6dso_reg.o
                0x0000000008009260                lsm6dso_device_id_get
 .text.lsm6dso_auto_increment_set
                0x0000000008009282       0x4c ./Drivers/BSP/Components/lsm6dso/lsm6dso_reg.o
                0x0000000008009282                lsm6dso_auto_increment_set
 .text.lsm6dso_i3c_disable_set
                0x00000000080092ce       0x8c ./Drivers/BSP/Components/lsm6dso/lsm6dso_reg.o
                0x00000000080092ce                lsm6dso_i3c_disable_set
 .text.lsm6dso_fifo_mode_set
                0x000000000800935a       0x4c ./Drivers/BSP/Components/lsm6dso/lsm6dso_reg.o
                0x000000000800935a                lsm6dso_fifo_mode_set
 .text.lsm6dso_fsm_enable_get
                0x00000000080093a6       0x42 ./Drivers/BSP/Components/lsm6dso/lsm6dso_reg.o
                0x00000000080093a6                lsm6dso_fsm_enable_get
 .text.lsm6dso_fsm_data_rate_get
                0x00000000080093e8       0x90 ./Drivers/BSP/Components/lsm6dso/lsm6dso_reg.o
                0x00000000080093e8                lsm6dso_fsm_data_rate_get
 .text.STTS751_RegisterBusIO
                0x0000000008009478       0x94 ./Drivers/BSP/Components/stts751/stts751.o
                0x0000000008009478                STTS751_RegisterBusIO
 .text.STTS751_Init
                0x000000000800950c       0x74 ./Drivers/BSP/Components/stts751/stts751.o
                0x000000000800950c                STTS751_Init
 .text.STTS751_DeInit
                0x0000000008009580       0x36 ./Drivers/BSP/Components/stts751/stts751.o
                0x0000000008009580                STTS751_DeInit
 .text.STTS751_ReadID
                0x00000000080095b6       0x36 ./Drivers/BSP/Components/stts751/stts751.o
                0x00000000080095b6                STTS751_ReadID
 .text.STTS751_GetCapabilities
                0x00000000080095ec       0x48 ./Drivers/BSP/Components/stts751/stts751.o
                0x00000000080095ec                STTS751_GetCapabilities
 .text.STTS751_TEMP_Enable
                0x0000000008009634       0x44 ./Drivers/BSP/Components/stts751/stts751.o
                0x0000000008009634                STTS751_TEMP_Enable
 .text.STTS751_TEMP_Disable
                0x0000000008009678       0x58 ./Drivers/BSP/Components/stts751/stts751.o
                0x0000000008009678                STTS751_TEMP_Disable
 .text.STTS751_TEMP_GetOutputDataRate
                0x00000000080096d0       0xf4 ./Drivers/BSP/Components/stts751/stts751.o
                0x00000000080096d0                STTS751_TEMP_GetOutputDataRate
 .text.STTS751_TEMP_SetOutputDataRate
                0x00000000080097c4      0x184 ./Drivers/BSP/Components/stts751/stts751.o
                0x00000000080097c4                STTS751_TEMP_SetOutputDataRate
 .text.STTS751_TEMP_GetTemperature
                0x0000000008009948       0x44 ./Drivers/BSP/Components/stts751/stts751.o
                0x0000000008009948                STTS751_TEMP_GetTemperature
 .text.ReadRegWrap
                0x000000000800998c       0x6e ./Drivers/BSP/Components/stts751/stts751.o
 .text.WriteRegWrap
                0x00000000080099fa       0x6e ./Drivers/BSP/Components/stts751/stts751.o
 .text.stts751_read_reg
                0x0000000008009a68       0x30 ./Drivers/BSP/Components/stts751/stts751_reg.o
                0x0000000008009a68                stts751_read_reg
 .text.stts751_write_reg
                0x0000000008009a98       0x30 ./Drivers/BSP/Components/stts751/stts751_reg.o
                0x0000000008009a98                stts751_write_reg
 .text.stts751_from_lsb_to_celsius
                0x0000000008009ac8       0x34 ./Drivers/BSP/Components/stts751/stts751_reg.o
                0x0000000008009ac8                stts751_from_lsb_to_celsius
 .text.stts751_temp_data_rate_set
                0x0000000008009afc       0xac ./Drivers/BSP/Components/stts751/stts751_reg.o
                0x0000000008009afc                stts751_temp_data_rate_set
 .text.stts751_temp_data_rate_get
                0x0000000008009ba8      0x100 ./Drivers/BSP/Components/stts751/stts751_reg.o
                0x0000000008009ba8                stts751_temp_data_rate_get
 .text.stts751_resolution_set
                0x0000000008009ca8       0x4c ./Drivers/BSP/Components/stts751/stts751_reg.o
                0x0000000008009ca8                stts751_resolution_set
 .text.stts751_resolution_get
                0x0000000008009cf4       0x70 ./Drivers/BSP/Components/stts751/stts751_reg.o
                0x0000000008009cf4                stts751_resolution_get
 .text.stts751_temperature_raw_get
                0x0000000008009d64       0x5e ./Drivers/BSP/Components/stts751/stts751_reg.o
                0x0000000008009d64                stts751_temperature_raw_get
 .text.stts751_pin_event_route_set
                0x0000000008009dc2       0x4c ./Drivers/BSP/Components/stts751/stts751_reg.o
                0x0000000008009dc2                stts751_pin_event_route_set
 .text.stts751_device_id_get
                0x0000000008009e0e       0x4e ./Drivers/BSP/Components/stts751/stts751_reg.o
                0x0000000008009e0e                stts751_device_id_get
 .text.IKS01A3_ENV_SENSOR_Init
                0x0000000008009e5c      0x1f8 ./Drivers/BSP/IKS01A3/iks01a3_env_sensors.o
                0x0000000008009e5c                IKS01A3_ENV_SENSOR_Init
 .text.IKS01A3_ENV_SENSOR_Enable
                0x000000000800a054       0x84 ./Drivers/BSP/IKS01A3/iks01a3_env_sensors.o
                0x000000000800a054                IKS01A3_ENV_SENSOR_Enable
 .text.IKS01A3_ENV_SENSOR_GetValue
                0x000000000800a0d8       0x88 ./Drivers/BSP/IKS01A3/iks01a3_env_sensors.o
                0x000000000800a0d8                IKS01A3_ENV_SENSOR_GetValue
 .text.HTS221_0_Probe
                0x000000000800a160      0x174 ./Drivers/BSP/IKS01A3/iks01a3_env_sensors.o
 .text.LPS22HH_0_Probe
                0x000000000800a2d4      0x178 ./Drivers/BSP/IKS01A3/iks01a3_env_sensors.o
 .text.STTS751_0_Probe
                0x000000000800a44c      0x148 ./Drivers/BSP/IKS01A3/iks01a3_env_sensors.o
 .text.IKS01A3_MOTION_SENSOR_Init
                0x000000000800a594      0x1f8 ./Drivers/BSP/IKS01A3/iks01a3_motion_sensors.o
                0x000000000800a594                IKS01A3_MOTION_SENSOR_Init
 .text.IKS01A3_MOTION_SENSOR_Enable
                0x000000000800a78c       0x84 ./Drivers/BSP/IKS01A3/iks01a3_motion_sensors.o
                0x000000000800a78c                IKS01A3_MOTION_SENSOR_Enable
 .text.IKS01A3_MOTION_SENSOR_GetAxes
                0x000000000800a810       0x88 ./Drivers/BSP/IKS01A3/iks01a3_motion_sensors.o
                0x000000000800a810                IKS01A3_MOTION_SENSOR_GetAxes
 .text.LSM6DSO_0_Probe
                0x000000000800a898      0x180 ./Drivers/BSP/IKS01A3/iks01a3_motion_sensors.o
 .text.LIS2DW12_0_Probe
                0x000000000800aa18      0x150 ./Drivers/BSP/IKS01A3/iks01a3_motion_sensors.o
 .text.LIS2MDL_0_Probe
                0x000000000800ab68      0x150 ./Drivers/BSP/IKS01A3/iks01a3_motion_sensors.o
 .text.BSP_LED_Init
                0x000000000800acb8       0x24 ./Drivers/BSP/STM32F4xx_Nucleo/stm32f4xx_nucleo.o
                0x000000000800acb8                BSP_LED_Init
 .text.BSP_LED_Toggle
                0x000000000800acdc       0x2c ./Drivers/BSP/STM32F4xx_Nucleo/stm32f4xx_nucleo.o
                0x000000000800acdc                BSP_LED_Toggle
 .text.LED_USER_GPIO_Init
                0x000000000800ad08       0x84 ./Drivers/BSP/STM32F4xx_Nucleo/stm32f4xx_nucleo.o
 .text.BSP_PB_Init
                0x000000000800ad8c       0xa8 ./Drivers/BSP/STM32F4xx_Nucleo/stm32f4xx_nucleo.o
                0x000000000800ad8c                BSP_PB_Init
 .text.BSP_PB_GetState
                0x000000000800ae34       0x38 ./Drivers/BSP/STM32F4xx_Nucleo/stm32f4xx_nucleo.o
                0x000000000800ae34                BSP_PB_GetState
 .text.BUTTON_USER_EXTI_Callback
                0x000000000800ae6c        0xe ./Drivers/BSP/STM32F4xx_Nucleo/stm32f4xx_nucleo.o
 *fill*         0x000000000800ae7a        0x2 
 .text.BUTTON_USER_GPIO_Init
                0x000000000800ae7c       0x7c ./Drivers/BSP/STM32F4xx_Nucleo/stm32f4xx_nucleo.o
 .text.BSP_COM_Init
                0x000000000800aef8       0x7c ./Drivers/BSP/STM32F4xx_Nucleo/stm32f4xx_nucleo.o
                0x000000000800aef8                BSP_COM_Init
 .text.MX_USART2_UART_Init
                0x000000000800af74       0x5c ./Drivers/BSP/STM32F4xx_Nucleo/stm32f4xx_nucleo.o
                0x000000000800af74                MX_USART2_UART_Init
 .text.__io_putchar
                0x000000000800afd0       0x38 ./Drivers/BSP/STM32F4xx_Nucleo/stm32f4xx_nucleo.o
                0x000000000800afd0                __io_putchar
 .text.USART2_MspInit
                0x000000000800b008       0x90 ./Drivers/BSP/STM32F4xx_Nucleo/stm32f4xx_nucleo.o
 .text.HAL_Init
                0x000000000800b098       0x44 ./Drivers/STM32F4xx_HAL_Driver/Src/stm32f4xx_hal.o
                0x000000000800b098                HAL_Init
 .text.HAL_InitTick
                0x000000000800b0dc       0x60 ./Drivers/STM32F4xx_HAL_Driver/Src/stm32f4xx_hal.o
                0x000000000800b0dc                HAL_InitTick
 .text.HAL_IncTick
                0x000000000800b13c       0x28 ./Drivers/STM32F4xx_HAL_Driver/Src/stm32f4xx_hal.o
                0x000000000800b13c                HAL_IncTick
 .text.HAL_GetTick
                0x000000000800b164       0x18 ./Drivers/STM32F4xx_HAL_Driver/Src/stm32f4xx_hal.o
                0x000000000800b164                HAL_GetTick
 .text.HAL_Delay
                0x000000000800b17c       0x48 ./Drivers/STM32F4xx_HAL_Driver/Src/stm32f4xx_hal.o
                0x000000000800b17c                HAL_Delay
 .text.__NVIC_SetPriorityGrouping
                0x000000000800b1c4       0x48 ./Drivers/STM32F4xx_HAL_Driver/Src/stm32f4xx_hal_cortex.o
 .text.__NVIC_GetPriorityGrouping
                0x000000000800b20c       0x1c ./Drivers/STM32F4xx_HAL_Driver/Src/stm32f4xx_hal_cortex.o
 .text.__NVIC_EnableIRQ
                0x000000000800b228       0x3c ./Drivers/STM32F4xx_HAL_Driver/Src/stm32f4xx_hal_cortex.o
 .text.__NVIC_SetPriority
                0x000000000800b264       0x54 ./Drivers/STM32F4xx_HAL_Driver/Src/stm32f4xx_hal_cortex.o
 .text.NVIC_EncodePriority
                0x000000000800b2b8       0x66 ./Drivers/STM32F4xx_HAL_Driver/Src/stm32f4xx_hal_cortex.o
 *fill*         0x000000000800b31e        0x2 
 .text.SysTick_Config
                0x000000000800b320       0x44 ./Drivers/STM32F4xx_HAL_Driver/Src/stm32f4xx_hal_cortex.o
 .text.HAL_NVIC_SetPriorityGrouping
                0x000000000800b364       0x16 ./Drivers/STM32F4xx_HAL_Driver/Src/stm32f4xx_hal_cortex.o
                0x000000000800b364                HAL_NVIC_SetPriorityGrouping
 .text.HAL_NVIC_SetPriority
                0x000000000800b37a       0x38 ./Drivers/STM32F4xx_HAL_Driver/Src/stm32f4xx_hal_cortex.o
                0x000000000800b37a                HAL_NVIC_SetPriority
 .text.HAL_NVIC_EnableIRQ
                0x000000000800b3b2       0x1c ./Drivers/STM32F4xx_HAL_Driver/Src/stm32f4xx_hal_cortex.o
                0x000000000800b3b2                HAL_NVIC_EnableIRQ
 .text.HAL_SYSTICK_Config
                0x000000000800b3ce       0x18 ./Drivers/STM32F4xx_HAL_Driver/Src/stm32f4xx_hal_cortex.o
                0x000000000800b3ce                HAL_SYSTICK_Config
 .text.HAL_EXTI_RegisterCallback
                0x000000000800b3e6       0x34 ./Drivers/STM32F4xx_HAL_Driver/Src/stm32f4xx_hal_exti.o
                0x000000000800b3e6                HAL_EXTI_RegisterCallback
 .text.HAL_EXTI_GetHandle
                0x000000000800b41a       0x28 ./Drivers/STM32F4xx_HAL_Driver/Src/stm32f4xx_hal_exti.o
                0x000000000800b41a                HAL_EXTI_GetHandle
 *fill*         0x000000000800b442        0x2 
 .text.HAL_EXTI_IRQHandler
                0x000000000800b444       0x48 ./Drivers/STM32F4xx_HAL_Driver/Src/stm32f4xx_hal_exti.o
                0x000000000800b444                HAL_EXTI_IRQHandler
 .text.HAL_GPIO_Init
                0x000000000800b48c      0x308 ./Drivers/STM32F4xx_HAL_Driver/Src/stm32f4xx_hal_gpio.o
                0x000000000800b48c                HAL_GPIO_Init
 .text.HAL_GPIO_DeInit
                0x000000000800b794      0x1c8 ./Drivers/STM32F4xx_HAL_Driver/Src/stm32f4xx_hal_gpio.o
                0x000000000800b794                HAL_GPIO_DeInit
 .text.HAL_GPIO_ReadPin
                0x000000000800b95c       0x30 ./Drivers/STM32F4xx_HAL_Driver/Src/stm32f4xx_hal_gpio.o
                0x000000000800b95c                HAL_GPIO_ReadPin
 .text.HAL_GPIO_WritePin
                0x000000000800b98c       0x32 ./Drivers/STM32F4xx_HAL_Driver/Src/stm32f4xx_hal_gpio.o
                0x000000000800b98c                HAL_GPIO_WritePin
 .text.HAL_GPIO_TogglePin
                0x000000000800b9be       0x34 ./Drivers/STM32F4xx_HAL_Driver/Src/stm32f4xx_hal_gpio.o
                0x000000000800b9be                HAL_GPIO_TogglePin
 *fill*         0x000000000800b9f2        0x2 
 .text.HAL_I2C_Init
                0x000000000800b9f4      0x288 ./Drivers/STM32F4xx_HAL_Driver/Src/stm32f4xx_hal_i2c.o
                0x000000000800b9f4                HAL_I2C_Init
 .text.HAL_I2C_DeInit
                0x000000000800bc7c       0x5e ./Drivers/STM32F4xx_HAL_Driver/Src/stm32f4xx_hal_i2c.o
                0x000000000800bc7c                HAL_I2C_DeInit
 .text.HAL_I2C_MspInit
                0x000000000800bcda       0x14 ./Drivers/STM32F4xx_HAL_Driver/Src/stm32f4xx_hal_i2c.o
                0x000000000800bcda                HAL_I2C_MspInit
 .text.HAL_I2C_MspDeInit
                0x000000000800bcee       0x14 ./Drivers/STM32F4xx_HAL_Driver/Src/stm32f4xx_hal_i2c.o
                0x000000000800bcee                HAL_I2C_MspDeInit
 *fill*         0x000000000800bd02        0x2 
 .text.HAL_I2C_Mem_Write
                0x000000000800bd04      0x1f4 ./Drivers/STM32F4xx_HAL_Driver/Src/stm32f4xx_hal_i2c.o
                0x000000000800bd04                HAL_I2C_Mem_Write
 .text.HAL_I2C_Mem_Read
                0x000000000800bef8      0x44c ./Drivers/STM32F4xx_HAL_Driver/Src/stm32f4xx_hal_i2c.o
                0x000000000800bef8                HAL_I2C_Mem_Read
 .text.HAL_I2C_GetState
                0x000000000800c344       0x1c ./Drivers/STM32F4xx_HAL_Driver/Src/stm32f4xx_hal_i2c.o
                0x000000000800c344                HAL_I2C_GetState
 .text.HAL_I2C_GetError
                0x000000000800c360       0x18 ./Drivers/STM32F4xx_HAL_Driver/Src/stm32f4xx_hal_i2c.o
                0x000000000800c360                HAL_I2C_GetError
 .text.I2C_RequestMemoryWrite
                0x000000000800c378      0x12c ./Drivers/STM32F4xx_HAL_Driver/Src/stm32f4xx_hal_i2c.o
 .text.I2C_RequestMemoryRead
                0x000000000800c4a4      0x1d0 ./Drivers/STM32F4xx_HAL_Driver/Src/stm32f4xx_hal_i2c.o
 .text.I2C_WaitOnFlagUntilTimeout
                0x000000000800c674       0xae ./Drivers/STM32F4xx_HAL_Driver/Src/stm32f4xx_hal_i2c.o
 .text.I2C_WaitOnMasterAddressFlagUntilTimeout
                0x000000000800c722       0xfe ./Drivers/STM32F4xx_HAL_Driver/Src/stm32f4xx_hal_i2c.o
 .text.I2C_WaitOnTXEFlagUntilTimeout
                0x000000000800c820       0x82 ./Drivers/STM32F4xx_HAL_Driver/Src/stm32f4xx_hal_i2c.o
 .text.I2C_WaitOnBTFFlagUntilTimeout
                0x000000000800c8a2       0x82 ./Drivers/STM32F4xx_HAL_Driver/Src/stm32f4xx_hal_i2c.o
 .text.I2C_WaitOnRXNEFlagUntilTimeout
                0x000000000800c924       0xac ./Drivers/STM32F4xx_HAL_Driver/Src/stm32f4xx_hal_i2c.o
 .text.I2C_IsAcknowledgeFailed
                0x000000000800c9d0       0x5e ./Drivers/STM32F4xx_HAL_Driver/Src/stm32f4xx_hal_i2c.o
 *fill*         0x000000000800ca2e        0x2 
 .text.HAL_RCC_OscConfig
                0x000000000800ca30      0x4f0 ./Drivers/STM32F4xx_HAL_Driver/Src/stm32f4xx_hal_rcc.o
                0x000000000800ca30                HAL_RCC_OscConfig
 .text.HAL_RCC_ClockConfig
                0x000000000800cf20      0x1cc ./Drivers/STM32F4xx_HAL_Driver/Src/stm32f4xx_hal_rcc.o
                0x000000000800cf20                HAL_RCC_ClockConfig
 .text.HAL_RCC_GetSysClockFreq
                0x000000000800d0ec      0x20c ./Drivers/STM32F4xx_HAL_Driver/Src/stm32f4xx_hal_rcc.o
                0x000000000800d0ec                HAL_RCC_GetSysClockFreq
 .text.HAL_RCC_GetHCLKFreq
                0x000000000800d2f8       0x18 ./Drivers/STM32F4xx_HAL_Driver/Src/stm32f4xx_hal_rcc.o
                0x000000000800d2f8                HAL_RCC_GetHCLKFreq
 .text.HAL_RCC_GetPCLK1Freq
                0x000000000800d310       0x28 ./Drivers/STM32F4xx_HAL_Driver/Src/stm32f4xx_hal_rcc.o
                0x000000000800d310                HAL_RCC_GetPCLK1Freq
 .text.HAL_RCC_GetPCLK2Freq
                0x000000000800d338       0x28 ./Drivers/STM32F4xx_HAL_Driver/Src/stm32f4xx_hal_rcc.o
                0x000000000800d338                HAL_RCC_GetPCLK2Freq
 .text.HAL_SPI_Init
                0x000000000800d360      0x112 ./Drivers/STM32F4xx_HAL_Driver/Src/stm32f4xx_hal_spi.o
                0x000000000800d360                HAL_SPI_Init
 .text.HAL_SPI_MspInit
                0x000000000800d472       0x14 ./Drivers/STM32F4xx_HAL_Driver/Src/stm32f4xx_hal_spi.o
                0x000000000800d472                HAL_SPI_MspInit
 .text.HAL_SPI_TransmitReceive
                0x000000000800d486      0x344 ./Drivers/STM32F4xx_HAL_Driver/Src/stm32f4xx_hal_spi.o
                0x000000000800d486                HAL_SPI_TransmitReceive
 .text.HAL_SPI_GetState
                0x000000000800d7ca       0x1c ./Drivers/STM32F4xx_HAL_Driver/Src/stm32f4xx_hal_spi.o
                0x000000000800d7ca                HAL_SPI_GetState
 *fill*         0x000000000800d7e6        0x2 
 .text.SPI_WaitFlagStateUntilTimeout
                0x000000000800d7e8      0x110 ./Drivers/STM32F4xx_HAL_Driver/Src/stm32f4xx_hal_spi.o
 .text.SPI_EndRxTxTransaction
                0x000000000800d8f8       0x84 ./Drivers/STM32F4xx_HAL_Driver/Src/stm32f4xx_hal_spi.o
 .text.HAL_UART_Init
                0x000000000800d97c       0x9a ./Drivers/STM32F4xx_HAL_Driver/Src/stm32f4xx_hal_uart.o
                0x000000000800d97c                HAL_UART_Init
 .text.HAL_UART_MspInit
                0x000000000800da16       0x14 ./Drivers/STM32F4xx_HAL_Driver/Src/stm32f4xx_hal_uart.o
                0x000000000800da16                HAL_UART_MspInit
 .text.HAL_UART_Transmit
                0x000000000800da2a      0x124 ./Drivers/STM32F4xx_HAL_Driver/Src/stm32f4xx_hal_uart.o
                0x000000000800da2a                HAL_UART_Transmit
 .text.UART_WaitOnFlagUntilTimeout
                0x000000000800db4e       0xdc ./Drivers/STM32F4xx_HAL_Driver/Src/stm32f4xx_hal_uart.o
 *fill*         0x000000000800dc2a        0x2 
 .text.UART_SetConfig
                0x000000000800dc2c      0x4e8 ./Drivers/STM32F4xx_HAL_Driver/Src/stm32f4xx_hal_uart.o
 .text.aci_gap_init_IDB05A1
                0x000000000800e114       0xa0 ./Middlewares/ST/BlueNRG-MS/hci/controller/bluenrg_gap_aci.o
                0x000000000800e114                aci_gap_init_IDB05A1
 .text.aci_gap_init_IDB04A1
                0x000000000800e1b4       0x94 ./Middlewares/ST/BlueNRG-MS/hci/controller/bluenrg_gap_aci.o
                0x000000000800e1b4                aci_gap_init_IDB04A1
 .text.aci_gap_set_discoverable
                0x000000000800e248      0x1d4 ./Middlewares/ST/BlueNRG-MS/hci/controller/bluenrg_gap_aci.o
                0x000000000800e248                aci_gap_set_discoverable
 .text.aci_gap_set_auth_requirement
                0x000000000800e41c       0xae ./Middlewares/ST/BlueNRG-MS/hci/controller/bluenrg_gap_aci.o
                0x000000000800e41c                aci_gap_set_auth_requirement
 .text.aci_gap_update_adv_data
                0x000000000800e4ca       0xa2 ./Middlewares/ST/BlueNRG-MS/hci/controller/bluenrg_gap_aci.o
                0x000000000800e4ca                aci_gap_update_adv_data
 .text.aci_gatt_init
                0x000000000800e56c       0x46 ./Middlewares/ST/BlueNRG-MS/hci/controller/bluenrg_gatt_aci.o
                0x000000000800e56c                aci_gatt_init
 .text.aci_gatt_add_serv
                0x000000000800e5b2      0x112 ./Middlewares/ST/BlueNRG-MS/hci/controller/bluenrg_gatt_aci.o
                0x000000000800e5b2                aci_gatt_add_serv
 .text.aci_gatt_add_char
                0x000000000800e6c4      0x196 ./Middlewares/ST/BlueNRG-MS/hci/controller/bluenrg_gatt_aci.o
                0x000000000800e6c4                aci_gatt_add_char
 .text.aci_gatt_update_char_value
                0x000000000800e85a      0x120 ./Middlewares/ST/BlueNRG-MS/hci/controller/bluenrg_gatt_aci.o
                0x000000000800e85a                aci_gatt_update_char_value
 .text.aci_gatt_allow_read
                0x000000000800e97a       0x5a ./Middlewares/ST/BlueNRG-MS/hci/controller/bluenrg_gatt_aci.o
                0x000000000800e97a                aci_gatt_allow_read
 .text.aci_hal_read_config_data
                0x000000000800e9d4       0xaa ./Middlewares/ST/BlueNRG-MS/hci/controller/bluenrg_hal_aci.o
                0x000000000800e9d4                aci_hal_read_config_data
 .text.aci_hal_set_tx_power_level
                0x000000000800ea7e       0x62 ./Middlewares/ST/BlueNRG-MS/hci/controller/bluenrg_hal_aci.o
                0x000000000800ea7e                aci_hal_set_tx_power_level
 .text.getBlueNRGVersion
                0x000000000800eae0       0x88 ./Middlewares/ST/BlueNRG-MS/hci/controller/bluenrg_utils_small.o
                0x000000000800eae0                getBlueNRGVersion
 .text.hci_reset
                0x000000000800eb68       0x44 ./Middlewares/ST/BlueNRG-MS/hci/hci_le.o
                0x000000000800eb68                hci_reset
 .text.hci_le_read_local_version
                0x000000000800ebac       0x94 ./Middlewares/ST/BlueNRG-MS/hci/hci_le.o
                0x000000000800ebac                hci_le_read_local_version
 .text.hci_le_set_scan_resp_data
                0x000000000800ec40       0x82 ./Middlewares/ST/BlueNRG-MS/hci/hci_le.o
                0x000000000800ec40                hci_le_set_scan_resp_data
 .text.verify_packet
                0x000000000800ecc2       0x40 ./Middlewares/ST/BlueNRG-MS/hci/hci_tl_patterns/Basic/hci_tl.o
 *fill*         0x000000000800ed02        0x2 
 .text.send_cmd
                0x000000000800ed04       0x80 ./Middlewares/ST/BlueNRG-MS/hci/hci_tl_patterns/Basic/hci_tl.o
 .text.move_list
                0x000000000800ed84       0x38 ./Middlewares/ST/BlueNRG-MS/hci/hci_tl_patterns/Basic/hci_tl.o
 .text.free_event_list
                0x000000000800edbc       0x3c ./Middlewares/ST/BlueNRG-MS/hci/hci_tl_patterns/Basic/hci_tl.o
 .text.hci_init
                0x000000000800edf8       0x84 ./Middlewares/ST/BlueNRG-MS/hci/hci_tl_patterns/Basic/hci_tl.o
                0x000000000800edf8                hci_init
 .text.hci_register_io_bus
                0x000000000800ee7c       0x40 ./Middlewares/ST/BlueNRG-MS/hci/hci_tl_patterns/Basic/hci_tl.o
                0x000000000800ee7c                hci_register_io_bus
 .text.hci_send_req
                0x000000000800eebc      0x234 ./Middlewares/ST/BlueNRG-MS/hci/hci_tl_patterns/Basic/hci_tl.o
                0x000000000800eebc                hci_send_req
 .text.hci_user_evt_proc
                0x000000000800f0f0       0x58 ./Middlewares/ST/BlueNRG-MS/hci/hci_tl_patterns/Basic/hci_tl.o
                0x000000000800f0f0                hci_user_evt_proc
 .text.hci_notify_asynch_evt
                0x000000000800f148       0x9c ./Middlewares/ST/BlueNRG-MS/hci/hci_tl_patterns/Basic/hci_tl.o
                0x000000000800f148                hci_notify_asynch_evt
 .text.list_init_head
                0x000000000800f1e4       0x20 ./Middlewares/ST/BlueNRG-MS/utils/ble_list.o
                0x000000000800f1e4                list_init_head
 .text.list_is_empty
                0x000000000800f204       0x44 ./Middlewares/ST/BlueNRG-MS/utils/ble_list.o
                0x000000000800f204                list_is_empty
 .text.list_insert_head
                0x000000000800f248       0x4c ./Middlewares/ST/BlueNRG-MS/utils/ble_list.o
                0x000000000800f248                list_insert_head
 .text.list_insert_tail
                0x000000000800f294       0x4c ./Middlewares/ST/BlueNRG-MS/utils/ble_list.o
                0x000000000800f294                list_insert_tail
 .text.list_remove_node
                0x000000000800f2e0       0x42 ./Middlewares/ST/BlueNRG-MS/utils/ble_list.o
                0x000000000800f2e0                list_remove_node
 .text.list_remove_head
                0x000000000800f322       0x4e ./Middlewares/ST/BlueNRG-MS/utils/ble_list.o
                0x000000000800f322                list_remove_head
 .text.list_remove_tail
                0x000000000800f370       0x4e ./Middlewares/ST/BlueNRG-MS/utils/ble_list.o
                0x000000000800f370                list_remove_tail
 .text.list_get_size
                0x000000000800f3be       0x50 ./Middlewares/ST/BlueNRG-MS/utils/ble_list.o
                0x000000000800f3be                list_get_size
 *fill*         0x000000000800f40e        0x2 
 .text.__errno  0x000000000800f410        0xc c:/st/stm32cubeide_1.12.1/stm32cubeide/plugins/com.st.stm32cube.ide.mcu.externaltools.gnu-tools-for-stm32.10.3-2021.10.win32_1.0.200.202301161003/tools/bin/../lib/gcc/arm-none-eabi/10.3.1/../../../../arm-none-eabi/lib/thumb/v7e-m+fp/hard\libc_nano.a(lib_a-errno.o)
                0x000000000800f410                __errno
 .text.__libc_init_array
                0x000000000800f41c       0x48 c:/st/stm32cubeide_1.12.1/stm32cubeide/plugins/com.st.stm32cube.ide.mcu.externaltools.gnu-tools-for-stm32.10.3-2021.10.win32_1.0.200.202301161003/tools/bin/../lib/gcc/arm-none-eabi/10.3.1/../../../../arm-none-eabi/lib/thumb/v7e-m+fp/hard\libc_nano.a(lib_a-init.o)
                0x000000000800f41c                __libc_init_array
 .text.memcpy   0x000000000800f464       0x1c c:/st/stm32cubeide_1.12.1/stm32cubeide/plugins/com.st.stm32cube.ide.mcu.externaltools.gnu-tools-for-stm32.10.3-2021.10.win32_1.0.200.202301161003/tools/bin/../lib/gcc/arm-none-eabi/10.3.1/../../../../arm-none-eabi/lib/thumb/v7e-m+fp/hard\libc_nano.a(lib_a-memcpy-stub.o)
                0x000000000800f464                memcpy
 .text.memset   0x000000000800f480       0x10 c:/st/stm32cubeide_1.12.1/stm32cubeide/plugins/com.st.stm32cube.ide.mcu.externaltools.gnu-tools-for-stm32.10.3-2021.10.win32_1.0.200.202301161003/tools/bin/../lib/gcc/arm-none-eabi/10.3.1/../../../../arm-none-eabi/lib/thumb/v7e-m+fp/hard\libc_nano.a(lib_a-memset.o)
                0x000000000800f480                memset
 .text.srand    0x000000000800f490       0x5c c:/st/stm32cubeide_1.12.1/stm32cubeide/plugins/com.st.stm32cube.ide.mcu.externaltools.gnu-tools-for-stm32.10.3-2021.10.win32_1.0.200.202301161003/tools/bin/../lib/gcc/arm-none-eabi/10.3.1/../../../../arm-none-eabi/lib/thumb/v7e-m+fp/hard\libc_nano.a(lib_a-rand.o)
                0x000000000800f490                srand
 .text.rand     0x000000000800f4ec       0x7c c:/st/stm32cubeide_1.12.1/stm32cubeide/plugins/com.st.stm32cube.ide.mcu.externaltools.gnu-tools-for-stm32.10.3-2021.10.win32_1.0.200.202301161003/tools/bin/../lib/gcc/arm-none-eabi/10.3.1/../../../../arm-none-eabi/lib/thumb/v7e-m+fp/hard\libc_nano.a(lib_a-rand.o)
                0x000000000800f4ec                rand
 .text.__assert_func
                0x000000000800f568       0x3c c:/st/stm32cubeide_1.12.1/stm32cubeide/plugins/com.st.stm32cube.ide.mcu.externaltools.gnu-tools-for-stm32.10.3-2021.10.win32_1.0.200.202301161003/tools/bin/../lib/gcc/arm-none-eabi/10.3.1/../../../../arm-none-eabi/lib/thumb/v7e-m+fp/hard\libc_nano.a(lib_a-assert.o)
                0x000000000800f568                __assert_func
 .text.fprintf  0x000000000800f5a4       0x24 c:/st/stm32cubeide_1.12.1/stm32cubeide/plugins/com.st.stm32cube.ide.mcu.externaltools.gnu-tools-for-stm32.10.3-2021.10.win32_1.0.200.202301161003/tools/bin/../lib/gcc/arm-none-eabi/10.3.1/../../../../arm-none-eabi/lib/thumb/v7e-m+fp/hard\libc_nano.a(lib_a-fprintf.o)
                0x000000000800f5a4                fiprintf
                0x000000000800f5a4                fprintf
 .text.malloc   0x000000000800f5c8       0x10 c:/st/stm32cubeide_1.12.1/stm32cubeide/plugins/com.st.stm32cube.ide.mcu.externaltools.gnu-tools-for-stm32.10.3-2021.10.win32_1.0.200.202301161003/tools/bin/../lib/gcc/arm-none-eabi/10.3.1/../../../../arm-none-eabi/lib/thumb/v7e-m+fp/hard\libc_nano.a(lib_a-malloc.o)
                0x000000000800f5c8                malloc
 .text._free_r  0x000000000800f5d8       0x98 c:/st/stm32cubeide_1.12.1/stm32cubeide/plugins/com.st.stm32cube.ide.mcu.externaltools.gnu-tools-for-stm32.10.3-2021.10.win32_1.0.200.202301161003/tools/bin/../lib/gcc/arm-none-eabi/10.3.1/../../../../arm-none-eabi/lib/thumb/v7e-m+fp/hard\libc_nano.a(lib_a-nano-freer.o)
                0x000000000800f5d8                _free_r
 .text.sbrk_aligned
                0x000000000800f670       0x40 c:/st/stm32cubeide_1.12.1/stm32cubeide/plugins/com.st.stm32cube.ide.mcu.externaltools.gnu-tools-for-stm32.10.3-2021.10.win32_1.0.200.202301161003/tools/bin/../lib/gcc/arm-none-eabi/10.3.1/../../../../arm-none-eabi/lib/thumb/v7e-m+fp/hard\libc_nano.a(lib_a-nano-mallocr.o)
 .text._malloc_r
                0x000000000800f6b0       0xe8 c:/st/stm32cubeide_1.12.1/stm32cubeide/plugins/com.st.stm32cube.ide.mcu.externaltools.gnu-tools-for-stm32.10.3-2021.10.win32_1.0.200.202301161003/tools/bin/../lib/gcc/arm-none-eabi/10.3.1/../../../../arm-none-eabi/lib/thumb/v7e-m+fp/hard\libc_nano.a(lib_a-nano-mallocr.o)
                0x000000000800f6b0                _malloc_r
 .text.__sfputc_r
                0x000000000800f798       0x2e c:/st/stm32cubeide_1.12.1/stm32cubeide/plugins/com.st.stm32cube.ide.mcu.externaltools.gnu-tools-for-stm32.10.3-2021.10.win32_1.0.200.202301161003/tools/bin/../lib/gcc/arm-none-eabi/10.3.1/../../../../arm-none-eabi/lib/thumb/v7e-m+fp/hard\libc_nano.a(lib_a-nano-vfprintf.o)
 .text.__sfputs_r
                0x000000000800f7c6       0x24 c:/st/stm32cubeide_1.12.1/stm32cubeide/plugins/com.st.stm32cube.ide.mcu.externaltools.gnu-tools-for-stm32.10.3-2021.10.win32_1.0.200.202301161003/tools/bin/../lib/gcc/arm-none-eabi/10.3.1/../../../../arm-none-eabi/lib/thumb/v7e-m+fp/hard\libc_nano.a(lib_a-nano-vfprintf.o)
                0x000000000800f7c6                __sfputs_r
 *fill*         0x000000000800f7ea        0x2 
 .text._vfprintf_r
                0x000000000800f7ec      0x260 c:/st/stm32cubeide_1.12.1/stm32cubeide/plugins/com.st.stm32cube.ide.mcu.externaltools.gnu-tools-for-stm32.10.3-2021.10.win32_1.0.200.202301161003/tools/bin/../lib/gcc/arm-none-eabi/10.3.1/../../../../arm-none-eabi/lib/thumb/v7e-m+fp/hard\libc_nano.a(lib_a-nano-vfprintf.o)
                0x000000000800f7ec                _vfprintf_r
                0x000000000800f7ec                _vfiprintf_r
 .text._printf_common
                0x000000000800fa4c       0xda c:/st/stm32cubeide_1.12.1/stm32cubeide/plugins/com.st.stm32cube.ide.mcu.externaltools.gnu-tools-for-stm32.10.3-2021.10.win32_1.0.200.202301161003/tools/bin/../lib/gcc/arm-none-eabi/10.3.1/../../../../arm-none-eabi/lib/thumb/v7e-m+fp/hard\libc_nano.a(lib_a-nano-vfprintf_i.o)
                0x000000000800fa4c                _printf_common
 *fill*         0x000000000800fb26        0x2 
 .text._printf_i
                0x000000000800fb28      0x24c c:/st/stm32cubeide_1.12.1/stm32cubeide/plugins/com.st.stm32cube.ide.mcu.externaltools.gnu-tools-for-stm32.10.3-2021.10.win32_1.0.200.202301161003/tools/bin/../lib/gcc/arm-none-eabi/10.3.1/../../../../arm-none-eabi/lib/thumb/v7e-m+fp/hard\libc_nano.a(lib_a-nano-vfprintf_i.o)
                0x000000000800fb28                _printf_i
 .text._sbrk_r  0x000000000800fd74       0x20 c:/st/stm32cubeide_1.12.1/stm32cubeide/plugins/com.st.stm32cube.ide.mcu.externaltools.gnu-tools-for-stm32.10.3-2021.10.win32_1.0.200.202301161003/tools/bin/../lib/gcc/arm-none-eabi/10.3.1/../../../../arm-none-eabi/lib/thumb/v7e-m+fp/hard\libc_nano.a(lib_a-sbrkr.o)
                0x000000000800fd74                _sbrk_r
 .text.__swbuf_r
                0x000000000800fd94       0xa4 c:/st/stm32cubeide_1.12.1/stm32cubeide/plugins/com.st.stm32cube.ide.mcu.externaltools.gnu-tools-for-stm32.10.3-2021.10.win32_1.0.200.202301161003/tools/bin/../lib/gcc/arm-none-eabi/10.3.1/../../../../arm-none-eabi/lib/thumb/v7e-m+fp/hard\libc_nano.a(lib_a-wbuf.o)
                0x000000000800fd94                __swbuf_r
 .text.__swsetup_r
                0x000000000800fe38       0xdc c:/st/stm32cubeide_1.12.1/stm32cubeide/plugins/com.st.stm32cube.ide.mcu.externaltools.gnu-tools-for-stm32.10.3-2021.10.win32_1.0.200.202301161003/tools/bin/../lib/gcc/arm-none-eabi/10.3.1/../../../../arm-none-eabi/lib/thumb/v7e-m+fp/hard\libc_nano.a(lib_a-wsetup.o)
                0x000000000800fe38                __swsetup_r
 .text.abort    0x000000000800ff14        0xe c:/st/stm32cubeide_1.12.1/stm32cubeide/plugins/com.st.stm32cube.ide.mcu.externaltools.gnu-tools-for-stm32.10.3-2021.10.win32_1.0.200.202301161003/tools/bin/../lib/gcc/arm-none-eabi/10.3.1/../../../../arm-none-eabi/lib/thumb/v7e-m+fp/hard\libc_nano.a(lib_a-abort.o)
                0x000000000800ff14                abort
 *fill*         0x000000000800ff22        0x2 
 .text.__sflush_r
                0x000000000800ff24      0x10c c:/st/stm32cubeide_1.12.1/stm32cubeide/plugins/com.st.stm32cube.ide.mcu.externaltools.gnu-tools-for-stm32.10.3-2021.10.win32_1.0.200.202301161003/tools/bin/../lib/gcc/arm-none-eabi/10.3.1/../../../../arm-none-eabi/lib/thumb/v7e-m+fp/hard\libc_nano.a(lib_a-fflush.o)
                0x000000000800ff24                __sflush_r
 .text._fflush_r
                0x0000000008010030       0x78 c:/st/stm32cubeide_1.12.1/stm32cubeide/plugins/com.st.stm32cube.ide.mcu.externaltools.gnu-tools-for-stm32.10.3-2021.10.win32_1.0.200.202301161003/tools/bin/../lib/gcc/arm-none-eabi/10.3.1/../../../../arm-none-eabi/lib/thumb/v7e-m+fp/hard\libc_nano.a(lib_a-fflush.o)
                0x0000000008010030                _fflush_r
 .text.std      0x00000000080100a8       0x48 c:/st/stm32cubeide_1.12.1/stm32cubeide/plugins/com.st.stm32cube.ide.mcu.externaltools.gnu-tools-for-stm32.10.3-2021.10.win32_1.0.200.202301161003/tools/bin/../lib/gcc/arm-none-eabi/10.3.1/../../../../arm-none-eabi/lib/thumb/v7e-m+fp/hard\libc_nano.a(lib_a-findfp.o)
 .text._cleanup_r
                0x00000000080100f0        0xc c:/st/stm32cubeide_1.12.1/stm32cubeide/plugins/com.st.stm32cube.ide.mcu.externaltools.gnu-tools-for-stm32.10.3-2021.10.win32_1.0.200.202301161003/tools/bin/../lib/gcc/arm-none-eabi/10.3.1/../../../../arm-none-eabi/lib/thumb/v7e-m+fp/hard\libc_nano.a(lib_a-findfp.o)
                0x00000000080100f0                _cleanup_r
 .text.__sfmoreglue
                0x00000000080100fc       0x2c c:/st/stm32cubeide_1.12.1/stm32cubeide/plugins/com.st.stm32cube.ide.mcu.externaltools.gnu-tools-for-stm32.10.3-2021.10.win32_1.0.200.202301161003/tools/bin/../lib/gcc/arm-none-eabi/10.3.1/../../../../arm-none-eabi/lib/thumb/v7e-m+fp/hard\libc_nano.a(lib_a-findfp.o)